 GameTest

 Timestamp is 5db30afb (Fri Oct 25 16:47:23 2019)

 Preferred load address is 0000000140000000

 Start         Length     Name                   Class
 0001:00000000 00010000H .textbss                DATA
 0002:00000000 000030e0H .text$di                CODE
 0002:000030e0 000181c0H .text$mn                CODE
 0002:0001b2a0 00001020H .text$mn$00             CODE
 0002:0001c2c0 000015e0H .text$x                 CODE
 0002:0001d8a0 000010e8H .text$yd                CODE
 0003:00000000 00000110H .CRT$XCA                DATA
 0003:00000110 00000110H .CRT$XCAA               DATA
 0003:00000220 00000140H .CRT$XCU                DATA
 0003:00000360 00000110H .CRT$XCZ                DATA
 0003:00000470 00000110H .CRT$XIA                DATA
 0003:00000580 00000110H .CRT$XIAA               DATA
 0003:00000690 00000110H .CRT$XIAC               DATA
 0003:000007a0 00000110H .CRT$XIC                DATA
 0003:000008b0 00000110H .CRT$XIZ                DATA
 0003:000009c0 00000008H .CRT$XLA                DATA
 0003:000009c8 00000008H .CRT$XLZ                DATA
 0003:000009d0 00000110H .CRT$XPA                DATA
 0003:00000ae0 00000110H .CRT$XPZ                DATA
 0003:00000bf0 00000110H .CRT$XTA                DATA
 0003:00000d00 00000110H .CRT$XTZ                DATA
 0003:00000e10 00008718H .rdata                  DATA
 0003:00009528 00000130H .rdata$T                DATA
 0003:00009658 00000348H .rdata$r                DATA
 0003:000099a0 00000190H .rdata$zzzdbg           DATA
 0003:00009b30 00000110H .rtc$IAA                DATA
 0003:00009c40 000001c0H .rtc$IMZ                DATA
 0003:00009e00 00000110H .rtc$IZZ                DATA
 0003:00009f10 00000110H .rtc$TAA                DATA
 0003:0000a020 000001c0H .rtc$TMZ                DATA
 0003:0000a1e0 00000110H .rtc$TZZ                DATA
 0003:0000a2f0 000033c0H .xdata                  DATA
 0003:0000d6b0 00000209H .xdata$x                DATA
 0003:0000d8b9 00000000H .edata                  DATA
 0004:00000000 00000190H .data                   DATA
 0004:00000190 000001d0H .data$r                 DATA
 0004:00000360 00000980H .bss                    DATA
 0005:00000000 000035d0H .pdata                  DATA
 0006:00000000 00000928H .idata$5                DATA
 0006:00000928 000000dcH .idata$2                DATA
 0006:00000a04 00000014H .idata$3                DATA
 0006:00000a18 00000928H .idata$4                DATA
 0006:00001340 00000d4aH .idata$6                DATA
 0007:00000000 000002f9H .msvcjmc                DATA
 0008:00000000 00000104H .tls                    DATA
 0008:00000104 00000104H .tls$                   DATA
 0008:00000208 00000101H .tls$ZZZ                DATA
 0009:00000000 0000011bH .00cfg                  DATA
 000a:00000000 00000170H .rsrc$01                DATA
 000a:00000170 000002ccH .rsrc$02                DATA

  Address         Publics by Value              Rva+Base               Lib:Object

 0000:00000000       __guard_iat_table          0000000000000000     <absolute>
 0000:00000000       ___safe_se_handler_count   0000000000000000     <absolute>
 0000:00000000       __guard_longjmp_table      0000000000000000     <absolute>
 0000:00000000       __volatile_metadata        0000000000000000     <absolute>
 0000:00000000       __hybrid_auxiliary_iat     0000000000000000     <absolute>
 0000:00000000       __guard_iat_count          0000000000000000     <absolute>
 0000:00000000       __dynamic_value_reloc_table 0000000000000000     <absolute>
 0000:00000000       __enclave_config           0000000000000000     <absolute>
 0000:00000000       __guard_fids_count         0000000000000000     <absolute>
 0000:00000000       ___safe_se_handler_table   0000000000000000     <absolute>
 0000:00000000       __guard_fids_table         0000000000000000     <absolute>
 0000:00000000       __hybrid_code_map          0000000000000000     <absolute>
 0000:00000000       __AbsoluteZero             0000000000000000     <absolute>
 0000:00000000       __guard_longjmp_count      0000000000000000     <absolute>
 0000:00000000       __hybrid_code_map_count    0000000000000000     <absolute>
 0000:00000100       __guard_flags              0000000000000100     <absolute>
 0000:00000000       __ImageBase                0000000140000000     <linker-defined>
 0001:00000000       __enc$textbss$begin        0000000140001000     <linker-defined>
 0001:00010000       __enc$textbss$end          0000000140011000     <linker-defined>
 0002:000030e0       ?areColliding@@YA_NAEBUAABB@@0@Z 00000001400140e0 f   AABB.obj
 0002:000031c0       __JustMyCode_Default       00000001400141c0 f i AABB.obj
 0002:000031d0       ??0Door@@QEAA@MMMM@Z       00000001400141d0 f   Door.obj
 0002:00003370       ??1Door@@QEAA@XZ           0000000140014370 f   Door.obj
 0002:000033d0       ?IsInside@Door@@QEAA_NMM@Z 00000001400143d0 f   Door.obj
 0002:000034a0       ?Render@Door@@QEAAXXZ      00000001400144a0 f   Door.obj
 0002:00003710       ?StartEndGame@Door@@QEAAXXZ 0000000140014710 f   Door.obj
 0002:000037c0       ?Update@Door@@QEAAXM@Z     00000001400147c0 f   Door.obj
 0002:00003900       ??$?0$$V@?$_Compressed_pair@V?$allocator@VLaserWall@@@std@@V?$_Vector_val@U?$_Simple_types@VLaserWall@@@std@@@2@$00@std@@QEAA@U_Zero_then_variadic_args_t@1@@Z 0000000140014900 f i GameTest.obj
 0002:00003980       ??$?0VLaserWall@@@?$allocator@U_Container_proxy@std@@@std@@QEAA@AEBV?$allocator@VLaserWall@@@1@@Z 0000000140014980 f i GameTest.obj
 0002:000039e0       ??$_Alloc_proxy@V?$allocator@U_Container_proxy@std@@@std@@@_Container_base12@std@@QEAAX$$QEAV?$allocator@U_Container_proxy@std@@@1@@Z 00000001400149e0 f i GameTest.obj
 0002:00003ab0       ??$_Allocate@$0BA@U_Default_allocate_traits@std@@$0A@@std@@YAPEAX_K@Z 0000000140014ab0 f i GameTest.obj
 0002:00003b50       ??$_Allocate_manually_vector_aligned@U_Default_allocate_traits@std@@@std@@YAPEAX_K@Z 0000000140014b50 f i GameTest.obj
 0002:00003cd0       ??$_Construct_in_place@U_Container_proxy@std@@PEAU_Container_base12@2@@std@@YAXAEAU_Container_proxy@0@$$QEAPEAU_Container_base12@0@@Z 0000000140014cd0 f i GameTest.obj
 0002:00003d80       ??$_Deallocate@$0BA@$0A@@std@@YAXPEAX_K@Z 0000000140014d80 f i GameTest.obj
 0002:00003e20       ??$_Deallocate_plain@V?$allocator@U_Container_proxy@std@@@std@@@std@@YAXAEAV?$allocator@U_Container_proxy@std@@@0@QEAU_Container_proxy@0@@Z 0000000140014e20 f i GameTest.obj
 0002:00003ea0       ??$_Delete_plain_internal@V?$allocator@U_Container_proxy@std@@@std@@@std@@YAXAEAV?$allocator@U_Container_proxy@std@@@0@QEAU_Container_proxy@0@@Z 0000000140014ea0 f i GameTest.obj
 0002:00003f10       ??$_Destroy_range@V?$allocator@VLaserWall@@@std@@@std@@YAXPEAVLaserWall@@QEAV1@AEAV?$allocator@VLaserWall@@@0@@Z 0000000140014f10 f i GameTest.obj
 0002:00003fd0       ??$_Emplace_back@VLaserWall@@@?$_Uninitialized_backout_al@V?$allocator@VLaserWall@@@std@@@std@@QEAAX$$QEAVLaserWall@@@Z 0000000140014fd0 f i GameTest.obj
 0002:000040a0       ??$_Emplace_back_with_unused_capacity@AEBVLaserWall@@@?$vector@VLaserWall@@V?$allocator@VLaserWall@@@std@@@std@@AEAA@AEBVLaserWall@@@Z 00000001400150a0 f i GameTest.obj
 0002:000041c0       ??$_Emplace_reallocate@AEBVLaserWall@@@?$vector@VLaserWall@@V?$allocator@VLaserWall@@@std@@@std@@QEAAPEAVLaserWall@@QEAV2@AEBV2@@Z 00000001400151c0 f i GameTest.obj
 0002:000044d0       ??$_Get_size_of_n@$0BA@@std@@YA_K_K@Z 00000001400154d0 f i GameTest.obj
 0002:00004560       ??$_Get_unwrapped@VLaserWall@@@std@@YAPEAVLaserWall@@QEAV1@@Z 0000000140015560 f i GameTest.obj
 0002:000045c0       ??$_Min_value@_K@std@@YAAEB_KAEB_K0@Z 00000001400155c0 f i GameTest.obj
 0002:00004680       ??$_Unfancy@U_Container_proxy@std@@@std@@YAPEAU_Container_proxy@0@PEAU10@@Z 0000000140015680 f i GameTest.obj
 0002:000046e0       ??$_Unfancy@VLaserWall@@@std@@YAPEAVLaserWall@@PEAV1@@Z 00000001400156e0 f i GameTest.obj
 0002:00004740       ??$_Uninitialized_move@PEAVLaserWall@@V?$allocator@VLaserWall@@@std@@@std@@YAPEAVLaserWall@@QEAV1@0PEAV1@AEAV?$allocator@VLaserWall@@@0@@Z 0000000140015740 f i GameTest.obj
 0002:000048a0       ??$addressof@U_Container_proxy@std@@@std@@YAPEAU_Container_proxy@0@AEAU10@@Z 00000001400158a0 f i GameTest.obj
 0002:00004900       ??$construct@VLaserWall@@AEBV1@@?$_Default_allocator_traits@V?$allocator@VLaserWall@@@std@@@std@@SAXAEAV?$allocator@VLaserWall@@@1@QEAVLaserWall@@AEBV3@@Z 0000000140015900 f i GameTest.obj
 0002:000049b0       ??$construct@VLaserWall@@V1@@?$_Default_allocator_traits@V?$allocator@VLaserWall@@@std@@@std@@SAXAEAV?$allocator@VLaserWall@@@1@QEAVLaserWall@@$$QEAV3@@Z 00000001400159b0 f i GameTest.obj
 0002:00004a60       ??$destroy@VLaserWall@@@?$_Default_allocator_traits@V?$allocator@VLaserWall@@@std@@@std@@SAXAEAV?$allocator@VLaserWall@@@1@QEAVLaserWall@@@Z 0000000140015a60 f i GameTest.obj
 0002:00004ad0       ??$emplace_back@AEBVLaserWall@@@?$vector@VLaserWall@@V?$allocator@VLaserWall@@@std@@@std@@QEAA@AEBVLaserWall@@@Z 0000000140015ad0 f i GameTest.obj
 0002:00004bb0       ??$exchange@PEAU_Container_proxy@std@@$$T@std@@YAPEAU_Container_proxy@0@AEAPEAU10@$$QEA$$T@Z 0000000140015bb0 f i GameTest.obj
 0002:00004c40       ??$forward@AEBVLaserWall@@@std@@YAAEBVLaserWall@@AEBV1@@Z 0000000140015c40 f i GameTest.obj
 0002:00004ca0       ??$forward@PEAU_Container_base12@std@@@std@@YA$$QEAPEAU_Container_base12@0@AEAPEAU10@@Z 0000000140015ca0 f i GameTest.obj
 0002:00004d00       ??$forward@VLaserWall@@@std@@YA$$QEAVLaserWall@@AEAV1@@Z 0000000140015d00 f i GameTest.obj
 0002:00004d60       ??$move@AEAVLaserWall@@@std@@YA$$QEAVLaserWall@@AEAV1@@Z 0000000140015d60 f i GameTest.obj
 0002:00004dc0       ??0?$_Uninitialized_backout_al@V?$allocator@VLaserWall@@@std@@@std@@QEAA@PEAVLaserWall@@AEAV?$allocator@VLaserWall@@@1@@Z 0000000140015dc0 f i GameTest.obj
 0002:00004e70       ??0?$_Vector_val@U?$_Simple_types@VLaserWall@@@std@@@std@@QEAA@XZ 0000000140015e70 f i GameTest.obj
 0002:00004f10       ??0?$allocator@VLaserWall@@@std@@QEAA@XZ 0000000140015f10 f i GameTest.obj
 0002:00004f70       ??0?$vector@VLaserWall@@V?$allocator@VLaserWall@@@std@@@std@@QEAA@XZ 0000000140015f70 f i GameTest.obj
 0002:00005020       ??0_Container_base12@std@@QEAA@XZ 0000000140016020 f i GameTest.obj
 0002:00005090       ??0_Container_proxy@std@@QEAA@PEAU_Container_base12@1@@Z 0000000140016090 f i GameTest.obj
 0002:00005120       ??0bad_alloc@std@@AEAA@QEBD@Z 0000000140016120 f i GameTest.obj
 0002:000051c0       ??0bad_alloc@std@@QEAA@AEBV01@@Z 00000001400161c0 f i GameTest.obj
 0002:00005240       ??0bad_array_new_length@std@@QEAA@AEBV01@@Z 0000000140016240 f i GameTest.obj
 0002:000052c0       ??0bad_array_new_length@std@@QEAA@XZ 00000001400162c0 f i GameTest.obj
 0002:00005350       ??0exception@std@@QEAA@AEBV01@@Z 0000000140016350 f i GameTest.obj
 0002:00005410       ??0exception@std@@QEAA@QEBDH@Z 0000000140016410 f i GameTest.obj
 0002:000054c0       ??1?$_Uninitialized_backout_al@V?$allocator@VLaserWall@@@std@@@std@@QEAA@XZ 00000001400164c0 f i GameTest.obj
 0002:00005540       ??1?$vector@VLaserWall@@V?$allocator@VLaserWall@@@std@@@std@@QEAA@XZ 0000000140016540 f i GameTest.obj
 0002:00005650       ??1LaserWall@@QEAA@XZ      0000000140016650 f i GameTest.obj
 0002:000056b0       ??1bad_alloc@std@@UEAA@XZ  00000001400166b0 f i GameTest.obj
 0002:00005700       ??1bad_array_new_length@std@@UEAA@XZ 0000000140016700 f i GameTest.obj
 0002:00005750       ??1exception@std@@UEAA@XZ  0000000140016750 f i GameTest.obj
 0002:000057d0       ??2@YAPEAX_KPEAX@Z         00000001400167d0 f i GameTest.obj
 0002:00005830       ??_GDoor@@QEAAPEAXI@Z      0000000140016830 f i GameTest.obj
 0002:000058c0       ??_GLaserWall@@QEAAPEAXI@Z 00000001400168c0 f i GameTest.obj
 0002:00005950       ??_GMainCharacter@@QEAAPEAXI@Z 0000000140016950 f i GameTest.obj
 0002:000059e0       ??_Ebad_alloc@std@@UEAAPEAXI@Z 00000001400169e0 f i GameTest.obj
 0002:000059e0       ??_Gbad_alloc@std@@UEAAPEAXI@Z 00000001400169e0 f i GameTest.obj
 0002:00005a70       ??_Gbad_array_new_length@std@@UEAAPEAXI@Z 0000000140016a70 f i GameTest.obj
 0002:00005a70       ??_Ebad_array_new_length@std@@UEAAPEAXI@Z 0000000140016a70 f i GameTest.obj
 0002:00005b00       ??_Eexception@std@@UEAAPEAXI@Z 0000000140016b00 f i GameTest.obj
 0002:00005b00       ??_Gexception@std@@UEAAPEAXI@Z 0000000140016b00 f i GameTest.obj
 0002:00005b90       ?CheckButton@CController@@QEBA_NH_N@Z 0000000140016b90 f i GameTest.obj
 0002:00005c80       ?GetAABB@Door@@QEBAAEBUAABB@@XZ 0000000140016c80 f i GameTest.obj
 0002:00005ce0       ?GetAABB@LaserWall@@QEBAAEBUAABB@@XZ 0000000140016ce0 f i GameTest.obj
 0002:00005d40       ?GetAABB@MainCharacter@@QEBAAEBUAABB@@XZ 0000000140016d40 f i GameTest.obj
 0002:00005da0       ?Init@@YAXXZ               0000000140016da0 f   GameTest.obj
 0002:00006190       ?Render@@YAXXZ             0000000140017190 f   GameTest.obj
 0002:00006380       ?Shutdown@@YAXXZ           0000000140017380 f   GameTest.obj
 0002:00006460       ?StartEndGame@@YAXXZ       0000000140017460 f   GameTest.obj
 0002:00006500       ?Update@@YAXM@Z            0000000140017500 f   GameTest.obj
 0002:00006710       ?_Adjust_manually_vector_aligned@std@@YAXAEAPEAXAEA_K@Z 0000000140017710 f i GameTest.obj
 0002:00006970       ?_Allocate@_Default_allocate_traits@std@@SAPEAX_K@Z 0000000140017970 f i GameTest.obj
 0002:000069d0       ?_Calculate_growth@?$vector@VLaserWall@@V?$allocator@VLaserWall@@@std@@@std@@AEBA_K_K@Z 00000001400179d0 f i GameTest.obj
 0002:00006ad0       ?_Change_array@?$vector@VLaserWall@@V?$allocator@VLaserWall@@@std@@@std@@AEAAXQEAVLaserWall@@_K1@Z 0000000140017ad0 f i GameTest.obj
 0002:00006c50       ?_Destroy@?$vector@VLaserWall@@V?$allocator@VLaserWall@@@std@@@std@@AEAAXPEAVLaserWall@@0@Z 0000000140017c50 f i GameTest.obj
 0002:00006ce0       ?_Get_first@?$_Compressed_pair@V?$allocator@VLaserWall@@@std@@V?$_Vector_val@U?$_Simple_types@VLaserWall@@@std@@@2@$00@std@@QEAAAEAV?$allocator@VLaserWall@@@2@XZ 0000000140017ce0 f i GameTest.obj
 0002:00006d40       ?_Get_first@?$_Compressed_pair@V?$allocator@VLaserWall@@@std@@V?$_Vector_val@U?$_Simple_types@VLaserWall@@@std@@@2@$00@std@@QEBAAEBV?$allocator@VLaserWall@@@2@XZ 0000000140017d40 f i GameTest.obj
 0002:00006da0       ?_Getal@?$vector@VLaserWall@@V?$allocator@VLaserWall@@@std@@@std@@AEAAAEAV?$allocator@VLaserWall@@@2@XZ 0000000140017da0 f i GameTest.obj
 0002:00006e10       ?_Getal@?$vector@VLaserWall@@V?$allocator@VLaserWall@@@std@@@std@@AEBAAEBV?$allocator@VLaserWall@@@2@XZ 0000000140017e10 f i GameTest.obj
 0002:00006e80       ?_Orphan_all@_Container_base12@std@@QEAAXXZ 0000000140017e80 f i GameTest.obj
 0002:00006fb0       ?_Orphan_range@?$vector@VLaserWall@@V?$allocator@VLaserWall@@@std@@@std@@AEBAXPEAVLaserWall@@0@Z 0000000140017fb0 f i GameTest.obj
 0002:00007100       ?_Release@?$_Uninitialized_backout_al@V?$allocator@VLaserWall@@@std@@@std@@QEAAPEAVLaserWall@@XZ 0000000140018100 f i GameTest.obj
 0002:00007180       ?_Throw_bad_array_new_length@std@@YAXXZ 0000000140018180 f i GameTest.obj
 0002:000071f0       ?_Tidy@?$vector@VLaserWall@@V?$allocator@VLaserWall@@@std@@@std@@AEAAXXZ 00000001400181f0 f i GameTest.obj
 0002:00007340       ?_Umove@?$vector@VLaserWall@@V?$allocator@VLaserWall@@@std@@@std@@AEAAPEAVLaserWall@@PEAV3@00@Z 0000000140018340 f i GameTest.obj
 0002:000073e0       ?_Umove_if_noexcept1@?$vector@VLaserWall@@V?$allocator@VLaserWall@@@std@@@std@@AEAAXPEAVLaserWall@@00U?$integral_constant@_N$00@2@@Z 00000001400183e0 f i GameTest.obj
 0002:00007480       ?_Umove_if_noexcept@?$vector@VLaserWall@@V?$allocator@VLaserWall@@@std@@@std@@AEAAXPEAVLaserWall@@00@Z 0000000140018480 f i GameTest.obj
 0002:00007540       ?_Unchecked_begin@?$vector@VLaserWall@@V?$allocator@VLaserWall@@@std@@@std@@QEAAPEAVLaserWall@@XZ 0000000140018540 f i GameTest.obj
 0002:000075a0       ?_Unchecked_end@?$vector@VLaserWall@@V?$allocator@VLaserWall@@@std@@@std@@QEAAPEAVLaserWall@@XZ 00000001400185a0 f i GameTest.obj
 0002:00007600       ?_Xlength@?$vector@VLaserWall@@V?$allocator@VLaserWall@@@std@@@std@@CAXXZ 0000000140018600 f i GameTest.obj
 0002:00007650       ?__autoclassinit2@?$_Uninitialized_backout_al@V?$allocator@VLaserWall@@@std@@@std@@QEAAX_K@Z 0000000140018650 f i GameTest.obj
 0002:000076b0       ?__autoclassinit2@?$vector@VLaserWall@@V?$allocator@VLaserWall@@@std@@@std@@QEAAX_K@Z 00000001400186b0 f i GameTest.obj
 0002:00007710       ?__autoclassinit2@MainCharacter@@QEAAX_K@Z 0000000140018710 f i GameTest.obj
 0002:00007770       ?allocate@?$allocator@U_Container_proxy@std@@@std@@QEAAPEAU_Container_proxy@2@_K@Z 0000000140018770 f i GameTest.obj
 0002:000077e0       ?allocate@?$allocator@VLaserWall@@@std@@QEAAPEAVLaserWall@@_K@Z 00000001400187e0 f i GameTest.obj
 0002:00007850       ?capacity@?$vector@VLaserWall@@V?$allocator@VLaserWall@@@std@@@std@@QEBA_KXZ 0000000140018850 f i GameTest.obj
 0002:000078d0       ?deallocate@?$_Default_allocator_traits@V?$allocator@U_Container_proxy@std@@@std@@@std@@SAXAEAV?$allocator@U_Container_proxy@std@@@2@QEAU_Container_proxy@2@_K@Z 00000001400188d0 f i GameTest.obj
 0002:00007950       ?deallocate@?$allocator@VLaserWall@@@std@@QEAAXQEAVLaserWall@@_K@Z 0000000140018950 f i GameTest.obj
 0002:000079d0       ?max@?$numeric_limits@_J@std@@SA_JXZ 00000001400189d0 f i GameTest.obj
 0002:00007a20       ?max_size@?$_Default_allocator_traits@V?$allocator@VLaserWall@@@std@@@std@@SA_KAEBV?$allocator@VLaserWall@@@2@@Z 0000000140018a20 f i GameTest.obj
 0002:00007a80       ?max_size@?$vector@VLaserWall@@V?$allocator@VLaserWall@@@std@@@std@@QEBA_KXZ 0000000140018a80 f i GameTest.obj
 0002:00007b30       ?push_back@?$vector@VLaserWall@@V?$allocator@VLaserWall@@@std@@@std@@QEAAXAEBVLaserWall@@@Z 0000000140018b30 f i GameTest.obj
 0002:00007ba0       ?what@exception@std@@UEBAPEBDXZ 0000000140018ba0 f i GameTest.obj
 0002:00007c40       ??0LaserWall@@QEAA@MMMM@Z  0000000140018c40 f   LaserWall.obj
 0002:00007e50       ?Render@LaserWall@@QEAAXXZ 0000000140018e50 f   LaserWall.obj
 0002:00007f10       ??0MainCharacter@@QEAA@XZ  0000000140018f10 f   MainCharacter.obj
 0002:00007ff0       ??1MainCharacter@@QEAA@XZ  0000000140018ff0 f   MainCharacter.obj
 0002:00008070       ?DebugRender@MainCharacter@@QEAAXXZ 0000000140019070 f   MainCharacter.obj
 0002:00008380       ?GetCenterPos@MainCharacter@@QEAAXAEAM0@Z 0000000140019380 f   MainCharacter.obj
 0002:00008400       ?GetHeight@CSimpleSprite@@QEBAMXZ 0000000140019400 f i MainCharacter.obj
 0002:00008460       ?GetLeftThumbStickX@CController@@QEBAMXZ 0000000140019460 f i MainCharacter.obj
 0002:000084d0       ?GetLeftThumbStickY@CController@@QEBAMH@Z 00000001400194d0 f i MainCharacter.obj
 0002:00008550       ?GetPosition@CSimpleSprite@@QEAAXAEAM0@Z 0000000140019550 f i MainCharacter.obj
 0002:000085f0       ?GetWidth@CSimpleSprite@@QEBAMXZ 00000001400195f0 f i MainCharacter.obj
 0002:00008650       ?Render@MainCharacter@@QEAAXXZ 0000000140019650 f   MainCharacter.obj
 0002:000086e0       ?SetPosition@CSimpleSprite@@QEAAXMM@Z 00000001400196e0 f i MainCharacter.obj
 0002:00008780       ?SetScale@CSimpleSprite@@QEAAXM@Z 0000000140019780 f i MainCharacter.obj
 0002:000087f0       ?StartEndGame@MainCharacter@@QEAAXXZ 00000001400197f0 f   MainCharacter.obj
 0002:00008850       ?Update@MainCharacter@@QEAAXM@Z 0000000140019850 f   MainCharacter.obj
 0002:00008bc0       ?UpdateAABB@MainCharacter@@AEAAXXZ 0000000140019bc0 f   MainCharacter.obj
 0002:00008d70       ??0CProfiler@@QEAA@XZ      0000000140019d70 f i Framework:main.obj
 0002:00008df0       ?CheckMemCallback@@YAXXZ   0000000140019df0 f   Framework:main.obj
 0002:00008e40       ?Display@@YAXXZ            0000000140019e40 f   Framework:main.obj
 0002:00008f50       ?GetCounter@@YANXZ         0000000140019f50 f   Framework:main.obj
 0002:00009010       ?Idle@@YAXXZ               000000014001a010 f   Framework:main.obj
 0002:00009280       ?InitGL@@YAXXZ             000000014001a280 f   Framework:main.obj
 0002:00009300       ?Print@CProfiler@@QEAAXMMPEBD@Z 000000014001a300 f i Framework:main.obj
 0002:00009430       ?Start@CProfiler@@QEAAXXZ  000000014001a430 f i Framework:main.obj
 0002:000094a0       ?StartCounter@@YAXXZ       000000014001a4a0 f   Framework:main.obj
 0002:00009580       ?Stop@CProfiler@@QEAANXZ   000000014001a580 f i Framework:main.obj
 0002:00009610       ?__empty_global_delete@@YAXPEAX@Z 000000014001a610 f i Framework:main.obj
 0002:00009660       ?__empty_global_delete@@YAXPEAX_K@Z 000000014001a660 f i Framework:main.obj
 0002:000096c0       __local_stdio_printf_options 000000014001a6c0 f i Framework:main.obj
 0002:00009710       _vfprintf_l                000000014001a710 f i Framework:main.obj
 0002:000097b0       _vsnprintf_l               000000014001a7b0 f i Framework:main.obj
 0002:000098a0       _vsprintf_l                000000014001a8a0 f i Framework:main.obj
 0002:00009a30       printf                     000000014001aa30 f i Framework:main.obj
 0002:00009b20       sprintf                    000000014001ab20 f i Framework:main.obj
 0002:00009c10       wWinMain                   000000014001ac10 f   Framework:main.obj
 0002:00009dd0       ?CreateSprite@App@@YAPEAVCSimpleSprite@@PEBD@Z 000000014001add0 f   Framework:app.obj
 0002:00009e90       ?DrawLine@App@@YAXMMMMMMM@Z 000000014001ae90 f   Framework:app.obj
 0002:0000a030       ?GetController@App@@YAAEBVCController@@H@Z 000000014001b030 f   Framework:app.obj
 0002:0000a0a0       ?GetController@CSimpleControllers@@QEAAAEBVCController@@H@Z 000000014001b0a0 f i Framework:app.obj
 0002:0000a130       ?GetMousePos@App@@YAXAEAM0@Z 000000014001b130 f   Framework:app.obj
 0002:0000a320       ?IsKeyPressed@App@@YA_NH@Z 000000014001b320 f   Framework:app.obj
 0002:0000a3b0       ?IsSoundPlaying@App@@YA_NPEBD@Z 000000014001b3b0 f   Framework:app.obj
 0002:0000a420       ?Print@App@@YAXMMPEBDMMMPEAX@Z 000000014001b420 f   Framework:app.obj
 0002:0000a580       ?StartSound@App@@YAXPEBD_N@Z 000000014001b580 f   Framework:app.obj
 0002:0000a630       ?StopSound@App@@YAXPEBD@Z  000000014001b630 f   Framework:app.obj
 0002:0000a6a0       ??$?0$$V@?$_Compressed_pair@V?$allocator@U?$_Tree_node@U?$pair@QEBDUsTextureDef@CSimpleSprite@@@std@@PEAX@std@@@std@@V?$_Tree_val@U?$_Tree_simple_types@U?$pair@QEBDUsTextureDef@CSimpleSprite@@@std@@@std@@@2@$00@std@@QEAA@U_Zero_then_variadic_args_t@1@@Z 000000014001b6a0 f i Framework:SimpleSprite.obj
 0002:0000a720       ??$?0AEBQEAU?$_Tree_node@U?$pair@QEBDUsTextureDef@CSimpleSprite@@@std@@PEAX@std@@_N$0A@@?$pair@PEAU?$_Tree_node@U?$pair@QEBDUsTextureDef@CSimpleSprite@@@std@@PEAX@std@@_N@std@@QEAA@AEBQEAU?$_Tree_node@U?$pair@QEBDUsTextureDef@CSimpleSprite@@@std@@PEAX@1@$$QEA_N@Z 000000014001b720 f i Framework:SimpleSprite.obj
 0002:0000a7d0       ??$?0AEBQEBD$$Z$$V@?$pair@QEBDUsTextureDef@CSimpleSprite@@@std@@QEAA@Upiecewise_construct_t@1@V?$tuple@AEBQEBD@1@V?$tuple@$$V@1@@Z 000000014001b7d0 f i Framework:SimpleSprite.obj
 0002:0000a880       ??$?0AEBQEBD$0A@@?$tuple@AEBQEBD@std@@QEAA@AEBQEBD@Z 000000014001b880 f i Framework:SimpleSprite.obj
 0002:0000a920       ??$?0AEBQEBD@?$_Tuple_val@AEBQEBD@std@@QEAA@AEBQEBD@Z 000000014001b920 f i Framework:SimpleSprite.obj
 0002:0000a9a0       ??$?0AEBU?$less@PEBD@std@@U_Zero_then_variadic_args_t@1@@?$_Compressed_pair@U?$less@PEBD@std@@V?$_Compressed_pair@V?$allocator@U?$_Tree_node@U?$pair@QEBDUsTextureDef@CSimpleSprite@@@std@@PEAX@std@@@std@@V?$_Tree_val@U?$_Tree_simple_types@U?$pair@QEBDUsTextureDef@CSimpleSprite@@@std@@@std@@@2@$00@2@$00@std@@QEAA@U_One_then_variadic_args_t@1@AEBU?$less@PEBD@1@$$QEAU_Zero_then_variadic_args_t@1@@Z 000000014001b9a0 f i Framework:SimpleSprite.obj
 0002:0000aa40       ??$?0AEBUpiecewise_construct_t@std@@V?$tuple@AEBQEBD@1@V?$tuple@$$V@1@@?$_Tree_temp_node@V?$allocator@U?$_Tree_node@U?$pair@QEBDUsTextureDef@CSimpleSprite@@@std@@PEAX@std@@@std@@@std@@QEAA@AEAV?$allocator@U?$_Tree_node@U?$pair@QEBDUsTextureDef@CSimpleSprite@@@std@@PEAX@std@@@1@PEAU?$_Tree_node@U?$pair@QEBDUsTextureDef@CSimpleSprite@@@std@@PEAX@1@AEBUpiecewise_construct_t@1@$$QEAV?$tuple@AEBQEBD@1@$$QEAV?$tuple@$$V@1@@Z 000000014001ba40 f i Framework:SimpleSprite.obj
 0002:0000ac00       ??$?0PEAU?$_Tree_node@U?$pair@QEBDUsTextureDef@CSimpleSprite@@@std@@PEAX@std@@_N$0A@@?$pair@PEAU?$_Tree_node@U?$pair@QEBDUsTextureDef@CSimpleSprite@@@std@@PEAX@std@@_N@std@@QEAA@$$QEAPEAU?$_Tree_node@U?$pair@QEBDUsTextureDef@CSimpleSprite@@@std@@PEAX@1@$$QEA_N@Z 000000014001bc00 f i Framework:SimpleSprite.obj
 0002:0000acb0       ??$?0U?$_Tree_node@U?$pair@QEBDUsTextureDef@CSimpleSprite@@@std@@PEAX@std@@@?$allocator@U_Container_proxy@std@@@std@@QEAA@AEBV?$allocator@U?$_Tree_node@U?$pair@QEBDUsTextureDef@CSimpleSprite@@@std@@PEAX@std@@@1@@Z 000000014001bcb0 f i Framework:SimpleSprite.obj
 0002:0000ad10       ??$?0U_Exact_args_t@std@@$0A@@?$tuple@$$V@std@@QEAA@U_Exact_args_t@1@@Z 000000014001bd10 f i Framework:SimpleSprite.obj
 0002:0000ad70       ??$?0U_Exact_args_t@std@@AEBQEBD$$V$0A@@?$tuple@AEBQEBD@std@@QEAA@U_Exact_args_t@1@AEBQEBD@Z 000000014001bd70 f i Framework:SimpleSprite.obj
 0002:0000ae30       ??$?0V?$tuple@AEBQEBD@std@@V?$tuple@$$V@1@$0A@$$Z$S@?$pair@QEBDUsTextureDef@CSimpleSprite@@@std@@QEAA@AEAV?$tuple@AEBQEBD@1@AEAV?$tuple@$$V@1@U?$integer_sequence@_K$0A@@1@U?$integer_sequence@_K$S@1@@Z 000000014001be30 f i Framework:SimpleSprite.obj
 0002:0000aef0       ??$_Buyheadnode@V?$allocator@U?$_Tree_node@U?$pair@QEBDUsTextureDef@CSimpleSprite@@@std@@PEAX@std@@@std@@@?$_Tree_node@U?$pair@QEBDUsTextureDef@CSimpleSprite@@@std@@PEAX@std@@SAPEAU01@AEAV?$allocator@U?$_Tree_node@U?$pair@QEBDUsTextureDef@CSimpleSprite@@@std@@PEAX@std@@@1@@Z 000000014001bef0 f i Framework:SimpleSprite.obj
 0002:0000b000       ??$_Construct_in_place@PEAU?$_Tree_node@U?$pair@QEBDUsTextureDef@CSimpleSprite@@@std@@PEAX@std@@AEAPEAU12@@std@@YAXAEAPEAU?$_Tree_node@U?$pair@QEBDUsTextureDef@CSimpleSprite@@@std@@PEAX@0@0@Z 000000014001c000 f i Framework:SimpleSprite.obj
 0002:0000b0b0       ??$_Construct_in_place@PEAU?$_Tree_node@U?$pair@QEBDUsTextureDef@CSimpleSprite@@@std@@PEAX@std@@AEBQEAU12@@std@@YAXAEAPEAU?$_Tree_node@U?$pair@QEBDUsTextureDef@CSimpleSprite@@@std@@PEAX@0@AEBQEAU10@@Z 000000014001c0b0 f i Framework:SimpleSprite.obj
 0002:0000b160       ??$_Debug_lt_pred@AEBU?$less@PEBD@std@@AEBQEBDAEBQEBD$0A@@std@@YA_NAEBU?$less@PEBD@0@AEBQEBD1@Z 000000014001c160 f i Framework:SimpleSprite.obj
 0002:0000b2c0       ??$_Destroy_in_place@PEAU?$_Tree_node@U?$pair@QEBDUsTextureDef@CSimpleSprite@@@std@@PEAX@std@@@std@@YAXAEAPEAU?$_Tree_node@U?$pair@QEBDUsTextureDef@CSimpleSprite@@@std@@PEAX@0@@Z 000000014001c2c0 f i Framework:SimpleSprite.obj
 0002:0000b320       ??$_Erase_head@V?$allocator@U?$_Tree_node@U?$pair@QEBDUsTextureDef@CSimpleSprite@@@std@@PEAX@std@@@std@@@?$_Tree_val@U?$_Tree_simple_types@U?$pair@QEBDUsTextureDef@CSimpleSprite@@@std@@@std@@@std@@QEAAXAEAV?$allocator@U?$_Tree_node@U?$pair@QEBDUsTextureDef@CSimpleSprite@@@std@@PEAX@std@@@1@@Z 000000014001c320 f i Framework:SimpleSprite.obj
 0002:0000b3e0       ??$_Erase_tree@V?$allocator@U?$_Tree_node@U?$pair@QEBDUsTextureDef@CSimpleSprite@@@std@@PEAX@std@@@std@@@?$_Tree_val@U?$_Tree_simple_types@U?$pair@QEBDUsTextureDef@CSimpleSprite@@@std@@@std@@@std@@QEAAXAEAV?$allocator@U?$_Tree_node@U?$pair@QEBDUsTextureDef@CSimpleSprite@@@std@@PEAX@std@@@1@PEAU?$_Tree_node@U?$pair@QEBDUsTextureDef@CSimpleSprite@@@std@@PEAX@1@@Z 000000014001c3e0 f i Framework:SimpleSprite.obj
 0002:0000b4b0       ??$_Find@PEBD@?$_Tree@V?$_Tmap_traits@PEBDUsTextureDef@CSimpleSprite@@U?$less@PEBD@std@@V?$allocator@U?$pair@QEBDUsTextureDef@CSimpleSprite@@@std@@@4@$0A@@std@@@std@@AEBAPEAU?$_Tree_node@U?$pair@QEBDUsTextureDef@CSimpleSprite@@@std@@PEAX@1@AEBQEBD@Z 000000014001c4b0 f i Framework:SimpleSprite.obj
 0002:0000b5b0       ??$_Find_lower_bound@PEBD@?$_Tree@V?$_Tmap_traits@PEBDUsTextureDef@CSimpleSprite@@U?$less@PEBD@std@@V?$allocator@U?$pair@QEBDUsTextureDef@CSimpleSprite@@@std@@@4@$0A@@std@@@std@@IEBA?AU?$_Tree_find_result@PEAU?$_Tree_node@U?$pair@QEBDUsTextureDef@CSimpleSprite@@@std@@PEAX@std@@@1@AEBQEBD@Z 000000014001c5b0 f i Framework:SimpleSprite.obj
 0002:0000b770       ??$_Freenode0@V?$allocator@U?$_Tree_node@U?$pair@QEBDUsTextureDef@CSimpleSprite@@@std@@PEAX@std@@@std@@@?$_Tree_node@U?$pair@QEBDUsTextureDef@CSimpleSprite@@@std@@PEAX@std@@SAXAEAV?$allocator@U?$_Tree_node@U?$pair@QEBDUsTextureDef@CSimpleSprite@@@std@@PEAX@std@@@1@PEAU01@@Z 000000014001c770 f i Framework:SimpleSprite.obj
 0002:0000b830       ??$_Freenode@V?$allocator@U?$_Tree_node@U?$pair@QEBDUsTextureDef@CSimpleSprite@@@std@@PEAX@std@@@std@@@?$_Tree_node@U?$pair@QEBDUsTextureDef@CSimpleSprite@@@std@@PEAX@std@@SAXAEAV?$allocator@U?$_Tree_node@U?$pair@QEBDUsTextureDef@CSimpleSprite@@@std@@PEAX@std@@@1@PEAU01@@Z 000000014001c830 f i Framework:SimpleSprite.obj
 0002:0000b8d0       ??$_Get_size_of_n@$0DI@@std@@YA_K_K@Z 000000014001c8d0 f i Framework:SimpleSprite.obj
 0002:0000b960       ??$_Kfn@QEBDUsTextureDef@CSimpleSprite@@@?$_Tmap_traits@PEBDUsTextureDef@CSimpleSprite@@U?$less@PEBD@std@@V?$allocator@U?$pair@QEBDUsTextureDef@CSimpleSprite@@@std@@@4@$0A@@std@@SAAEBQEBDAEBU?$pair@QEBDUsTextureDef@CSimpleSprite@@@1@@Z 000000014001c960 f i Framework:SimpleSprite.obj
 0002:0000b9c0       ??$_Lower_bound_duplicate@PEBD@?$_Tree@V?$_Tmap_traits@PEBDUsTextureDef@CSimpleSprite@@U?$less@PEBD@std@@V?$allocator@U?$pair@QEBDUsTextureDef@CSimpleSprite@@@std@@@4@$0A@@std@@@std@@IEBA_NQEAU?$_Tree_node@U?$pair@QEBDUsTextureDef@CSimpleSprite@@@std@@PEAX@1@AEBQEBD@Z 000000014001c9c0 f i Framework:SimpleSprite.obj
 0002:0000bab0       ??$_Try_emplace@AEBQEBD$$V@?$map@PEBDUsTextureDef@CSimpleSprite@@U?$less@PEBD@std@@V?$allocator@U?$pair@QEBDUsTextureDef@CSimpleSprite@@@std@@@4@@std@@AEAA?AU?$pair@PEAU?$_Tree_node@U?$pair@QEBDUsTextureDef@CSimpleSprite@@@std@@PEAX@std@@_N@1@AEBQEBD@Z 000000014001cab0 f i Framework:SimpleSprite.obj
 0002:0000bd20       ??$addressof@$$CBV?$_Tree_val@U?$_Tree_simple_types@U?$pair@QEBDUsTextureDef@CSimpleSprite@@@std@@@std@@@std@@@std@@YAPEBV?$_Tree_val@U?$_Tree_simple_types@U?$pair@QEBDUsTextureDef@CSimpleSprite@@@std@@@std@@@0@AEBV10@@Z 000000014001cd20 f i Framework:SimpleSprite.obj
 0002:0000bd80       ??$addressof@PEAU?$_Tree_node@U?$pair@QEBDUsTextureDef@CSimpleSprite@@@std@@PEAX@std@@@std@@YAPEAPEAU?$_Tree_node@U?$pair@QEBDUsTextureDef@CSimpleSprite@@@std@@PEAX@0@AEAPEAU10@@Z 000000014001cd80 f i Framework:SimpleSprite.obj
 0002:0000bde0       ??$addressof@U?$pair@QEBDUsTextureDef@CSimpleSprite@@@std@@@std@@YAPEAU?$pair@QEBDUsTextureDef@CSimpleSprite@@@0@AEAU10@@Z 000000014001cde0 f i Framework:SimpleSprite.obj
 0002:0000be40       ??$addressof@U_Container_base12@std@@@std@@YAPEAU_Container_base12@0@AEAU10@@Z 000000014001ce40 f i Framework:SimpleSprite.obj
 0002:0000bea0       ??$addressof@V?$_Tree_val@U?$_Tree_simple_types@U?$pair@QEBDUsTextureDef@CSimpleSprite@@@std@@@std@@@std@@@std@@YAPEAV?$_Tree_val@U?$_Tree_simple_types@U?$pair@QEBDUsTextureDef@CSimpleSprite@@@std@@@std@@@0@AEAV10@@Z 000000014001cea0 f i Framework:SimpleSprite.obj
 0002:0000bf00       ??$construct@U?$pair@QEBDUsTextureDef@CSimpleSprite@@@std@@AEBUpiecewise_construct_t@2@V?$tuple@AEBQEBD@2@V?$tuple@$$V@2@@?$_Default_allocator_traits@V?$allocator@U?$_Tree_node@U?$pair@QEBDUsTextureDef@CSimpleSprite@@@std@@PEAX@std@@@std@@@std@@SAXAEAV?$allocator@U?$_Tree_node@U?$pair@QEBDUsTextureDef@CSimpleSprite@@@std@@PEAX@std@@@1@QEAU?$pair@QEBDUsTextureDef@CSimpleSprite@@@1@AEBUpiecewise_construct_t@1@$$QEAV?$tuple@AEBQEBD@1@$$QEAV?$tuple@$$V@1@@Z 000000014001cf00 f i Framework:SimpleSprite.obj
 0002:0000c040       ??$destroy@U?$pair@QEBDUsTextureDef@CSimpleSprite@@@std@@@?$_Default_allocator_traits@V?$allocator@U?$_Tree_node@U?$pair@QEBDUsTextureDef@CSimpleSprite@@@std@@PEAX@std@@@std@@@std@@SAXAEAV?$allocator@U?$_Tree_node@U?$pair@QEBDUsTextureDef@CSimpleSprite@@@std@@PEAX@std@@@1@QEAU?$pair@QEBDUsTextureDef@CSimpleSprite@@@1@@Z 000000014001d040 f i Framework:SimpleSprite.obj
 0002:0000c0a0       ??$exchange@PEAU?$_Tree_node@U?$pair@QEBDUsTextureDef@CSimpleSprite@@@std@@PEAX@std@@$$T@std@@YAPEAU?$_Tree_node@U?$pair@QEBDUsTextureDef@CSimpleSprite@@@std@@PEAX@0@AEAPEAU10@$$QEA$$T@Z 000000014001d0a0 f i Framework:SimpleSprite.obj
 0002:0000c130       ??$exchange@PEAU?$_Tree_node@U?$pair@QEBDUsTextureDef@CSimpleSprite@@@std@@PEAX@std@@AEAPEAU12@@std@@YAPEAU?$_Tree_node@U?$pair@QEBDUsTextureDef@CSimpleSprite@@@std@@PEAX@0@AEAPEAU10@0@Z 000000014001d130 f i Framework:SimpleSprite.obj
 0002:0000c1c0       ??$forward@AEAPEAU?$_Tree_node@U?$pair@QEBDUsTextureDef@CSimpleSprite@@@std@@PEAX@std@@@std@@YAAEAPEAU?$_Tree_node@U?$pair@QEBDUsTextureDef@CSimpleSprite@@@std@@PEAX@0@AEAPEAU10@@Z 000000014001d1c0 f i Framework:SimpleSprite.obj
 0002:0000c220       ??$forward@AEBQEAU?$_Tree_node@U?$pair@QEBDUsTextureDef@CSimpleSprite@@@std@@PEAX@std@@@std@@YAAEBQEAU?$_Tree_node@U?$pair@QEBDUsTextureDef@CSimpleSprite@@@std@@PEAX@0@AEBQEAU10@@Z 000000014001d220 f i Framework:SimpleSprite.obj
 0002:0000c280       ??$forward@AEBQEBD@std@@YAAEBQEBDAEBQEBD@Z 000000014001d280 f i Framework:SimpleSprite.obj
 0002:0000c2e0       ??$forward@AEBU?$less@PEBD@std@@@std@@YAAEBU?$less@PEBD@0@AEBU10@@Z 000000014001d2e0 f i Framework:SimpleSprite.obj
 0002:0000c340       ??$forward@AEBUpiecewise_construct_t@std@@@std@@YAAEBUpiecewise_construct_t@0@AEBU10@@Z 000000014001d340 f i Framework:SimpleSprite.obj
 0002:0000c3a0       ??$forward@PEAU?$_Tree_node@U?$pair@QEBDUsTextureDef@CSimpleSprite@@@std@@PEAX@std@@@std@@YA$$QEAPEAU?$_Tree_node@U?$pair@QEBDUsTextureDef@CSimpleSprite@@@std@@PEAX@0@AEAPEAU10@@Z 000000014001d3a0 f i Framework:SimpleSprite.obj
 0002:0000c400       ??$forward@U_Zero_then_variadic_args_t@std@@@std@@YA$$QEAU_Zero_then_variadic_args_t@0@AEAU10@@Z 000000014001d400 f i Framework:SimpleSprite.obj
 0002:0000c460       ??$forward@V?$tuple@$$V@std@@@std@@YA$$QEAV?$tuple@$$V@0@AEAV10@@Z 000000014001d460 f i Framework:SimpleSprite.obj
 0002:0000c4c0       ??$forward@V?$tuple@AEBQEBD@std@@@std@@YA$$QEAV?$tuple@AEBQEBD@0@AEAV10@@Z 000000014001d4c0 f i Framework:SimpleSprite.obj
 0002:0000c520       ??$forward@_N@std@@YA$$QEA_NAEA_N@Z 000000014001d520 f i Framework:SimpleSprite.obj
 0002:0000c580       ??$forward_as_tuple@$$V@std@@YA?AV?$tuple@$$V@0@XZ 000000014001d580 f i Framework:SimpleSprite.obj
 0002:0000c5f0       ??$forward_as_tuple@AEBQEBD@std@@YA?AV?$tuple@AEBQEBD@0@AEBQEBD@Z 000000014001d5f0 f i Framework:SimpleSprite.obj
 0002:0000c680       ??$get@$0A@AEBQEBD@std@@YAAEBQEBD$$QEAV?$tuple@AEBQEBD@0@@Z 000000014001d680 f i Framework:SimpleSprite.obj
 0002:0000c6e0       ??$move@AEAV?$tuple@AEBQEBD@std@@@std@@YA$$QEAV?$tuple@AEBQEBD@0@AEAV10@@Z 000000014001d6e0 f i Framework:SimpleSprite.obj
 0002:0000c740       ??0?$_Alloc_construct_ptr@V?$allocator@U?$_Tree_node@U?$pair@QEBDUsTextureDef@CSimpleSprite@@@std@@PEAX@std@@@std@@@std@@QEAA@AEAV?$allocator@U?$_Tree_node@U?$pair@QEBDUsTextureDef@CSimpleSprite@@@std@@PEAX@std@@@1@@Z 000000014001d740 f i Framework:SimpleSprite.obj
 0002:0000c7d0       ??0?$_Container_proxy_ptr12@V?$allocator@U_Container_proxy@std@@@std@@@std@@QEAA@AEAV?$allocator@U_Container_proxy@std@@@1@AEAU_Container_base12@1@@Z 000000014001d7d0 f i Framework:SimpleSprite.obj
 0002:0000c8d0       ??0?$_Tree@V?$_Tmap_traits@PEBDUsTextureDef@CSimpleSprite@@U?$less@PEBD@std@@V?$allocator@U?$pair@QEBDUsTextureDef@CSimpleSprite@@@std@@@4@$0A@@std@@@std@@QEAA@AEBU?$less@PEBD@1@@Z 000000014001d8d0 f i Framework:SimpleSprite.obj
 0002:0000c970       ??0?$_Tree_const_iterator@V?$_Tree_val@U?$_Tree_simple_types@U?$pair@QEBDUsTextureDef@CSimpleSprite@@@std@@@std@@@std@@@std@@QEAA@PEAU?$_Tree_node@U?$pair@QEBDUsTextureDef@CSimpleSprite@@@std@@PEAX@1@PEBV?$_Tree_val@U?$_Tree_simple_types@U?$pair@QEBDUsTextureDef@CSimpleSprite@@@std@@@std@@@1@@Z 000000014001d970 f i Framework:SimpleSprite.obj
 0002:0000ca00       ??0?$_Tree_iterator@V?$_Tree_val@U?$_Tree_simple_types@U?$pair@QEBDUsTextureDef@CSimpleSprite@@@std@@@std@@@std@@@std@@QEAA@PEAU?$_Tree_node@U?$pair@QEBDUsTextureDef@CSimpleSprite@@@std@@PEAX@1@PEBV?$_Tree_val@U?$_Tree_simple_types@U?$pair@QEBDUsTextureDef@CSimpleSprite@@@std@@@std@@@1@@Z 000000014001da00 f i Framework:SimpleSprite.obj
 0002:0000ca90       ??0?$_Tree_temp_node_alloc@V?$allocator@U?$_Tree_node@U?$pair@QEBDUsTextureDef@CSimpleSprite@@@std@@PEAX@std@@@std@@@std@@QEAA@AEAV?$allocator@U?$_Tree_node@U?$pair@QEBDUsTextureDef@CSimpleSprite@@@std@@PEAX@std@@@1@@Z 000000014001da90 f i Framework:SimpleSprite.obj
 0002:0000cb20       ??0?$_Tree_unchecked_const_iterator@V?$_Tree_val@U?$_Tree_simple_types@U?$pair@QEBDUsTextureDef@CSimpleSprite@@@std@@@std@@@std@@U_Iterator_base12@2@@std@@QEAA@PEAU?$_Tree_node@U?$pair@QEBDUsTextureDef@CSimpleSprite@@@std@@PEAX@1@PEBV?$_Tree_val@U?$_Tree_simple_types@U?$pair@QEBDUsTextureDef@CSimpleSprite@@@std@@@std@@@1@@Z 000000014001db20 f i Framework:SimpleSprite.obj
 0002:0000cbd0       ??0?$_Tree_val@U?$_Tree_simple_types@U?$pair@QEBDUsTextureDef@CSimpleSprite@@@std@@@std@@@std@@QEAA@XZ 000000014001dbd0 f i Framework:SimpleSprite.obj
 0002:0000cc60       ??0?$allocator@U?$_Tree_node@U?$pair@QEBDUsTextureDef@CSimpleSprite@@@std@@PEAX@std@@@std@@QEAA@XZ 000000014001dc60 f i Framework:SimpleSprite.obj
 0002:0000ccc0       ??0?$map@PEBDUsTextureDef@CSimpleSprite@@U?$less@PEBD@std@@V?$allocator@U?$pair@QEBDUsTextureDef@CSimpleSprite@@@std@@@4@@std@@QEAA@XZ 000000014001dcc0 f i Framework:SimpleSprite.obj
 0002:0000cd30       ??0?$tuple@$$V@std@@QEAA@AEBV01@@Z 000000014001dd30 f i Framework:SimpleSprite.obj
 0002:0000cd90       ??0?$tuple@$$V@std@@QEAA@XZ 000000014001dd90 f i Framework:SimpleSprite.obj
 0002:0000cdf0       ??0?$tuple@AEBQEBD@std@@QEAA@$$QEAV01@@Z 000000014001ddf0 f i Framework:SimpleSprite.obj
 0002:0000ce90       ??0CSimpleSprite@@QEAA@PEBD@Z 000000014001de90 f   Framework:SimpleSprite.obj
 0002:0000d1f0       ??0_Iterator_base12@std@@QEAA@XZ 000000014001e1f0 f i Framework:SimpleSprite.obj
 0002:0000d270       ??1?$_Alloc_construct_ptr@V?$allocator@U?$_Tree_node@U?$pair@QEBDUsTextureDef@CSimpleSprite@@@std@@PEAX@std@@@std@@@std@@QEAA@XZ 000000014001e270 f i Framework:SimpleSprite.obj
 0002:0000d300       ??1?$_Container_proxy_ptr12@V?$allocator@U_Container_proxy@std@@@std@@@std@@QEAA@XZ 000000014001e300 f i Framework:SimpleSprite.obj
 0002:0000d390       ??1?$_Tree@V?$_Tmap_traits@PEBDUsTextureDef@CSimpleSprite@@U?$less@PEBD@std@@V?$allocator@U?$pair@QEBDUsTextureDef@CSimpleSprite@@@std@@@4@$0A@@std@@@std@@QEAA@XZ 000000014001e390 f i Framework:SimpleSprite.obj
 0002:0000d4a0       ??1?$_Tree_const_iterator@V?$_Tree_val@U?$_Tree_simple_types@U?$pair@QEBDUsTextureDef@CSimpleSprite@@@std@@@std@@@std@@@std@@QEAA@XZ 000000014001e4a0 f i Framework:SimpleSprite.obj
 0002:0000d4f0       ??1?$_Tree_iterator@V?$_Tree_val@U?$_Tree_simple_types@U?$pair@QEBDUsTextureDef@CSimpleSprite@@@std@@@std@@@std@@@std@@QEAA@XZ 000000014001e4f0 f i Framework:SimpleSprite.obj
 0002:0000d540       ??1?$_Tree_temp_node@V?$allocator@U?$_Tree_node@U?$pair@QEBDUsTextureDef@CSimpleSprite@@@std@@PEAX@std@@@std@@@std@@QEAA@XZ 000000014001e540 f i Framework:SimpleSprite.obj
 0002:0000d640       ??1?$_Tree_temp_node_alloc@V?$allocator@U?$_Tree_node@U?$pair@QEBDUsTextureDef@CSimpleSprite@@@std@@PEAX@std@@@std@@@std@@QEAA@XZ 000000014001e640 f i Framework:SimpleSprite.obj
 0002:0000d690       ??1?$_Tree_unchecked_const_iterator@V?$_Tree_val@U?$_Tree_simple_types@U?$pair@QEBDUsTextureDef@CSimpleSprite@@@std@@@std@@@std@@U_Iterator_base12@2@@std@@QEAA@XZ 000000014001e690 f i Framework:SimpleSprite.obj
 0002:0000d6e0       ??1?$map@PEBDUsTextureDef@CSimpleSprite@@U?$less@PEBD@std@@V?$allocator@U?$pair@QEBDUsTextureDef@CSimpleSprite@@@std@@@4@@std@@QEAA@XZ 000000014001e6e0 f i Framework:SimpleSprite.obj
 0002:0000d730       ??1_Iterator_base12@std@@QEAA@XZ 000000014001e730 f i Framework:SimpleSprite.obj
 0002:0000d800       ??8?$_Tree_const_iterator@V?$_Tree_val@U?$_Tree_simple_types@U?$pair@QEBDUsTextureDef@CSimpleSprite@@@std@@@std@@@std@@@std@@QEBA_NAEBV01@@Z 000000014001e800 f i Framework:SimpleSprite.obj
 0002:0000d970       ??9?$_Tree_const_iterator@V?$_Tree_val@U?$_Tree_simple_types@U?$pair@QEBDUsTextureDef@CSimpleSprite@@@std@@@std@@@std@@@std@@QEBA_NAEBV01@@Z 000000014001e970 f i Framework:SimpleSprite.obj
 0002:0000da10       ??A?$map@PEBDUsTextureDef@CSimpleSprite@@U?$less@PEBD@std@@V?$allocator@U?$pair@QEBDUsTextureDef@CSimpleSprite@@@std@@@4@@std@@QEAAAEAUsTextureDef@CSimpleSprite@@AEBQEBD@Z 000000014001ea10 f i Framework:SimpleSprite.obj
 0002:0000da90       ??R?$less@PEBD@std@@QEBA_NAEBQEBD0@Z 000000014001ea90 f i Framework:SimpleSprite.obj
 0002:0000db30       ?CalculateUVs@CSimpleSprite@@AEAAXXZ 000000014001eb30 f   Framework:SimpleSprite.obj
 0002:0000dda0       ?Draw@CSimpleSprite@@QEAAXXZ 000000014001eda0 f   Framework:SimpleSprite.obj
 0002:0000e0b0       ?LoadTexture@CSimpleSprite@@AEAA_NPEBD@Z 000000014001f0b0 f   Framework:SimpleSprite.obj
 0002:0000e440       ?_Adopt@_Iterator_base12@std@@QEAAXPEBU_Container_base12@2@@Z 000000014001f440 f i Framework:SimpleSprite.obj
 0002:0000e5b0       ?_Alloc_sentinel_and_proxy@?$_Tree@V?$_Tmap_traits@PEBDUsTextureDef@CSimpleSprite@@U?$less@PEBD@std@@V?$allocator@U?$pair@QEBDUsTextureDef@CSimpleSprite@@@std@@@4@$0A@@std@@@std@@IEAAXXZ 000000014001f5b0 f i Framework:SimpleSprite.obj
 0002:0000e6d0       ?_Allocate@?$_Alloc_construct_ptr@V?$allocator@U?$_Tree_node@U?$pair@QEBDUsTextureDef@CSimpleSprite@@@std@@PEAX@std@@@std@@@std@@QEAAXXZ 000000014001f6d0 f i Framework:SimpleSprite.obj
 0002:0000e760       ?_Check_grow_by_1@?$_Tree@V?$_Tmap_traits@PEBDUsTextureDef@CSimpleSprite@@U?$less@PEBD@std@@V?$allocator@U?$pair@QEBDUsTextureDef@CSimpleSprite@@@std@@@4@$0A@@std@@@std@@IEAAXXZ 000000014001f760 f i Framework:SimpleSprite.obj
 0002:0000e7f0       ?_Get_first@?$_Compressed_pair@U?$less@PEBD@std@@V?$_Compressed_pair@V?$allocator@U?$_Tree_node@U?$pair@QEBDUsTextureDef@CSimpleSprite@@@std@@PEAX@std@@@std@@V?$_Tree_val@U?$_Tree_simple_types@U?$pair@QEBDUsTextureDef@CSimpleSprite@@@std@@@std@@@2@$00@2@$00@std@@QEBAAEBU?$less@PEBD@2@XZ 000000014001f7f0 f i Framework:SimpleSprite.obj
 0002:0000e850       ?_Get_first@?$_Compressed_pair@V?$allocator@U?$_Tree_node@U?$pair@QEBDUsTextureDef@CSimpleSprite@@@std@@PEAX@std@@@std@@V?$_Tree_val@U?$_Tree_simple_types@U?$pair@QEBDUsTextureDef@CSimpleSprite@@@std@@@std@@@2@$00@std@@QEAAAEAV?$allocator@U?$_Tree_node@U?$pair@QEBDUsTextureDef@CSimpleSprite@@@std@@PEAX@std@@@2@XZ 000000014001f850 f i Framework:SimpleSprite.obj
 0002:0000e8b0       ?_Get_first@?$_Compressed_pair@V?$allocator@U?$_Tree_node@U?$pair@QEBDUsTextureDef@CSimpleSprite@@@std@@PEAX@std@@@std@@V?$_Tree_val@U?$_Tree_simple_types@U?$pair@QEBDUsTextureDef@CSimpleSprite@@@std@@@std@@@2@$00@std@@QEBAAEBV?$allocator@U?$_Tree_node@U?$pair@QEBDUsTextureDef@CSimpleSprite@@@std@@PEAX@std@@@2@XZ 000000014001f8b0 f i Framework:SimpleSprite.obj
 0002:0000e910       ?_Get_scary@?$_Tree@V?$_Tmap_traits@PEBDUsTextureDef@CSimpleSprite@@U?$less@PEBD@std@@V?$allocator@U?$pair@QEBDUsTextureDef@CSimpleSprite@@@std@@@4@$0A@@std@@@std@@IEAAPEAV?$_Tree_val@U?$_Tree_simple_types@U?$pair@QEBDUsTextureDef@CSimpleSprite@@@std@@@std@@@2@XZ 000000014001f910 f i Framework:SimpleSprite.obj
 0002:0000e980       ?_Get_scary@?$_Tree@V?$_Tmap_traits@PEBDUsTextureDef@CSimpleSprite@@U?$less@PEBD@std@@V?$allocator@U?$pair@QEBDUsTextureDef@CSimpleSprite@@@std@@@4@$0A@@std@@@std@@IEBAPEBV?$_Tree_val@U?$_Tree_simple_types@U?$pair@QEBDUsTextureDef@CSimpleSprite@@@std@@@std@@@2@XZ 000000014001f980 f i Framework:SimpleSprite.obj
 0002:0000e9f0       ?_Getal@?$_Tree@V?$_Tmap_traits@PEBDUsTextureDef@CSimpleSprite@@U?$less@PEBD@std@@V?$allocator@U?$pair@QEBDUsTextureDef@CSimpleSprite@@@std@@@4@$0A@@std@@@std@@IEAAAEAV?$allocator@U?$_Tree_node@U?$pair@QEBDUsTextureDef@CSimpleSprite@@@std@@PEAX@std@@@2@XZ 000000014001f9f0 f i Framework:SimpleSprite.obj
 0002:0000ea60       ?_Getal@?$_Tree@V?$_Tmap_traits@PEBDUsTextureDef@CSimpleSprite@@U?$less@PEBD@std@@V?$allocator@U?$pair@QEBDUsTextureDef@CSimpleSprite@@@std@@@4@$0A@@std@@@std@@IEBAAEBV?$allocator@U?$_Tree_node@U?$pair@QEBDUsTextureDef@CSimpleSprite@@@std@@PEAX@std@@@2@XZ 000000014001fa60 f i Framework:SimpleSprite.obj
 0002:0000ead0       ?_Getcomp@?$_Tree@V?$_Tmap_traits@PEBDUsTextureDef@CSimpleSprite@@U?$less@PEBD@std@@V?$allocator@U?$pair@QEBDUsTextureDef@CSimpleSprite@@@std@@@4@$0A@@std@@@std@@IEBAAEBU?$less@PEBD@2@XZ 000000014001fad0 f i Framework:SimpleSprite.obj
 0002:0000eb40       ?_Getcont@_Iterator_base12@std@@QEBAPEBU_Container_base12@2@XZ 000000014001fb40 f i Framework:SimpleSprite.obj
 0002:0000ebe0       ?_Insert_node@?$_Tree_val@U?$_Tree_simple_types@U?$pair@QEBDUsTextureDef@CSimpleSprite@@@std@@@std@@@std@@QEAAPEAU?$_Tree_node@U?$pair@QEBDUsTextureDef@CSimpleSprite@@@std@@PEAX@2@U?$_Tree_id@PEAU?$_Tree_node@U?$pair@QEBDUsTextureDef@CSimpleSprite@@@std@@PEAX@std@@@2@QEAU32@@Z 000000014001fbe0 f i Framework:SimpleSprite.obj
 0002:0000efd0       ?_Lrotate@?$_Tree_val@U?$_Tree_simple_types@U?$pair@QEBDUsTextureDef@CSimpleSprite@@@std@@@std@@@std@@QEAAXPEAU?$_Tree_node@U?$pair@QEBDUsTextureDef@CSimpleSprite@@@std@@PEAX@2@@Z 000000014001ffd0 f i Framework:SimpleSprite.obj
 0002:0000f140       ?_Orphan_me@_Iterator_base12@std@@QEAAXXZ 0000000140020140 f i Framework:SimpleSprite.obj
 0002:0000f2c0       ?_Release@?$_Alloc_construct_ptr@V?$allocator@U?$_Tree_node@U?$pair@QEBDUsTextureDef@CSimpleSprite@@@std@@PEAX@std@@@std@@@std@@QEAAPEAU?$_Tree_node@U?$pair@QEBDUsTextureDef@CSimpleSprite@@@std@@PEAX@2@XZ 00000001400202c0 f i Framework:SimpleSprite.obj
 0002:0000f340       ?_Release@_Basic_container_proxy_ptr12@std@@QEAAXXZ 0000000140020340 f i Framework:SimpleSprite.obj
 0002:0000f3b0       ?_Rrotate@?$_Tree_val@U?$_Tree_simple_types@U?$pair@QEBDUsTextureDef@CSimpleSprite@@@std@@@std@@@std@@QEAAXPEAU?$_Tree_node@U?$pair@QEBDUsTextureDef@CSimpleSprite@@@std@@PEAX@2@@Z 00000001400203b0 f i Framework:SimpleSprite.obj
 0002:0000f520       ?_Throw_tree_length_error@std@@YAXXZ 0000000140020520 f i Framework:SimpleSprite.obj
 0002:0000f570       ?__autoclassinit2@?$map@PEBDUsTextureDef@CSimpleSprite@@U?$less@PEBD@std@@V?$allocator@U?$pair@QEBDUsTextureDef@CSimpleSprite@@@std@@@4@@std@@QEAAX_K@Z 0000000140020570 f i Framework:SimpleSprite.obj
 0002:0000f5d0       ?allocate@?$allocator@U?$_Tree_node@U?$pair@QEBDUsTextureDef@CSimpleSprite@@@std@@PEAX@std@@@std@@QEAAPEAU?$_Tree_node@U?$pair@QEBDUsTextureDef@CSimpleSprite@@@std@@PEAX@2@_K@Z 00000001400205d0 f i Framework:SimpleSprite.obj
 0002:0000f640       ?deallocate@?$_Default_allocator_traits@V?$allocator@U?$_Tree_node@U?$pair@QEBDUsTextureDef@CSimpleSprite@@@std@@PEAX@std@@@std@@@std@@SAXAEAV?$allocator@U?$_Tree_node@U?$pair@QEBDUsTextureDef@CSimpleSprite@@@std@@PEAX@std@@@2@QEAU?$_Tree_node@U?$pair@QEBDUsTextureDef@CSimpleSprite@@@std@@PEAX@2@_K@Z 0000000140020640 f i Framework:SimpleSprite.obj
 0002:0000f6c0       ?deallocate@?$allocator@U?$_Tree_node@U?$pair@QEBDUsTextureDef@CSimpleSprite@@@std@@PEAX@std@@@std@@QEAAXQEAU?$_Tree_node@U?$pair@QEBDUsTextureDef@CSimpleSprite@@@std@@PEAX@2@_K@Z 00000001400206c0 f i Framework:SimpleSprite.obj
 0002:0000f740       ?end@?$_Tree@V?$_Tmap_traits@PEBDUsTextureDef@CSimpleSprite@@U?$less@PEBD@std@@V?$allocator@U?$pair@QEBDUsTextureDef@CSimpleSprite@@@std@@@4@$0A@@std@@@std@@QEAA?AV?$_Tree_iterator@V?$_Tree_val@U?$_Tree_simple_types@U?$pair@QEBDUsTextureDef@CSimpleSprite@@@std@@@std@@@std@@@2@XZ 0000000140020740 f i Framework:SimpleSprite.obj
 0002:0000f7e0       ?find@?$_Tree@V?$_Tmap_traits@PEBDUsTextureDef@CSimpleSprite@@U?$less@PEBD@std@@V?$allocator@U?$pair@QEBDUsTextureDef@CSimpleSprite@@@std@@@4@$0A@@std@@@std@@QEAA?AV?$_Tree_iterator@V?$_Tree_val@U?$_Tree_simple_types@U?$pair@QEBDUsTextureDef@CSimpleSprite@@@std@@@std@@@std@@@2@AEBQEBD@Z 00000001400207e0 f i Framework:SimpleSprite.obj
 0002:0000f8c0       ?max_size@?$_Default_allocator_traits@V?$allocator@U?$_Tree_node@U?$pair@QEBDUsTextureDef@CSimpleSprite@@@std@@PEAX@std@@@std@@@std@@SA_KAEBV?$allocator@U?$_Tree_node@U?$pair@QEBDUsTextureDef@CSimpleSprite@@@std@@PEAX@std@@@2@@Z 00000001400208c0 f i Framework:SimpleSprite.obj
 0002:0000f920       ?max_size@?$_Tree@V?$_Tmap_traits@PEBDUsTextureDef@CSimpleSprite@@U?$less@PEBD@std@@V?$allocator@U?$pair@QEBDUsTextureDef@CSimpleSprite@@@std@@@4@$0A@@std@@@std@@QEBA_KXZ 0000000140020920 f i Framework:SimpleSprite.obj
 0002:0000f9d0       ??0CController@@QEAA@XZ    00000001400209d0 f i Framework:SimpleController.obj
 0002:0000fa80       ??0CSimpleControllers@@QEAA@XZ 0000000140020a80 f i Framework:SimpleController.obj
 0002:0000faf0       ??_H@YAXPEAX_K1P6APEAX0@Z@Z 0000000140020af0 f i Framework:SimpleController.obj
 0002:0000fbe0       ?GetInstance@CSimpleControllers@@SAAEAV1@XZ 0000000140020be0 f   Framework:SimpleController.obj
 0002:0000fca0       ?Update@CSimpleControllers@@QEAAXXZ 0000000140020ca0 f   Framework:SimpleController.obj
 0002:00010580       ??$?0$$V@?$_Compressed_pair@V?$allocator@U?$_Tree_node@U?$pair@QEBDPEAUIDirectSoundBuffer8@@@std@@PEAX@std@@@std@@V?$_Tree_val@U?$_Tree_simple_types@U?$pair@QEBDPEAUIDirectSoundBuffer8@@@std@@@std@@@2@$00@std@@QEAA@U_Zero_then_variadic_args_t@1@@Z 0000000140021580 f i Framework:SimpleSound.obj
 0002:00010600       ??$?0AEBQEAU?$_Tree_node@U?$pair@QEBDPEAUIDirectSoundBuffer8@@@std@@PEAX@std@@_N$0A@@?$pair@PEAU?$_Tree_node@U?$pair@QEBDPEAUIDirectSoundBuffer8@@@std@@PEAX@std@@_N@std@@QEAA@AEBQEAU?$_Tree_node@U?$pair@QEBDPEAUIDirectSoundBuffer8@@@std@@PEAX@1@$$QEA_N@Z 0000000140021600 f i Framework:SimpleSound.obj
 0002:000106b0       ??$?0AEBQEBD$$Z$$V@?$pair@QEBDPEAUIDirectSoundBuffer8@@@std@@QEAA@Upiecewise_construct_t@1@V?$tuple@AEBQEBD@1@V?$tuple@$$V@1@@Z 00000001400216b0 f i Framework:SimpleSound.obj
 0002:00010760       ??$?0AEBU?$less@PEBD@std@@U_Zero_then_variadic_args_t@1@@?$_Compressed_pair@U?$less@PEBD@std@@V?$_Compressed_pair@V?$allocator@U?$_Tree_node@U?$pair@QEBDPEAUIDirectSoundBuffer8@@@std@@PEAX@std@@@std@@V?$_Tree_val@U?$_Tree_simple_types@U?$pair@QEBDPEAUIDirectSoundBuffer8@@@std@@@std@@@2@$00@2@$00@std@@QEAA@U_One_then_variadic_args_t@1@AEBU?$less@PEBD@1@$$QEAU_Zero_then_variadic_args_t@1@@Z 0000000140021760 f i Framework:SimpleSound.obj
 0002:00010800       ??$?0AEBUpiecewise_construct_t@std@@V?$tuple@AEBQEBD@1@V?$tuple@$$V@1@@?$_Tree_temp_node@V?$allocator@U?$_Tree_node@U?$pair@QEBDPEAUIDirectSoundBuffer8@@@std@@PEAX@std@@@std@@@std@@QEAA@AEAV?$allocator@U?$_Tree_node@U?$pair@QEBDPEAUIDirectSoundBuffer8@@@std@@PEAX@std@@@1@PEAU?$_Tree_node@U?$pair@QEBDPEAUIDirectSoundBuffer8@@@std@@PEAX@1@AEBUpiecewise_construct_t@1@$$QEAV?$tuple@AEBQEBD@1@$$QEAV?$tuple@$$V@1@@Z 0000000140021800 f i Framework:SimpleSound.obj
 0002:000109c0       ??$?0PEAU?$_Tree_node@U?$pair@QEBDPEAUIDirectSoundBuffer8@@@std@@PEAX@std@@_N$0A@@?$pair@PEAU?$_Tree_node@U?$pair@QEBDPEAUIDirectSoundBuffer8@@@std@@PEAX@std@@_N@std@@QEAA@$$QEAPEAU?$_Tree_node@U?$pair@QEBDPEAUIDirectSoundBuffer8@@@std@@PEAX@1@$$QEA_N@Z 00000001400219c0 f i Framework:SimpleSound.obj
 0002:00010a70       ??$?0U?$_Tree_node@U?$pair@QEBDPEAUIDirectSoundBuffer8@@@std@@PEAX@std@@@?$allocator@U_Container_proxy@std@@@std@@QEAA@AEBV?$allocator@U?$_Tree_node@U?$pair@QEBDPEAUIDirectSoundBuffer8@@@std@@PEAX@std@@@1@@Z 0000000140021a70 f i Framework:SimpleSound.obj
 0002:00010ad0       ??$?0V?$tuple@AEBQEBD@std@@V?$tuple@$$V@1@$0A@$$Z$S@?$pair@QEBDPEAUIDirectSoundBuffer8@@@std@@QEAA@AEAV?$tuple@AEBQEBD@1@AEAV?$tuple@$$V@1@U?$integer_sequence@_K$0A@@1@U?$integer_sequence@_K$S@1@@Z 0000000140021ad0 f i Framework:SimpleSound.obj
 0002:00010b80       ??$_Buyheadnode@V?$allocator@U?$_Tree_node@U?$pair@QEBDPEAUIDirectSoundBuffer8@@@std@@PEAX@std@@@std@@@?$_Tree_node@U?$pair@QEBDPEAUIDirectSoundBuffer8@@@std@@PEAX@std@@SAPEAU01@AEAV?$allocator@U?$_Tree_node@U?$pair@QEBDPEAUIDirectSoundBuffer8@@@std@@PEAX@std@@@1@@Z 0000000140021b80 f i Framework:SimpleSound.obj
 0002:00010c90       ??$_Construct_in_place@PEAU?$_Tree_node@U?$pair@QEBDPEAUIDirectSoundBuffer8@@@std@@PEAX@std@@AEAPEAU12@@std@@YAXAEAPEAU?$_Tree_node@U?$pair@QEBDPEAUIDirectSoundBuffer8@@@std@@PEAX@0@0@Z 0000000140021c90 f i Framework:SimpleSound.obj
 0002:00010d40       ??$_Construct_in_place@PEAU?$_Tree_node@U?$pair@QEBDPEAUIDirectSoundBuffer8@@@std@@PEAX@std@@AEBQEAU12@@std@@YAXAEAPEAU?$_Tree_node@U?$pair@QEBDPEAUIDirectSoundBuffer8@@@std@@PEAX@0@AEBQEAU10@@Z 0000000140021d40 f i Framework:SimpleSound.obj
 0002:00010df0       ??$_Destroy_in_place@PEAU?$_Tree_node@U?$pair@QEBDPEAUIDirectSoundBuffer8@@@std@@PEAX@std@@@std@@YAXAEAPEAU?$_Tree_node@U?$pair@QEBDPEAUIDirectSoundBuffer8@@@std@@PEAX@0@@Z 0000000140021df0 f i Framework:SimpleSound.obj
 0002:00010e50       ??$_Erase_head@V?$allocator@U?$_Tree_node@U?$pair@QEBDPEAUIDirectSoundBuffer8@@@std@@PEAX@std@@@std@@@?$_Tree_val@U?$_Tree_simple_types@U?$pair@QEBDPEAUIDirectSoundBuffer8@@@std@@@std@@@std@@QEAAXAEAV?$allocator@U?$_Tree_node@U?$pair@QEBDPEAUIDirectSoundBuffer8@@@std@@PEAX@std@@@1@@Z 0000000140021e50 f i Framework:SimpleSound.obj
 0002:00010f10       ??$_Erase_tree@V?$allocator@U?$_Tree_node@U?$pair@QEBDPEAUIDirectSoundBuffer8@@@std@@PEAX@std@@@std@@@?$_Tree_val@U?$_Tree_simple_types@U?$pair@QEBDPEAUIDirectSoundBuffer8@@@std@@@std@@@std@@QEAAXAEAV?$allocator@U?$_Tree_node@U?$pair@QEBDPEAUIDirectSoundBuffer8@@@std@@PEAX@std@@@1@PEAU?$_Tree_node@U?$pair@QEBDPEAUIDirectSoundBuffer8@@@std@@PEAX@1@@Z 0000000140021f10 f i Framework:SimpleSound.obj
 0002:00010fe0       ??$_Find_lower_bound@PEBD@?$_Tree@V?$_Tmap_traits@PEBDPEAUIDirectSoundBuffer8@@U?$less@PEBD@std@@V?$allocator@U?$pair@QEBDPEAUIDirectSoundBuffer8@@@std@@@3@$0A@@std@@@std@@IEBA?AU?$_Tree_find_result@PEAU?$_Tree_node@U?$pair@QEBDPEAUIDirectSoundBuffer8@@@std@@PEAX@std@@@1@AEBQEBD@Z 0000000140021fe0 f i Framework:SimpleSound.obj
 0002:000111a0       ??$_Freenode0@V?$allocator@U?$_Tree_node@U?$pair@QEBDPEAUIDirectSoundBuffer8@@@std@@PEAX@std@@@std@@@?$_Tree_node@U?$pair@QEBDPEAUIDirectSoundBuffer8@@@std@@PEAX@std@@SAXAEAV?$allocator@U?$_Tree_node@U?$pair@QEBDPEAUIDirectSoundBuffer8@@@std@@PEAX@std@@@1@PEAU01@@Z 00000001400221a0 f i Framework:SimpleSound.obj
 0002:00011260       ??$_Freenode@V?$allocator@U?$_Tree_node@U?$pair@QEBDPEAUIDirectSoundBuffer8@@@std@@PEAX@std@@@std@@@?$_Tree_node@U?$pair@QEBDPEAUIDirectSoundBuffer8@@@std@@PEAX@std@@SAXAEAV?$allocator@U?$_Tree_node@U?$pair@QEBDPEAUIDirectSoundBuffer8@@@std@@PEAX@std@@@1@PEAU01@@Z 0000000140022260 f i Framework:SimpleSound.obj
 0002:00011300       ??$_Get_size_of_n@$0DA@@std@@YA_K_K@Z 0000000140022300 f i Framework:SimpleSound.obj
 0002:00011390       ??$_Kfn@QEBDPEAUIDirectSoundBuffer8@@@?$_Tmap_traits@PEBDPEAUIDirectSoundBuffer8@@U?$less@PEBD@std@@V?$allocator@U?$pair@QEBDPEAUIDirectSoundBuffer8@@@std@@@3@$0A@@std@@SAAEBQEBDAEBU?$pair@QEBDPEAUIDirectSoundBuffer8@@@1@@Z 0000000140022390 f i Framework:SimpleSound.obj
 0002:000113f0       ??$_Lower_bound_duplicate@PEBD@?$_Tree@V?$_Tmap_traits@PEBDPEAUIDirectSoundBuffer8@@U?$less@PEBD@std@@V?$allocator@U?$pair@QEBDPEAUIDirectSoundBuffer8@@@std@@@3@$0A@@std@@@std@@IEBA_NQEAU?$_Tree_node@U?$pair@QEBDPEAUIDirectSoundBuffer8@@@std@@PEAX@1@AEBQEBD@Z 00000001400223f0 f i Framework:SimpleSound.obj
 0002:000114e0       ??$_Try_emplace@AEBQEBD$$V@?$map@PEBDPEAUIDirectSoundBuffer8@@U?$less@PEBD@std@@V?$allocator@U?$pair@QEBDPEAUIDirectSoundBuffer8@@@std@@@3@@std@@AEAA?AU?$pair@PEAU?$_Tree_node@U?$pair@QEBDPEAUIDirectSoundBuffer8@@@std@@PEAX@std@@_N@1@AEBQEBD@Z 00000001400224e0 f i Framework:SimpleSound.obj
 0002:00011750       ??$addressof@$$CBV?$_Tree_val@U?$_Tree_simple_types@U?$pair@QEBDPEAUIDirectSoundBuffer8@@@std@@@std@@@std@@@std@@YAPEBV?$_Tree_val@U?$_Tree_simple_types@U?$pair@QEBDPEAUIDirectSoundBuffer8@@@std@@@std@@@0@AEBV10@@Z 0000000140022750 f i Framework:SimpleSound.obj
 0002:000117b0       ??$addressof@PEAU?$_Tree_node@U?$pair@QEBDPEAUIDirectSoundBuffer8@@@std@@PEAX@std@@@std@@YAPEAPEAU?$_Tree_node@U?$pair@QEBDPEAUIDirectSoundBuffer8@@@std@@PEAX@0@AEAPEAU10@@Z 00000001400227b0 f i Framework:SimpleSound.obj
 0002:00011810       ??$addressof@U?$pair@QEBDPEAUIDirectSoundBuffer8@@@std@@@std@@YAPEAU?$pair@QEBDPEAUIDirectSoundBuffer8@@@0@AEAU10@@Z 0000000140022810 f i Framework:SimpleSound.obj
 0002:00011870       ??$addressof@V?$_Tree_val@U?$_Tree_simple_types@U?$pair@QEBDPEAUIDirectSoundBuffer8@@@std@@@std@@@std@@@std@@YAPEAV?$_Tree_val@U?$_Tree_simple_types@U?$pair@QEBDPEAUIDirectSoundBuffer8@@@std@@@std@@@0@AEAV10@@Z 0000000140022870 f i Framework:SimpleSound.obj
 0002:000118d0       ??$construct@U?$pair@QEBDPEAUIDirectSoundBuffer8@@@std@@AEBUpiecewise_construct_t@2@V?$tuple@AEBQEBD@2@V?$tuple@$$V@2@@?$_Default_allocator_traits@V?$allocator@U?$_Tree_node@U?$pair@QEBDPEAUIDirectSoundBuffer8@@@std@@PEAX@std@@@std@@@std@@SAXAEAV?$allocator@U?$_Tree_node@U?$pair@QEBDPEAUIDirectSoundBuffer8@@@std@@PEAX@std@@@1@QEAU?$pair@QEBDPEAUIDirectSoundBuffer8@@@1@AEBUpiecewise_construct_t@1@$$QEAV?$tuple@AEBQEBD@1@$$QEAV?$tuple@$$V@1@@Z 00000001400228d0 f i Framework:SimpleSound.obj
 0002:00011a10       ??$destroy@U?$pair@QEBDPEAUIDirectSoundBuffer8@@@std@@@?$_Default_allocator_traits@V?$allocator@U?$_Tree_node@U?$pair@QEBDPEAUIDirectSoundBuffer8@@@std@@PEAX@std@@@std@@@std@@SAXAEAV?$allocator@U?$_Tree_node@U?$pair@QEBDPEAUIDirectSoundBuffer8@@@std@@PEAX@std@@@1@QEAU?$pair@QEBDPEAUIDirectSoundBuffer8@@@1@@Z 0000000140022a10 f i Framework:SimpleSound.obj
 0002:00011a70       ??$exchange@PEAU?$_Tree_node@U?$pair@QEBDPEAUIDirectSoundBuffer8@@@std@@PEAX@std@@$$T@std@@YAPEAU?$_Tree_node@U?$pair@QEBDPEAUIDirectSoundBuffer8@@@std@@PEAX@0@AEAPEAU10@$$QEA$$T@Z 0000000140022a70 f i Framework:SimpleSound.obj
 0002:00011b00       ??$exchange@PEAU?$_Tree_node@U?$pair@QEBDPEAUIDirectSoundBuffer8@@@std@@PEAX@std@@AEAPEAU12@@std@@YAPEAU?$_Tree_node@U?$pair@QEBDPEAUIDirectSoundBuffer8@@@std@@PEAX@0@AEAPEAU10@0@Z 0000000140022b00 f i Framework:SimpleSound.obj
 0002:00011b90       ??$forward@AEAPEAU?$_Tree_node@U?$pair@QEBDPEAUIDirectSoundBuffer8@@@std@@PEAX@std@@@std@@YAAEAPEAU?$_Tree_node@U?$pair@QEBDPEAUIDirectSoundBuffer8@@@std@@PEAX@0@AEAPEAU10@@Z 0000000140022b90 f i Framework:SimpleSound.obj
 0002:00011bf0       ??$forward@AEBQEAU?$_Tree_node@U?$pair@QEBDPEAUIDirectSoundBuffer8@@@std@@PEAX@std@@@std@@YAAEBQEAU?$_Tree_node@U?$pair@QEBDPEAUIDirectSoundBuffer8@@@std@@PEAX@0@AEBQEAU10@@Z 0000000140022bf0 f i Framework:SimpleSound.obj
 0002:00011c50       ??$forward@PEAU?$_Tree_node@U?$pair@QEBDPEAUIDirectSoundBuffer8@@@std@@PEAX@std@@@std@@YA$$QEAPEAU?$_Tree_node@U?$pair@QEBDPEAUIDirectSoundBuffer8@@@std@@PEAX@0@AEAPEAU10@@Z 0000000140022c50 f i Framework:SimpleSound.obj
 0002:00011cb0       ??0?$_Alloc_construct_ptr@V?$allocator@U?$_Tree_node@U?$pair@QEBDPEAUIDirectSoundBuffer8@@@std@@PEAX@std@@@std@@@std@@QEAA@AEAV?$allocator@U?$_Tree_node@U?$pair@QEBDPEAUIDirectSoundBuffer8@@@std@@PEAX@std@@@1@@Z 0000000140022cb0 f i Framework:SimpleSound.obj
 0002:00011d40       ??0?$_Tree@V?$_Tmap_traits@PEBDPEAUIDirectSoundBuffer8@@U?$less@PEBD@std@@V?$allocator@U?$pair@QEBDPEAUIDirectSoundBuffer8@@@std@@@3@$0A@@std@@@std@@QEAA@AEBU?$less@PEBD@1@@Z 0000000140022d40 f i Framework:SimpleSound.obj
 0002:00011de0       ??0?$_Tree_temp_node_alloc@V?$allocator@U?$_Tree_node@U?$pair@QEBDPEAUIDirectSoundBuffer8@@@std@@PEAX@std@@@std@@@std@@QEAA@AEAV?$allocator@U?$_Tree_node@U?$pair@QEBDPEAUIDirectSoundBuffer8@@@std@@PEAX@std@@@1@@Z 0000000140022de0 f i Framework:SimpleSound.obj
 0002:00011e70       ??0?$_Tree_unchecked_const_iterator@V?$_Tree_val@U?$_Tree_simple_types@U?$pair@QEBDPEAUIDirectSoundBuffer8@@@std@@@std@@@std@@U_Iterator_base0@2@@std@@QEAA@PEAU?$_Tree_node@U?$pair@QEBDPEAUIDirectSoundBuffer8@@@std@@PEAX@1@PEBV?$_Tree_val@U?$_Tree_simple_types@U?$pair@QEBDPEAUIDirectSoundBuffer8@@@std@@@std@@@1@@Z 0000000140022e70 f i Framework:SimpleSound.obj
 0002:00011f10       ??0?$_Tree_unchecked_iterator@V?$_Tree_val@U?$_Tree_simple_types@U?$pair@QEBDPEAUIDirectSoundBuffer8@@@std@@@std@@@std@@@std@@QEAA@PEAU?$_Tree_node@U?$pair@QEBDPEAUIDirectSoundBuffer8@@@std@@PEAX@1@PEBV?$_Tree_val@U?$_Tree_simple_types@U?$pair@QEBDPEAUIDirectSoundBuffer8@@@std@@@std@@@1@@Z 0000000140022f10 f i Framework:SimpleSound.obj
 0002:00011fa0       ??0?$_Tree_val@U?$_Tree_simple_types@U?$pair@QEBDPEAUIDirectSoundBuffer8@@@std@@@std@@@std@@QEAA@XZ 0000000140022fa0 f i Framework:SimpleSound.obj
 0002:00012030       ??0?$allocator@U?$_Tree_node@U?$pair@QEBDPEAUIDirectSoundBuffer8@@@std@@PEAX@std@@@std@@QEAA@XZ 0000000140023030 f i Framework:SimpleSound.obj
 0002:00012090       ??0?$map@PEBDPEAUIDirectSoundBuffer8@@U?$less@PEBD@std@@V?$allocator@U?$pair@QEBDPEAUIDirectSoundBuffer8@@@std@@@3@@std@@QEAA@XZ 0000000140023090 f i Framework:SimpleSound.obj
 0002:00012100       ??0CSimpleSound@@QEAA@XZ   0000000140023100 f   Framework:SimpleSound.obj
 0002:000121a0       ??1?$_Alloc_construct_ptr@V?$allocator@U?$_Tree_node@U?$pair@QEBDPEAUIDirectSoundBuffer8@@@std@@PEAX@std@@@std@@@std@@QEAA@XZ 00000001400231a0 f i Framework:SimpleSound.obj
 0002:00012230       ??1?$_Tree@V?$_Tmap_traits@PEBDPEAUIDirectSoundBuffer8@@U?$less@PEBD@std@@V?$allocator@U?$pair@QEBDPEAUIDirectSoundBuffer8@@@std@@@3@$0A@@std@@@std@@QEAA@XZ 0000000140023230 f i Framework:SimpleSound.obj
 0002:00012340       ??1?$_Tree_temp_node@V?$allocator@U?$_Tree_node@U?$pair@QEBDPEAUIDirectSoundBuffer8@@@std@@PEAX@std@@@std@@@std@@QEAA@XZ 0000000140023340 f i Framework:SimpleSound.obj
 0002:00012440       ??1?$_Tree_temp_node_alloc@V?$allocator@U?$_Tree_node@U?$pair@QEBDPEAUIDirectSoundBuffer8@@@std@@PEAX@std@@@std@@@std@@QEAA@XZ 0000000140023440 f i Framework:SimpleSound.obj
 0002:00012490       ??1?$map@PEBDPEAUIDirectSoundBuffer8@@U?$less@PEBD@std@@V?$allocator@U?$pair@QEBDPEAUIDirectSoundBuffer8@@@std@@@3@@std@@QEAA@XZ 0000000140023490 f i Framework:SimpleSound.obj
 0002:000124e0       ??1CSimpleSound@@QEAA@XZ   00000001400234e0 f   Framework:SimpleSound.obj
 0002:00012560       ??9?$_Tree_unchecked_const_iterator@V?$_Tree_val@U?$_Tree_simple_types@U?$pair@QEBDPEAUIDirectSoundBuffer8@@@std@@@std@@@std@@U_Iterator_base0@2@@std@@QEBA_NU_Default_sentinel@1@@Z 0000000140023560 f i Framework:SimpleSound.obj
 0002:00012600       ??A?$map@PEBDPEAUIDirectSoundBuffer8@@U?$less@PEBD@std@@V?$allocator@U?$pair@QEBDPEAUIDirectSoundBuffer8@@@std@@@3@@std@@QEAAAEAPEAUIDirectSoundBuffer8@@AEBQEBD@Z 0000000140023600 f i Framework:SimpleSound.obj
 0002:00012680       ??D?$_Tree_unchecked_const_iterator@V?$_Tree_val@U?$_Tree_simple_types@U?$pair@QEBDPEAUIDirectSoundBuffer8@@@std@@@std@@@std@@U_Iterator_base0@2@@std@@QEBAAEBU?$pair@QEBDPEAUIDirectSoundBuffer8@@@1@XZ 0000000140023680 f i Framework:SimpleSound.obj
 0002:000126f0       ??D?$_Tree_unchecked_iterator@V?$_Tree_val@U?$_Tree_simple_types@U?$pair@QEBDPEAUIDirectSoundBuffer8@@@std@@@std@@@std@@@std@@QEBAAEAU?$pair@QEBDPEAUIDirectSoundBuffer8@@@1@XZ 00000001400236f0 f i Framework:SimpleSound.obj
 0002:00012750       ??E?$_Tree_unchecked_const_iterator@V?$_Tree_val@U?$_Tree_simple_types@U?$pair@QEBDPEAUIDirectSoundBuffer8@@@std@@@std@@@std@@U_Iterator_base0@2@@std@@QEAAAEAV01@XZ 0000000140023750 f i Framework:SimpleSound.obj
 0002:00012850       ??E?$_Tree_unchecked_iterator@V?$_Tree_val@U?$_Tree_simple_types@U?$pair@QEBDPEAUIDirectSoundBuffer8@@@std@@@std@@@std@@@std@@QEAAAEAV01@XZ 0000000140023850 f i Framework:SimpleSound.obj
 0002:000128c0       ?GetInstance@CSimpleSound@@SAAEAV1@XZ 00000001400238c0 f   Framework:SimpleSound.obj
 0002:000129a0       ?Initialize@CSimpleSound@@QEAA_NPEAUHWND__@@@Z 00000001400239a0 f   Framework:SimpleSound.obj
 0002:00012a10       ?InitializeDirectSound@CSimpleSound@@AEAA_NPEAUHWND__@@@Z 0000000140023a10 f   Framework:SimpleSound.obj
 0002:00012c80       ?IsPlaying@CSimpleSound@@QEAA_NPEBD@Z 0000000140023c80 f   Framework:SimpleSound.obj
 0002:00012dd0       ?LoadWaveFile@CSimpleSound@@AEAA_NPEBD@Z 0000000140023dd0 f   Framework:SimpleSound.obj
 0002:00013490       ?Shutdown@CSimpleSound@@QEAAXXZ 0000000140024490 f   Framework:SimpleSound.obj
 0002:000135f0       ?ShutdownDirectSound@CSimpleSound@@AEAAXXZ 00000001400245f0 f   Framework:SimpleSound.obj
 0002:000136d0       ?StartSound@CSimpleSound@@QEAA_NPEBDK@Z 00000001400246d0 f   Framework:SimpleSound.obj
 0002:000138e0       ?StopSound@CSimpleSound@@QEAA_NPEBD@Z 00000001400248e0 f   Framework:SimpleSound.obj
 0002:00013a10       ?_Adopt@_Iterator_base0@std@@QEAAXPEBX@Z 0000000140024a10 f i Framework:SimpleSound.obj
 0002:00013a70       ?_Alloc_sentinel_and_proxy@?$_Tree@V?$_Tmap_traits@PEBDPEAUIDirectSoundBuffer8@@U?$less@PEBD@std@@V?$allocator@U?$pair@QEBDPEAUIDirectSoundBuffer8@@@std@@@3@$0A@@std@@@std@@IEAAXXZ 0000000140024a70 f i Framework:SimpleSound.obj
 0002:00013b90       ?_Allocate@?$_Alloc_construct_ptr@V?$allocator@U?$_Tree_node@U?$pair@QEBDPEAUIDirectSoundBuffer8@@@std@@PEAX@std@@@std@@@std@@QEAAXXZ 0000000140024b90 f i Framework:SimpleSound.obj
 0002:00013c20       ?_Check_grow_by_1@?$_Tree@V?$_Tmap_traits@PEBDPEAUIDirectSoundBuffer8@@U?$less@PEBD@std@@V?$allocator@U?$pair@QEBDPEAUIDirectSoundBuffer8@@@std@@@3@$0A@@std@@@std@@IEAAXXZ 0000000140024c20 f i Framework:SimpleSound.obj
 0002:00013cb0       ?_Get_first@?$_Compressed_pair@U?$less@PEBD@std@@V?$_Compressed_pair@V?$allocator@U?$_Tree_node@U?$pair@QEBDPEAUIDirectSoundBuffer8@@@std@@PEAX@std@@@std@@V?$_Tree_val@U?$_Tree_simple_types@U?$pair@QEBDPEAUIDirectSoundBuffer8@@@std@@@std@@@2@$00@2@$00@std@@QEBAAEBU?$less@PEBD@2@XZ 0000000140024cb0 f i Framework:SimpleSound.obj
 0002:00013d10       ?_Get_first@?$_Compressed_pair@V?$allocator@U?$_Tree_node@U?$pair@QEBDPEAUIDirectSoundBuffer8@@@std@@PEAX@std@@@std@@V?$_Tree_val@U?$_Tree_simple_types@U?$pair@QEBDPEAUIDirectSoundBuffer8@@@std@@@std@@@2@$00@std@@QEAAAEAV?$allocator@U?$_Tree_node@U?$pair@QEBDPEAUIDirectSoundBuffer8@@@std@@PEAX@std@@@2@XZ 0000000140024d10 f i Framework:SimpleSound.obj
 0002:00013d70       ?_Get_first@?$_Compressed_pair@V?$allocator@U?$_Tree_node@U?$pair@QEBDPEAUIDirectSoundBuffer8@@@std@@PEAX@std@@@std@@V?$_Tree_val@U?$_Tree_simple_types@U?$pair@QEBDPEAUIDirectSoundBuffer8@@@std@@@std@@@2@$00@std@@QEBAAEBV?$allocator@U?$_Tree_node@U?$pair@QEBDPEAUIDirectSoundBuffer8@@@std@@PEAX@std@@@2@XZ 0000000140024d70 f i Framework:SimpleSound.obj
 0002:00013dd0       ?_Get_scary@?$_Tree@V?$_Tmap_traits@PEBDPEAUIDirectSoundBuffer8@@U?$less@PEBD@std@@V?$allocator@U?$pair@QEBDPEAUIDirectSoundBuffer8@@@std@@@3@$0A@@std@@@std@@IEAAPEAV?$_Tree_val@U?$_Tree_simple_types@U?$pair@QEBDPEAUIDirectSoundBuffer8@@@std@@@std@@@2@XZ 0000000140024dd0 f i Framework:SimpleSound.obj
 0002:00013e40       ?_Get_scary@?$_Tree@V?$_Tmap_traits@PEBDPEAUIDirectSoundBuffer8@@U?$less@PEBD@std@@V?$allocator@U?$pair@QEBDPEAUIDirectSoundBuffer8@@@std@@@3@$0A@@std@@@std@@IEBAPEBV?$_Tree_val@U?$_Tree_simple_types@U?$pair@QEBDPEAUIDirectSoundBuffer8@@@std@@@std@@@2@XZ 0000000140024e40 f i Framework:SimpleSound.obj
 0002:00013eb0       ?_Getal@?$_Tree@V?$_Tmap_traits@PEBDPEAUIDirectSoundBuffer8@@U?$less@PEBD@std@@V?$allocator@U?$pair@QEBDPEAUIDirectSoundBuffer8@@@std@@@3@$0A@@std@@@std@@IEAAAEAV?$allocator@U?$_Tree_node@U?$pair@QEBDPEAUIDirectSoundBuffer8@@@std@@PEAX@std@@@2@XZ 0000000140024eb0 f i Framework:SimpleSound.obj
 0002:00013f20       ?_Getal@?$_Tree@V?$_Tmap_traits@PEBDPEAUIDirectSoundBuffer8@@U?$less@PEBD@std@@V?$allocator@U?$pair@QEBDPEAUIDirectSoundBuffer8@@@std@@@3@$0A@@std@@@std@@IEBAAEBV?$allocator@U?$_Tree_node@U?$pair@QEBDPEAUIDirectSoundBuffer8@@@std@@PEAX@std@@@2@XZ 0000000140024f20 f i Framework:SimpleSound.obj
 0002:00013f90       ?_Getcomp@?$_Tree@V?$_Tmap_traits@PEBDPEAUIDirectSoundBuffer8@@U?$less@PEBD@std@@V?$allocator@U?$pair@QEBDPEAUIDirectSoundBuffer8@@@std@@@3@$0A@@std@@@std@@IEBAAEBU?$less@PEBD@2@XZ 0000000140024f90 f i Framework:SimpleSound.obj
 0002:00014000       ?_Insert_node@?$_Tree_val@U?$_Tree_simple_types@U?$pair@QEBDPEAUIDirectSoundBuffer8@@@std@@@std@@@std@@QEAAPEAU?$_Tree_node@U?$pair@QEBDPEAUIDirectSoundBuffer8@@@std@@PEAX@2@U?$_Tree_id@PEAU?$_Tree_node@U?$pair@QEBDPEAUIDirectSoundBuffer8@@@std@@PEAX@std@@@2@QEAU32@@Z 0000000140025000 f i Framework:SimpleSound.obj
 0002:000143f0       ?_Lrotate@?$_Tree_val@U?$_Tree_simple_types@U?$pair@QEBDPEAUIDirectSoundBuffer8@@@std@@@std@@@std@@QEAAXPEAU?$_Tree_node@U?$pair@QEBDPEAUIDirectSoundBuffer8@@@std@@PEAX@2@@Z 00000001400253f0 f i Framework:SimpleSound.obj
 0002:00014560       ?_Min@?$_Tree_val@U?$_Tree_simple_types@U?$pair@QEBDPEAUIDirectSoundBuffer8@@@std@@@std@@@std@@SAPEAU?$_Tree_node@U?$pair@QEBDPEAUIDirectSoundBuffer8@@@std@@PEAX@2@PEAU32@@Z 0000000140025560 f i Framework:SimpleSound.obj
 0002:000145f0       ?_Orphan_ptr@?$_Tree_val@U?$_Tree_simple_types@U?$pair@QEBDPEAUIDirectSoundBuffer8@@@std@@@std@@@std@@QEAAXQEAU?$_Tree_node@U?$pair@QEBDPEAUIDirectSoundBuffer8@@@std@@PEAX@2@@Z 00000001400255f0 f i Framework:SimpleSound.obj
 0002:00014750       ?_Release@?$_Alloc_construct_ptr@V?$allocator@U?$_Tree_node@U?$pair@QEBDPEAUIDirectSoundBuffer8@@@std@@PEAX@std@@@std@@@std@@QEAAPEAU?$_Tree_node@U?$pair@QEBDPEAUIDirectSoundBuffer8@@@std@@PEAX@2@XZ 0000000140025750 f i Framework:SimpleSound.obj
 0002:000147d0       ?_Rrotate@?$_Tree_val@U?$_Tree_simple_types@U?$pair@QEBDPEAUIDirectSoundBuffer8@@@std@@@std@@@std@@QEAAXPEAU?$_Tree_node@U?$pair@QEBDPEAUIDirectSoundBuffer8@@@std@@PEAX@2@@Z 00000001400257d0 f i Framework:SimpleSound.obj
 0002:00014940       ?_Unchecked_begin@?$_Tree@V?$_Tmap_traits@PEBDPEAUIDirectSoundBuffer8@@U?$less@PEBD@std@@V?$allocator@U?$pair@QEBDPEAUIDirectSoundBuffer8@@@std@@@3@$0A@@std@@@std@@QEAA?AV?$_Tree_unchecked_iterator@V?$_Tree_val@U?$_Tree_simple_types@U?$pair@QEBDPEAUIDirectSoundBuffer8@@@std@@@std@@@std@@@2@XZ 0000000140025940 f i Framework:SimpleSound.obj
 0002:000149d0       ?_Unchecked_end@?$_Tree@V?$_Tmap_traits@PEBDPEAUIDirectSoundBuffer8@@U?$less@PEBD@std@@V?$allocator@U?$pair@QEBDPEAUIDirectSoundBuffer8@@@std@@@3@$0A@@std@@@std@@QEBA?AU_Default_sentinel@2@XZ 00000001400259d0 f i Framework:SimpleSound.obj
 0002:00014a50       ?__autoclassinit2@?$_Tree_unchecked_iterator@V?$_Tree_val@U?$_Tree_simple_types@U?$pair@QEBDPEAUIDirectSoundBuffer8@@@std@@@std@@@std@@@std@@QEAAX_K@Z 0000000140025a50 f i Framework:SimpleSound.obj
 0002:00014ab0       ?__autoclassinit2@CSimpleSound@@QEAAX_K@Z 0000000140025ab0 f i Framework:SimpleSound.obj
 0002:00014b10       ?allocate@?$allocator@U?$_Tree_node@U?$pair@QEBDPEAUIDirectSoundBuffer8@@@std@@PEAX@std@@@std@@QEAAPEAU?$_Tree_node@U?$pair@QEBDPEAUIDirectSoundBuffer8@@@std@@PEAX@2@_K@Z 0000000140025b10 f i Framework:SimpleSound.obj
 0002:00014b80       ?clear@?$_Tree@V?$_Tmap_traits@PEBDPEAUIDirectSoundBuffer8@@U?$less@PEBD@std@@V?$allocator@U?$pair@QEBDPEAUIDirectSoundBuffer8@@@std@@@3@$0A@@std@@@std@@QEAAXXZ 0000000140025b80 f i Framework:SimpleSound.obj
 0002:00014c70       ?deallocate@?$_Default_allocator_traits@V?$allocator@U?$_Tree_node@U?$pair@QEBDPEAUIDirectSoundBuffer8@@@std@@PEAX@std@@@std@@@std@@SAXAEAV?$allocator@U?$_Tree_node@U?$pair@QEBDPEAUIDirectSoundBuffer8@@@std@@PEAX@std@@@2@QEAU?$_Tree_node@U?$pair@QEBDPEAUIDirectSoundBuffer8@@@std@@PEAX@2@_K@Z 0000000140025c70 f i Framework:SimpleSound.obj
 0002:00014cf0       ?deallocate@?$allocator@U?$_Tree_node@U?$pair@QEBDPEAUIDirectSoundBuffer8@@@std@@PEAX@std@@@std@@QEAAXQEAU?$_Tree_node@U?$pair@QEBDPEAUIDirectSoundBuffer8@@@std@@PEAX@2@_K@Z 0000000140025cf0 f i Framework:SimpleSound.obj
 0002:00014d70       ?max_size@?$_Default_allocator_traits@V?$allocator@U?$_Tree_node@U?$pair@QEBDPEAUIDirectSoundBuffer8@@@std@@PEAX@std@@@std@@@std@@SA_KAEBV?$allocator@U?$_Tree_node@U?$pair@QEBDPEAUIDirectSoundBuffer8@@@std@@PEAX@std@@@2@@Z 0000000140025d70 f i Framework:SimpleSound.obj
 0002:00014dd0       ?max_size@?$_Tree@V?$_Tmap_traits@PEBDPEAUIDirectSoundBuffer8@@U?$less@PEBD@std@@V?$allocator@U?$pair@QEBDPEAUIDirectSoundBuffer8@@@std@@@3@$0A@@std@@@std@@QEBA_KXZ 0000000140025dd0 f i Framework:SimpleSound.obj
 0002:00014e80       ?loadBMPRaw@@YAPEAEPEBDAEAI1_N@Z 0000000140025e80 f   Framework:TextureLoader.obj
 0002:0001578c       DirectSoundCreate8         000000014002678c f   dsound:DSOUND.dll
 0002:00015792       QueryPerformanceCounter    0000000140026792 f   kernel32:KERNEL32.dll
 0002:00015798       QueryPerformanceFrequency  0000000140026798 f   kernel32:KERNEL32.dll
 0002:0001579e       WindowFromDC               000000014002679e f   user32:USER32.dll
 0002:000157a4       GetClientRect              00000001400267a4 f   user32:USER32.dll
 0002:000157aa       GetAsyncKeyState           00000001400267aa f   user32:USER32.dll
 0002:000157b0       GetCursorPos               00000001400267b0 f   user32:USER32.dll
 0002:000157b6       ScreenToClient             00000001400267b6 f   user32:USER32.dll
 0002:000157c0       _CRT_RTC_INIT              00000001400267c0 f   MSVCRTD:init.obj
 0002:000157d0       _CRT_RTC_INITW             00000001400267d0 f   MSVCRTD:init.obj
 0002:000157e0       _RTC_InitBase              00000001400267e0 f   MSVCRTD:init.obj
 0002:00015830       _RTC_Shutdown              0000000140026830 f   MSVCRTD:init.obj
 0002:00015860       __CheckForDebuggerJustMyCode 0000000140026860 f   MSVCRTD:debugger_jmc.obj
 0002:000158b0       ??2@YAPEAX_K@Z             00000001400268b0 f   MSVCRTD:new_scalar.obj
 0002:00015920       ??3@YAXPEAX_K@Z            0000000140026920 f   MSVCRTD:delete_scalar_size.obj
 0002:00015950       ?configure_argv@__scrt_narrow_argv_policy@@SAHXZ 0000000140026950 f i MSVCRTD:utility.obj
 0002:00015a70       ?initialize_environment@__scrt_narrow_environment_policy@@SAHXZ 0000000140026a70 f i MSVCRTD:utility.obj
 0002:00015b40       NtCurrentTeb               0000000140026b40 f i MSVCRTD:utility.obj
 0002:00015b50       __scrt_acquire_startup_lock 0000000140026b50 f   MSVCRTD:utility.obj
 0002:00015bd0       __scrt_dllmain_after_initialize_c 0000000140026bd0 f   MSVCRTD:utility.obj
 0002:00015c10       __scrt_dllmain_before_initialize_c 0000000140026c10 f   MSVCRTD:utility.obj
 0002:00015c40       __scrt_dllmain_crt_thread_attach 0000000140026c40 f   MSVCRTD:utility.obj
 0002:00015c80       __scrt_dllmain_crt_thread_detach 0000000140026c80 f   MSVCRTD:utility.obj
 0002:00015ca0       __scrt_dllmain_exception_filter 0000000140026ca0 f   MSVCRTD:utility.obj
 0002:00015d20       __scrt_dllmain_uninitialize_c 0000000140026d20 f   MSVCRTD:utility.obj
 0002:00015d60       __scrt_dllmain_uninitialize_critical 0000000140026d60 f   MSVCRTD:utility.obj
 0002:00015d80       __scrt_initialize_crt      0000000140026d80 f   MSVCRTD:utility.obj
 0002:00015de0       __scrt_initialize_onexit_tables 0000000140026de0 f   MSVCRTD:utility.obj
 0002:00015f30       __scrt_is_nonwritable_in_current_image 0000000140026f30 f   MSVCRTD:utility.obj
 0002:00015fe0       __scrt_release_startup_lock 0000000140026fe0 f   MSVCRTD:utility.obj
 0002:00016020       __scrt_uninitialize_crt    0000000140027020 f   MSVCRTD:utility.obj
 0002:00016070       _onexit                    0000000140027070 f   MSVCRTD:utility.obj
 0002:00016110       at_quick_exit              0000000140027110 f   MSVCRTD:utility.obj
 0002:00016170       atexit                     0000000140027170 f   MSVCRTD:utility.obj
 0002:000161b0       _RTC_AllocaHelper          00000001400271b0 f   MSVCRTD:stack.obj
 0002:00016200       _RTC_CheckStackVars        0000000140027200 f   MSVCRTD:stack.obj
 0002:000162b0       _RTC_CheckStackVars2       00000001400272b0 f   MSVCRTD:stack.obj
 0002:00016400       __GSHandlerCheck           0000000140027400 f   MSVCRTD:gshandler.obj
 0002:00016450       __GSHandlerCheckCommon     0000000140027450 f   MSVCRTD:gshandler.obj
 0002:00016590       __GSHandlerCheck_EH4       0000000140027590 f   MSVCRTD:gshandlereh4.obj
 0002:00016670       __security_check_cookie    0000000140027670 f   MSVCRTD:amdsecgs.obj
 0002:000166a0       ??1type_info@@UEAA@XZ      00000001400276a0 f   MSVCRTD:std_type_info_static.obj
 0002:000166c0       ??_Etype_info@@UEAAPEAXI@Z 00000001400276c0 f i MSVCRTD:std_type_info_static.obj
 0002:000166c0       ??_Gtype_info@@UEAAPEAXI@Z 00000001400276c0 f i MSVCRTD:std_type_info_static.obj
 0002:00016a60       ?configure_argv@__scrt_wide_argv_policy@@SAHXZ 0000000140027a60 f i MSVCRTD:exe_wwinmain.obj
 0002:00016a80       ?initialize_environment@__scrt_wide_environment_policy@@SAHXZ 0000000140027a80 f i MSVCRTD:exe_wwinmain.obj
 0002:00016af0       ?set_app_type@__scrt_winmain_policy@@SAXXZ 0000000140027af0 f i MSVCRTD:exe_wwinmain.obj
 0002:00016b10       ?set_commode@__scrt_file_policy@@SAXXZ 0000000140027b10 f i MSVCRTD:exe_wwinmain.obj
 0002:00016b40       ?set_fmode@__scrt_file_policy@@SAXXZ 0000000140027b40 f i MSVCRTD:exe_wwinmain.obj
 0002:00016b60       wWinMainCRTStartup         0000000140027b60 f   MSVCRTD:exe_wwinmain.obj
 0002:00016d30       _Init_thread_abort         0000000140027d30 f   MSVCRTD:thread_safe_statics.obj
 0002:00016d70       _Init_thread_footer        0000000140027d70 f   MSVCRTD:thread_safe_statics.obj
 0002:00016df0       _Init_thread_header        0000000140027df0 f   MSVCRTD:thread_safe_statics.obj
 0002:00016ea0       _Init_thread_lock          0000000140027ea0 f   MSVCRTD:thread_safe_statics.obj
 0002:00016ec0       _Init_thread_notify        0000000140027ec0 f   MSVCRTD:thread_safe_statics.obj
 0002:00016f30       _Init_thread_unlock        0000000140027f30 f   MSVCRTD:thread_safe_statics.obj
 0002:00016f50       _Init_thread_wait          0000000140027f50 f   MSVCRTD:thread_safe_statics.obj
 0002:00017030       ??_U@YAPEAX_K@Z            0000000140028030 f   MSVCRTD:new_array.obj
 0002:00017050       ??_V@YAXPEAX@Z             0000000140028050 f   MSVCRTD:delete_array.obj
 0002:00017070       ?_RTC_GetErrorFunc@@YAP6AHHPEBDH00ZZPEBX@Z 0000000140028070 f   MSVCRTD:userapi.obj
 0002:00017080       ?_RTC_GetErrorFuncW@@YAP6AHHPEB_WH00ZZPEBX@Z 0000000140028080 f   MSVCRTD:userapi.obj
 0002:00017090       _RTC_GetErrDesc            0000000140028090 f   MSVCRTD:userapi.obj
 0002:000170b0       _RTC_NumErrors             00000001400280b0 f   MSVCRTD:userapi.obj
 0002:000170c0       _RTC_SetErrorFunc          00000001400280c0 f   MSVCRTD:userapi.obj
 0002:000170e0       _RTC_SetErrorFuncW         00000001400280e0 f   MSVCRTD:userapi.obj
 0002:00017100       _RTC_SetErrorType          0000000140028100 f   MSVCRTD:userapi.obj
 0002:00017130       ??0bad_alloc@std@@QEAA@XZ  0000000140028130 f i MSVCRTD:throw_bad_alloc.obj
 0002:00017180       ?__scrt_throw_std_bad_alloc@@YAXXZ 0000000140028180 f   MSVCRTD:throw_bad_alloc.obj
 0002:000171b0       ?__scrt_throw_std_bad_array_new_length@@YAXXZ 00000001400281b0 f   MSVCRTD:throw_bad_alloc.obj
 0002:000171e0       ??3@YAXPEAX@Z              00000001400281e0 f   MSVCRTD:delete_scalar.obj
 0002:00017210       __isa_available_init       0000000140028210 f   MSVCRTD:cpu_disp.obj
 0002:00017670       _get_startup_argv_mode     0000000140028670 f   MSVCRTD:argv_mode.obj
 0002:00017680       __scrt_is_ucrt_dll_in_use  0000000140028680 f   MSVCRTD:ucrt_detection.obj
 0002:000176b0       __crt_debugger_hook        00000001400286b0 f   MSVCRTD:utility_desktop.obj
 0002:000176d0       __scrt_fastfail            00000001400286d0 f   MSVCRTD:utility_desktop.obj
 0002:000178d0       __scrt_get_show_window_mode 00000001400288d0 f   MSVCRTD:utility_desktop.obj
 0002:00017940       __scrt_initialize_mta      0000000140028940 f   MSVCRTD:utility_desktop.obj
 0002:00017960       __scrt_initialize_winrt    0000000140028960 f   MSVCRTD:utility_desktop.obj
 0002:00017970       __scrt_is_managed_app      0000000140028970 f   MSVCRTD:utility_desktop.obj
 0002:00017a40       __scrt_set_unhandled_exception_filter 0000000140028a40 f   MSVCRTD:utility_desktop.obj
 0002:00017a60       __scrt_exe_initialize_mta  0000000140028a60 f   MSVCRTD:utility_desktop.obj
 0002:00017a60       __scrt_stub_for_initialize_mta 0000000140028a60 f   MSVCRTD:utility_desktop.obj
 0002:00017a70       __scrt_unhandled_exception_filter 0000000140028a70 f   MSVCRTD:utility_desktop.obj
 0002:00017b30       _guard_check_icall_nop     0000000140028b30 f i MSVCRTD:guard_support.obj
[...]
 0007:000000f2       __D17CECDD_ios             00000001400460f2     Framework:main.obj
 0007:000000f3       __4C468533_string          00000001400460f3     Framework:main.obj
 0007:000000f4       __B29016BD_freeglut_std@h  00000001400460f4     Framework:main.obj
 0007:000000f5       __FFE5D6BC_SimpleController@h 00000001400460f5     Framework:main.obj
 0007:000000f6       __CC282F90_tuple           00000001400460f6     Framework:main.obj
 0007:000000f7       __6322CAD3_xtree           00000001400460f7     Framework:main.obj
 0007:000000f8       __AECE6B31_SimpleSprite@h  00000001400460f8     Framework:main.obj
 0007:000000f9       __C641C6F0_main@cpp        00000001400460f9     Framework:main.obj
 0007:000000fa       __0063A417_istream         00000001400460fa     Framework:main.obj
 0007:000000fb       __63B3912D_ostream         00000001400460fb     Framework:main.obj
 0007:000000fc       __D8833270_streambuf       00000001400460fc     Framework:main.obj
 0007:000000fd       __48D2DAA7_iosfwd          00000001400460fd     Framework:main.obj
 0007:000000fe       __B1DBDA87_utility         00000001400460fe     Framework:main.obj
 0007:000000ff       __59613C47_xatomic@h       00000001400460ff     Framework:main.obj
 0007:00000100       __46C44D95_xstddef         0000000140046100     Framework:main.obj
 0007:0000010e       __23AD7809_corecrt_stdio_config@h 000000014004610e     Framework:app.obj
 0007:0000010f       __DD74D44A_corecrt_wstdio@h 000000014004610f     Framework:app.obj
 0007:00000110       __4B3541EE_stdio@h         0000000140046110     Framework:app.obj
 0007:00000111       __82CA083D_corecrt_memcpy_s@h 0000000140046111     Framework:app.obj
 0007:00000112       __F8BB3D43_corecrt_memory@h 0000000140046112     Framework:app.obj
 0007:00000113       __61E6ED1F_corecrt_wstring@h 0000000140046113     Framework:app.obj
 0007:00000114       __B0CBCB7B_string@h        0000000140046114     Framework:app.obj
 0007:00000115       __FF61FF39_mbstring@h      0000000140046115     Framework:app.obj
 0007:00000116       __84FBB88E_tchar@h         0000000140046116     Framework:app.obj
 0007:00000117       __0A074437_vcruntime_new@h 0000000140046117     Framework:app.obj
 0007:00000118       __990BA27D_corecrt_wconio@h 0000000140046118     Framework:app.obj
 0007:00000119       __D837D19F_corecrt_wio@h   0000000140046119     Framework:app.obj
 0007:0000011a       __FE12CC83_corecrt_wtime@h 000000014004611a     Framework:app.obj
 0007:0000011b       __01EE68DC_stat@h          000000014004611b     Framework:app.obj
 0007:0000011c       __B513A213_wchar@h         000000014004611c     Framework:app.obj
 0007:0000011d       __E410F33D_corecrt_math@h  000000014004611d     Framework:app.obj
 0007:0000011e       __36B85FDF_stdlib@h        000000014004611e     Framework:app.obj
 0007:0000011f       __86D65F0C_cstdlib         000000014004611f     Framework:app.obj
 0007:00000120       __843B0F21_limits          0000000140046120     Framework:app.obj
 0007:00000121       __FFC6471F_type_traits     0000000140046121     Framework:app.obj
 0007:00000122       __A2957829_malloc@h        0000000140046122     Framework:app.obj
 0007:00000123       __69245D52_vcruntime_exception@h 0000000140046123     Framework:app.obj
 0007:00000124       __536DB091_exception       0000000140046124     Framework:app.obj
 0007:00000125       __86E03ACD_xutility        0000000140046125     Framework:app.obj
 0007:00000126       __DB4EB944_xmemory         0000000140046126     Framework:app.obj
 0007:00000127       __AF9D3FD8_xstring         0000000140046127     Framework:app.obj
 0007:00000128       __941D13D0_ctype@h         0000000140046128     Framework:app.obj
 0007:00000129       __4C468533_string          0000000140046129     Framework:app.obj
 0007:0000012a       __DF6784BA_basetsd@h       000000014004612a     Framework:app.obj
 0007:0000012b       __73E5A5AE_guiddef@h       000000014004612b     Framework:app.obj
 0007:0000012c       __20E88E2C_winnt@h         000000014004612c     Framework:app.obj
 0007:0000012d       __B0708975_processthreadsapi@h 000000014004612d     Framework:app.obj
 0007:0000012e       __14D8E0CB_memoryapi@h     000000014004612e     Framework:app.obj
 0007:0000012f       __0A5E6AC9_winerror@h      000000014004612f     Framework:app.obj
 0007:00000130       __95229982_winbase@h       0000000140046130     Framework:app.obj
 0007:00000131       __FDCAD2F5_winuser@h       0000000140046131     Framework:app.obj
 0007:00000132       __253F0A20_winioctl@h      0000000140046132     Framework:app.obj
 0007:00000133       __CA946E7A_propidl@h       0000000140046133     Framework:app.obj
 0007:00000134       __4B69DDF6_oleauto@h       0000000140046134     Framework:app.obj
 0007:00000135       __7F05D861_stralign@h      0000000140046135     Framework:app.obj
 0007:00000136       __B29016BD_freeglut_std@h  0000000140046136     Framework:app.obj
 0007:00000137       __FFE5D6BC_SimpleController@h 0000000140046137     Framework:app.obj
 0007:00000138       __CC282F90_tuple           0000000140046138     Framework:app.obj
 0007:00000139       __6322CAD3_xtree           0000000140046139     Framework:app.obj
 0007:0000013a       __AECE6B31_SimpleSprite@h  000000014004613a     Framework:app.obj
 0007:0000013b       __AD7C0BCF_app@cpp         000000014004613b     Framework:app.obj
 0007:0000013c       __B1DBDA87_utility         000000014004613c     Framework:app.obj
 0007:0000013d       __46C44D95_xstddef         000000014004613d     Framework:app.obj
 0007:00000147       __23AD7809_corecrt_stdio_config@h 0000000140046147     Framework:SimpleSprite.obj
 0007:00000148       __DD74D44A_corecrt_wstdio@h 0000000140046148     Framework:SimpleSprite.obj
 0007:00000149       __4B3541EE_stdio@h         0000000140046149     Framework:SimpleSprite.obj
 0007:0000014a       __82CA083D_corecrt_memcpy_s@h 000000014004614a     Framework:SimpleSprite.obj
 0007:0000014b       __F8BB3D43_corecrt_memory@h 000000014004614b     Framework:SimpleSprite.obj
 0007:0000014c       __61E6ED1F_corecrt_wstring@h 000000014004614c     Framework:SimpleSprite.obj
 0007:0000014d       __B0CBCB7B_string@h        000000014004614d     Framework:SimpleSprite.obj
 0007:0000014e       __FF61FF39_mbstring@h      000000014004614e     Framework:SimpleSprite.obj
 0007:0000014f       __84FBB88E_tchar@h         000000014004614f     Framework:SimpleSprite.obj
 0007:00000150       __941D13D0_ctype@h         0000000140046150     Framework:SimpleSprite.obj
 0007:00000151       __DF6784BA_basetsd@h       0000000140046151     Framework:SimpleSprite.obj
 0007:00000152       __73E5A5AE_guiddef@h       0000000140046152     Framework:SimpleSprite.obj
 0007:00000153       __20E88E2C_winnt@h         0000000140046153     Framework:SimpleSprite.obj
 0007:00000154       __B0708975_processthreadsapi@h 0000000140046154     Framework:SimpleSprite.obj
 0007:00000155       __14D8E0CB_memoryapi@h     0000000140046155     Framework:SimpleSprite.obj
 0007:00000156       __0A5E6AC9_winerror@h      0000000140046156     Framework:SimpleSprite.obj
 0007:00000157       __95229982_winbase@h       0000000140046157     Framework:SimpleSprite.obj
 0007:00000158       __FDCAD2F5_winuser@h       0000000140046158     Framework:SimpleSprite.obj
 0007:00000159       __253F0A20_winioctl@h      0000000140046159     Framework:SimpleSprite.obj
 0007:0000015a       __36B85FDF_stdlib@h        000000014004615a     Framework:SimpleSprite.obj
 0007:0000015b       __CA946E7A_propidl@h       000000014004615b     Framework:SimpleSprite.obj
 0007:0000015c       __4B69DDF6_oleauto@h       000000014004615c     Framework:SimpleSprite.obj
 0007:0000015d       __7F05D861_stralign@h      000000014004615d     Framework:SimpleSprite.obj
 0007:0000015e       __B29016BD_freeglut_std@h  000000014004615e     Framework:SimpleSprite.obj
 0007:0000015f       __FFE5D6BC_SimpleController@h 000000014004615f     Framework:SimpleSprite.obj
 0007:00000160       __0A074437_vcruntime_new@h 0000000140046160     Framework:SimpleSprite.obj
 0007:00000161       __E410F33D_corecrt_math@h  0000000140046161     Framework:SimpleSprite.obj
 0007:00000162       __86D65F0C_cstdlib         0000000140046162     Framework:SimpleSprite.obj
 0007:00000163       __FFC6471F_type_traits     0000000140046163     Framework:SimpleSprite.obj
 0007:00000164       __A2957829_malloc@h        0000000140046164     Framework:SimpleSprite.obj
 0007:00000165       __69245D52_vcruntime_exception@h 0000000140046165     Framework:SimpleSprite.obj
 0007:00000166       __536DB091_exception       0000000140046166     Framework:SimpleSprite.obj
 0007:00000167       __86E03ACD_xutility        0000000140046167     Framework:SimpleSprite.obj
 0007:00000168       __CC282F90_tuple           0000000140046168     Framework:SimpleSprite.obj
 0007:00000169       __990BA27D_corecrt_wconio@h 0000000140046169     Framework:SimpleSprite.obj
 0007:0000016a       __D837D19F_corecrt_wio@h   000000014004616a     Framework:SimpleSprite.obj
 0007:0000016b       __FE12CC83_corecrt_wtime@h 000000014004616b     Framework:SimpleSprite.obj
 0007:0000016c       __01EE68DC_stat@h          000000014004616c     Framework:SimpleSprite.obj
 0007:0000016d       __B513A213_wchar@h         000000014004616d     Framework:SimpleSprite.obj
 0007:0000016e       __843B0F21_limits          000000014004616e     Framework:SimpleSprite.obj
 0007:0000016f       __DB4EB944_xmemory         000000014004616f     Framework:SimpleSprite.obj
 0007:00000170       __6322CAD3_xtree           0000000140046170     Framework:SimpleSprite.obj
 0007:00000171       __AECE6B31_SimpleSprite@h  0000000140046171     Framework:SimpleSprite.obj
 0007:00000172       __6F52F687_SimpleSprite@cpp 0000000140046172     Framework:SimpleSprite.obj
 0007:00000173       __D1FF3835_map             0000000140046173     Framework:SimpleSprite.obj
 0007:00000174       __B1DBDA87_utility         0000000140046174     Framework:SimpleSprite.obj
 0007:00000175       __46C44D95_xstddef         0000000140046175     Framework:SimpleSprite.obj
 0007:0000017f       __23AD7809_corecrt_stdio_config@h 000000014004617f     Framework:SimpleController.obj
 0007:00000180       __DD74D44A_corecrt_wstdio@h 0000000140046180     Framework:SimpleController.obj
 0007:00000181       __4B3541EE_stdio@h         0000000140046181     Framework:SimpleController.obj
 0007:00000182       __82CA083D_corecrt_memcpy_s@h 0000000140046182     Framework:SimpleController.obj
 0007:00000183       __F8BB3D43_corecrt_memory@h 0000000140046183     Framework:SimpleController.obj
 0007:00000184       __61E6ED1F_corecrt_wstring@h 0000000140046184     Framework:SimpleController.obj
 0007:00000185       __B0CBCB7B_string@h        0000000140046185     Framework:SimpleController.obj
 0007:00000186       __FF61FF39_mbstring@h      0000000140046186     Framework:SimpleController.obj
 0007:00000187       __84FBB88E_tchar@h         0000000140046187     Framework:SimpleController.obj
 0007:00000188       __941D13D0_ctype@h         0000000140046188     Framework:SimpleController.obj
 0007:00000189       __DF6784BA_basetsd@h       0000000140046189     Framework:SimpleController.obj
 0007:0000018a       __73E5A5AE_guiddef@h       000000014004618a     Framework:SimpleController.obj
 0007:0000018b       __20E88E2C_winnt@h         000000014004618b     Framework:SimpleController.obj
 0007:0000018c       __B0708975_processthreadsapi@h 000000014004618c     Framework:SimpleController.obj
 0007:0000018d       __14D8E0CB_memoryapi@h     000000014004618d     Framework:SimpleController.obj
 0007:0000018e       __0A5E6AC9_winerror@h      000000014004618e     Framework:SimpleController.obj
 0007:0000018f       __95229982_winbase@h       000000014004618f     Framework:SimpleController.obj
 0007:00000190       __FDCAD2F5_winuser@h       0000000140046190     Framework:SimpleController.obj
 0007:00000191       __253F0A20_winioctl@h      0000000140046191     Framework:SimpleController.obj
 0007:00000192       __36B85FDF_stdlib@h        0000000140046192     Framework:SimpleController.obj
 0007:00000193       __CA946E7A_propidl@h       0000000140046193     Framework:SimpleController.obj
 0007:00000194       __4B69DDF6_oleauto@h       0000000140046194     Framework:SimpleController.obj
 0007:00000195       __7F05D861_stralign@h      0000000140046195     Framework:SimpleController.obj
 0007:00000196       __FFE5D6BC_SimpleController@h 0000000140046196     Framework:SimpleController.obj
 0007:00000197       __B29016BD_freeglut_std@h  0000000140046197     Framework:SimpleController.obj
 0007:00000198       __0A074437_vcruntime_new@h 0000000140046198     Framework:SimpleController.obj
 0007:00000199       __E410F33D_corecrt_math@h  0000000140046199     Framework:SimpleController.obj
 0007:0000019a       __86D65F0C_cstdlib         000000014004619a     Framework:SimpleController.obj
 0007:0000019b       __FFC6471F_type_traits     000000014004619b     Framework:SimpleController.obj
 0007:0000019c       __A2957829_malloc@h        000000014004619c     Framework:SimpleController.obj
 0007:0000019d       __69245D52_vcruntime_exception@h 000000014004619d     Framework:SimpleController.obj
 0007:0000019e       __536DB091_exception       000000014004619e     Framework:SimpleController.obj
 0007:0000019f       __86E03ACD_xutility        000000014004619f     Framework:SimpleController.obj
 0007:000001a0       __CC282F90_tuple           00000001400461a0     Framework:SimpleController.obj
 0007:000001a1       __990BA27D_corecrt_wconio@h 00000001400461a1     Framework:SimpleController.obj
 0007:000001a2       __D837D19F_corecrt_wio@h   00000001400461a2     Framework:SimpleController.obj
 0007:000001a3       __FE12CC83_corecrt_wtime@h 00000001400461a3     Framework:SimpleController.obj
 0007:000001a4       __01EE68DC_stat@h          00000001400461a4     Framework:SimpleController.obj
 0007:000001a5       __B513A213_wchar@h         00000001400461a5     Framework:SimpleController.obj
 0007:000001a6       __843B0F21_limits          00000001400461a6     Framework:SimpleController.obj
 0007:000001a7       __DB4EB944_xmemory         00000001400461a7     Framework:SimpleController.obj
 0007:000001a8       __6322CAD3_xtree           00000001400461a8     Framework:SimpleController.obj
 0007:000001a9       __AECE6B31_SimpleSprite@h  00000001400461a9     Framework:SimpleController.obj
 0007:000001aa       __54AF8E9B_SimpleController@cpp 00000001400461aa     Framework:SimpleController.obj
 0007:000001b3       __23AD7809_corecrt_stdio_config@h 00000001400461b3     Framework:SimpleSound.obj
 0007:000001b4       __DD74D44A_corecrt_wstdio@h 00000001400461b4     Framework:SimpleSound.obj
 0007:000001b5       __4B3541EE_stdio@h         00000001400461b5     Framework:SimpleSound.obj
 0007:000001b6       __82CA083D_corecrt_memcpy_s@h 00000001400461b6     Framework:SimpleSound.obj
 0007:000001b7       __F8BB3D43_corecrt_memory@h 00000001400461b7     Framework:SimpleSound.obj
 0007:000001b8       __61E6ED1F_corecrt_wstring@h 00000001400461b8     Framework:SimpleSound.obj
 0007:000001b9       __B0CBCB7B_string@h        00000001400461b9     Framework:SimpleSound.obj
 0007:000001ba       __FF61FF39_mbstring@h      00000001400461ba     Framework:SimpleSound.obj
 0007:000001bb       __84FBB88E_tchar@h         00000001400461bb     Framework:SimpleSound.obj
 0007:000001bc       __941D13D0_ctype@h         00000001400461bc     Framework:SimpleSound.obj
 0007:000001bd       __DF6784BA_basetsd@h       00000001400461bd     Framework:SimpleSound.obj
 0007:000001be       __73E5A5AE_guiddef@h       00000001400461be     Framework:SimpleSound.obj
 0007:000001bf       __20E88E2C_winnt@h         00000001400461bf     Framework:SimpleSound.obj
 0007:000001c0       __B0708975_processthreadsapi@h 00000001400461c0     Framework:SimpleSound.obj
 0007:000001c1       __14D8E0CB_memoryapi@h     00000001400461c1     Framework:SimpleSound.obj
 0007:000001c2       __0A5E6AC9_winerror@h      00000001400461c2     Framework:SimpleSound.obj
 0007:000001c3       __95229982_winbase@h       00000001400461c3     Framework:SimpleSound.obj
 0007:000001c4       __FDCAD2F5_winuser@h       00000001400461c4     Framework:SimpleSound.obj
 0007:000001c5       __253F0A20_winioctl@h      00000001400461c5     Framework:SimpleSound.obj
 0007:000001c6       __36B85FDF_stdlib@h        00000001400461c6     Framework:SimpleSound.obj
 0007:000001c7       __CA946E7A_propidl@h       00000001400461c7     Framework:SimpleSound.obj
 0007:000001c8       __4B69DDF6_oleauto@h       00000001400461c8     Framework:SimpleSound.obj
 0007:000001c9       __7F05D861_stralign@h      00000001400461c9     Framework:SimpleSound.obj
 0007:000001ca       __0A074437_vcruntime_new@h 00000001400461ca     Framework:SimpleSound.obj
 0007:000001cb       __E410F33D_corecrt_math@h  00000001400461cb     Framework:SimpleSound.obj
 0007:000001cc       __86D65F0C_cstdlib         00000001400461cc     Framework:SimpleSound.obj
 0007:000001cd       __FFC6471F_type_traits     00000001400461cd     Framework:SimpleSound.obj
 0007:000001ce       __A2957829_malloc@h        00000001400461ce     Framework:SimpleSound.obj
 0007:000001cf       __69245D52_vcruntime_exception@h 00000001400461cf     Framework:SimpleSound.obj
 0007:000001d0       __536DB091_exception       00000001400461d0     Framework:SimpleSound.obj
 0007:000001d1       __86E03ACD_xutility        00000001400461d1     Framework:SimpleSound.obj
 0007:000001d2       __CC282F90_tuple           00000001400461d2     Framework:SimpleSound.obj
 0007:000001d3       __990BA27D_corecrt_wconio@h 00000001400461d3     Framework:SimpleSound.obj
 0007:000001d4       __D837D19F_corecrt_wio@h   00000001400461d4     Framework:SimpleSound.obj
 0007:000001d5       __FE12CC83_corecrt_wtime@h 00000001400461d5     Framework:SimpleSound.obj
 0007:000001d6       __01EE68DC_stat@h          00000001400461d6     Framework:SimpleSound.obj
 0007:000001d7       __B513A213_wchar@h         00000001400461d7     Framework:SimpleSound.obj
 0007:000001d8       __843B0F21_limits          00000001400461d8     Framework:SimpleSound.obj
 0007:000001d9       __DB4EB944_xmemory         00000001400461d9     Framework:SimpleSound.obj
 0007:000001da       __6322CAD3_xtree           00000001400461da     Framework:SimpleSound.obj
 0007:000001db       __5262FE7C_SimpleSound@h   00000001400461db     Framework:SimpleSound.obj
 0007:000001dc       __AAE05CA8_SimpleSound@cpp 00000001400461dc     Framework:SimpleSound.obj
 0007:000001dd       __D1FF3835_map             00000001400461dd     Framework:SimpleSound.obj
 0007:000001de       __B1DBDA87_utility         00000001400461de     Framework:SimpleSound.obj
 0007:000001df       __46C44D95_xstddef         00000001400461df     Framework:SimpleSound.obj
 0007:000001e9       __23AD7809_corecrt_stdio_config@h 00000001400461e9     Framework:TextureLoader.obj
 0007:000001ea       __DD74D44A_corecrt_wstdio@h 00000001400461ea     Framework:TextureLoader.obj
 0007:000001eb       __4B3541EE_stdio@h         00000001400461eb     Framework:TextureLoader.obj
 0007:000001ec       __82CA083D_corecrt_memcpy_s@h 00000001400461ec     Framework:TextureLoader.obj
 0007:000001ed       __F8BB3D43_corecrt_memory@h 00000001400461ed     Framework:TextureLoader.obj
 0007:000001ee       __61E6ED1F_corecrt_wstring@h 00000001400461ee     Framework:TextureLoader.obj
 0007:000001ef       __B0CBCB7B_string@h        00000001400461ef     Framework:TextureLoader.obj
 0007:000001f0       __FF61FF39_mbstring@h      00000001400461f0     Framework:TextureLoader.obj
 0007:000001f1       __84FBB88E_tchar@h         00000001400461f1     Framework:TextureLoader.obj
 0007:000001f2       __36B85FDF_stdlib@h        00000001400461f2     Framework:TextureLoader.obj
 0007:000001f3       __5004E2E3_TextureLoader@cpp 00000001400461f3     Framework:TextureLoader.obj
 000a:00000170       $R000000                   0000000140049170     * linker generated manifest res *
