 LockedOrFreedom

 Timestamp is 5db5fa9e (Sun Oct 27 21:14:22 2019)

 Preferred load address is 0000000140000000

 Start         Length     Name                   Class
 0001:00000000 00010000H .textbss                DATA
 0002:00000000 00003420H .text$di                CODE
 0002:00003420 0001b7f0H .text$mn                CODE
 0002:0001ec10 00001020H .text$mn$00             CODE
 0002:0001fc30 00001650H .text$x                 CODE
 0002:00021280 000010e8H .text$yd                CODE
 0003:00000000 00000110H .CRT$XCA                DATA
 0003:00000110 00000110H .CRT$XCAA               DATA
 0003:00000220 00000140H .CRT$XCU                DATA
 0003:00000360 00000110H .CRT$XCZ                DATA
 0003:00000470 00000110H .CRT$XIA                DATA
 0003:00000580 00000110H .CRT$XIAA               DATA
 0003:00000690 00000110H .CRT$XIAC               DATA
 0003:000007a0 00000110H .CRT$XIC                DATA
 0003:000008b0 00000110H .CRT$XIZ                DATA
 0003:000009c0 00000008H .CRT$XLA                DATA
 0003:000009c8 00000008H .CRT$XLZ                DATA
 0003:000009d0 00000110H .CRT$XPA                DATA
 0003:00000ae0 00000110H .CRT$XPZ                DATA
 0003:00000bf0 00000110H .CRT$XTA                DATA
 0003:00000d00 00000110H .CRT$XTZ                DATA
 0003:00000e10 00008d88H .rdata                  DATA
 0003:00009b98 00000130H .rdata$T                DATA
 0003:00009cc8 000004f8H .rdata$r                DATA
 0003:0000a1c0 000001a0H .rdata$zzzdbg           DATA
 0003:0000a360 00000110H .rtc$IAA                DATA
 0003:0000a470 000001e8H .rtc$IMZ                DATA
 0003:0000a658 00000110H .rtc$IZZ                DATA
 0003:0000a768 00000110H .rtc$TAA                DATA
 0003:0000a878 000001e8H .rtc$TMZ                DATA
 0003:0000aa60 00000110H .rtc$TZZ                DATA
 0003:0000ab70 00003a98H .xdata                  DATA
 0003:0000e608 00000209H .xdata$x                DATA
 0003:0000e811 00000000H .edata                  DATA
 0004:00000000 00000538H .data                   DATA
 0004:00000538 00000238H .data$r                 DATA
 0004:00000770 00000d20H .bss                    DATA
 0005:00000000 000038f4H .pdata                  DATA
 0006:00000000 00000940H .idata$5                DATA
 0006:00000940 000000dcH .idata$2                DATA
 0006:00000a1c 00000014H .idata$3                DATA
 0006:00000a30 00000940H .idata$4                DATA
 0006:00001370 00000d62H .idata$6                DATA
 0007:00000000 000003afH .msvcjmc                DATA
 0008:00000000 00000104H .tls                    DATA
 0008:00000104 00000104H .tls$                   DATA
 0008:00000208 00000101H .tls$ZZZ                DATA
 0009:00000000 0000011bH .00cfg                  DATA
 000a:00000000 00000170H .rsrc$01                DATA
 000a:00000170 000002ccH .rsrc$02                DATA

  Address         Publics by Value              Rva+Base               Lib:Object

 0000:00000000       __hybrid_code_map_count    0000000000000000     <absolute>
 0000:00000000       ___safe_se_handler_table   0000000000000000     <absolute>
 0000:00000000       __volatile_metadata        0000000000000000     <absolute>
 0000:00000000       __guard_iat_count          0000000000000000     <absolute>
 0000:00000000       __AbsoluteZero             0000000000000000     <absolute>
 0000:00000000       __guard_fids_table         0000000000000000     <absolute>
 0000:00000000       __guard_longjmp_count      0000000000000000     <absolute>
 0000:00000000       __dynamic_value_reloc_table 0000000000000000     <absolute>
 0000:00000000       __hybrid_code_map          0000000000000000     <absolute>
 0000:00000000       __guard_iat_table          0000000000000000     <absolute>
 0000:00000000       __guard_longjmp_table      0000000000000000     <absolute>
 0000:00000000       __guard_fids_count         0000000000000000     <absolute>
 0000:00000000       __hybrid_auxiliary_iat     0000000000000000     <absolute>
 0000:00000000       __enclave_config           0000000000000000     <absolute>
 0000:00000000       ___safe_se_handler_count   0000000000000000     <absolute>
 0000:00000100       __guard_flags              0000000000000100     <absolute>
 0000:00000000       __ImageBase                0000000140000000     <linker-defined>
 0001:00000000       __enc$textbss$begin        0000000140001000     <linker-defined>
 0001:00010000       __enc$textbss$end          0000000140011000     <linker-defined>
 0002:00003420       ?areColliding@@YA_NAEBUAABB@@0@Z 0000000140014420 f   AABB.obj
 0002:00003500       __JustMyCode_Default       0000000140014500 f i AABB.obj
 0002:00003510       ??0Box@@QEAA@MM@Z          0000000140014510 f   Box.obj
 0002:00003610       ??1Box@@UEAA@XZ            0000000140014610 f   Box.obj
 0002:000036c0       ??_EBox@@UEAAPEAXI@Z       00000001400146c0 f i Box.obj
 0002:000036c0       ??_GBox@@UEAAPEAXI@Z       00000001400146c0 f i Box.obj
 0002:00003750       ?GetPosition@CSimpleSprite@@QEAAXAEAM0@Z 0000000140014750 f i Box.obj
 0002:000037f0       ?SetPosition@CSimpleSprite@@QEAAXMM@Z 00000001400147f0 f i Box.obj
 0002:00003890       ?SetScale@CSimpleSprite@@QEAAXM@Z 0000000140014890 f i Box.obj
 0002:00003900       ?areColliding@Box@@UEAAHAEBUAABB@@0@Z 0000000140014900 f   Box.obj
 0002:00003b80       ?deplacementBox@Box@@UEAAXH@Z 0000000140014b80 f   Box.obj
 0002:00003db0       ??0Character@@QEAA@XZ      0000000140014db0 f   Character.obj
 0002:00003e70       ??1Character@@QEAA@XZ      0000000140014e70 f   Character.obj
 0002:00003ef0       ?GetHeight@CSimpleSprite@@QEBAMXZ 0000000140014ef0 f i Character.obj
 0002:00003f50       ?GetLeftThumbStickX@CController@@QEBAMXZ 0000000140014f50 f i Character.obj
 0002:00003fc0       ?GetLeftThumbStickY@CController@@QEBAMH@Z 0000000140014fc0 f i Character.obj
 0002:00004040       ?GetWidth@CSimpleSprite@@QEBAMXZ 0000000140015040 f i Character.obj
 0002:000040a0       ?Render@Character@@QEAAXXZ 00000001400150a0 f   Character.obj
 0002:00004110       ?SetOldPosition@Character@@QEAAXXZ 0000000140015110 f   Character.obj
 0002:00004190       ?Update@Character@@QEAAXM@Z 0000000140015190 f   Character.obj
 0002:000045f0       ?UpdateAABB@Character@@AEAAXXZ 00000001400155f0 f   Character.obj
 0002:000047a0       ??0Door@@QEAA@MMMM@Z       00000001400157a0 f   Door.obj
 0002:00004930       ??1Door@@QEAA@XZ           0000000140015930 f   Door.obj
 0002:00004990       ?Render@Door@@QEAAXXZ      0000000140015990 f   Door.obj
 0002:00004c00       ?Update@Door@@QEAAXM@Z     0000000140015c00 f   Door.obj
 0002:00004d20       ??0Obstacle@@QEAA@XZ       0000000140015d20 f   Obstacle.obj
 0002:00004da0       ??1Obstacle@@UEAA@XZ       0000000140015da0 f   Obstacle.obj
 0002:00004e40       ??_EObstacle@@UEAAPEAXI@Z  0000000140015e40 f i Obstacle.obj
 0002:00004e40       ??_GObstacle@@UEAAPEAXI@Z  0000000140015e40 f i Obstacle.obj
 0002:00004ed0       ?Render@Obstacle@@QEAAXXZ  0000000140015ed0 f   Obstacle.obj
 0002:00004f40       ?Update@Obstacle@@QEAAXXZ  0000000140015f40 f   Obstacle.obj
 0002:00004fa0       ?UpdateAABB@Obstacle@@IEAAXXZ 0000000140015fa0 f   Obstacle.obj
 0002:00005150       ??$?0$$V@?$_Compressed_pair@V?$allocator@PEAVObstacle@@@std@@V?$_Vector_val@U?$_Simple_types@PEAVObstacle@@@std@@@2@$00@std@@QEAA@U_Zero_then_variadic_args_t@1@@Z 0000000140016150 f i UbisoftProject.obj
 0002:000051d0       ??$?0$$V@?$_Compressed_pair@V?$allocator@V?$vector@PEAVObstacle@@V?$allocator@PEAVObstacle@@@std@@@std@@@std@@V?$_Vector_val@U?$_Simple_types@V?$vector@PEAVObstacle@@V?$allocator@PEAVObstacle@@@std@@@std@@@std@@@2@$00@std@@QEAA@U_Zero_then_variadic_args_t@1@@Z 00000001400161d0 f i UbisoftProject.obj
 0002:00005250       ??$?0PEAVObstacle@@@?$allocator@U_Container_proxy@std@@@std@@QEAA@AEBV?$allocator@PEAVObstacle@@@1@@Z 0000000140016250 f i UbisoftProject.obj
 0002:000052b0       ??$?0V?$allocator@PEAVObstacle@@@std@@$$V@?$_Compressed_pair@V?$allocator@PEAVObstacle@@@std@@V?$_Vector_val@U?$_Simple_types@PEAVObstacle@@@std@@@2@$00@std@@QEAA@U_One_then_variadic_args_t@1@$$QEAV?$allocator@PEAVObstacle@@@1@@Z 00000001400162b0 f i UbisoftProject.obj
 0002:00005340       ??$?0V?$vector@PEAVObstacle@@V?$allocator@PEAVObstacle@@@std@@@std@@@?$allocator@U_Container_proxy@std@@@std@@QEAA@AEBV?$allocator@V?$vector@PEAVObstacle@@V?$allocator@PEAVObstacle@@@std@@@std@@@1@@Z 0000000140016340 f i UbisoftProject.obj
 0002:000053a0       ??$_Alloc_proxy@V?$allocator@U_Container_proxy@std@@@std@@@_Container_base12@std@@QEAAX$$QEAV?$allocator@U_Container_proxy@std@@@1@@Z 00000001400163a0 f i UbisoftProject.obj
 0002:00005470       ??$_Allocate@$0BA@U_Default_allocate_traits@std@@$0A@@std@@YAPEAX_K@Z 0000000140016470 f i UbisoftProject.obj
 0002:00005510       ??$_Allocate_manually_vector_aligned@U_Default_allocate_traits@std@@@std@@YAPEAX_K@Z 0000000140016510 f i UbisoftProject.obj
 0002:00005690       ??$_Construct_in_place@U_Container_proxy@std@@PEAU_Container_base12@2@@std@@YAXAEAU_Container_proxy@0@$$QEAPEAU_Container_base12@0@@Z 0000000140016690 f i UbisoftProject.obj
 0002:00005740       ??$_Copy_memmove@PEAPEAVObstacle@@PEAPEAV1@@std@@YAPEAPEAVObstacle@@PEAPEAV1@00@Z 0000000140016740 f i UbisoftProject.obj
 0002:00005810       ??$_Deallocate@$0BA@$0A@@std@@YAXPEAX_K@Z 0000000140016810 f i UbisoftProject.obj
 0002:000058b0       ??$_Deallocate_plain@V?$allocator@U_Container_proxy@std@@@std@@@std@@YAXAEAV?$allocator@U_Container_proxy@std@@@0@QEAU_Container_proxy@0@@Z 00000001400168b0 f i UbisoftProject.obj
 0002:00005930       ??$_Delete_plain_internal@V?$allocator@U_Container_proxy@std@@@std@@@std@@YAXAEAV?$allocator@U_Container_proxy@std@@@0@QEAU_Container_proxy@0@@Z 0000000140016930 f i UbisoftProject.obj
 0002:000059a0       ??$_Destroy_range@V?$allocator@PEAVObstacle@@@std@@@std@@YAXPEAPEAVObstacle@@QEAPEAV1@AEAV?$allocator@PEAVObstacle@@@0@@Z 00000001400169a0 f i UbisoftProject.obj
 0002:00005a00       ??$_Destroy_range@V?$allocator@V?$vector@PEAVObstacle@@V?$allocator@PEAVObstacle@@@std@@@std@@@std@@@std@@YAXPEAV?$vector@PEAVObstacle@@V?$allocator@PEAVObstacle@@@std@@@0@QEAV10@AEAV?$allocator@V?$vector@PEAVObstacle@@V?$allocator@PEAVObstacle@@@std@@@std@@@0@@Z 0000000140016a00 f i UbisoftProject.obj
 0002:00005ac0       ??$_Emplace_back@V?$vector@PEAVObstacle@@V?$allocator@PEAVObstacle@@@std@@@std@@@?$_Uninitialized_backout_al@V?$allocator@V?$vector@PEAVObstacle@@V?$allocator@PEAVObstacle@@@std@@@std@@@std@@@std@@QEAAX$$QEAV?$vector@PEAVObstacle@@V?$allocator@PEAVObstacle@@@std@@@1@@Z 0000000140016ac0 f i UbisoftProject.obj
 0002:00005b90       ??$_Emplace_back_with_unused_capacity@AEBV?$vector@PEAVObstacle@@V?$allocator@PEAVObstacle@@@std@@@std@@@?$vector@V?$vector@PEAVObstacle@@V?$allocator@PEAVObstacle@@@std@@@std@@V?$allocator@V?$vector@PEAVObstacle@@V?$allocator@PEAVObstacle@@@std@@@std@@@2@@std@@AEAA@AEBV?$vector@PEAVObstacle@@V?$allocator@PEAVObstacle@@@std@@@1@@Z 0000000140016b90 f i UbisoftProject.obj
 0002:00005cb0       ??$_Emplace_back_with_unused_capacity@PEAVObstacle@@@?$vector@PEAVObstacle@@V?$allocator@PEAVObstacle@@@std@@@std@@AEAA@$$QEAPEAVObstacle@@@Z 0000000140016cb0 f i UbisoftProject.obj
 0002:00005dd0       ??$_Emplace_reallocate@AEBV?$vector@PEAVObstacle@@V?$allocator@PEAVObstacle@@@std@@@std@@@?$vector@V?$vector@PEAVObstacle@@V?$allocator@PEAVObstacle@@@std@@@std@@V?$allocator@V?$vector@PEAVObstacle@@V?$allocator@PEAVObstacle@@@std@@@std@@@2@@std@@QEAAPEAV?$vector@PEAVObstacle@@V?$allocator@PEAVObstacle@@@std@@@1@QEAV21@AEBV21@@Z 0000000140016dd0 f i UbisoftProject.obj
 0002:000060e0       ??$_Emplace_reallocate@PEAVObstacle@@@?$vector@PEAVObstacle@@V?$allocator@PEAVObstacle@@@std@@@std@@QEAAPEAPEAVObstacle@@QEAPEAV2@$$QEAPEAV2@@Z 00000001400170e0 f i UbisoftProject.obj
 0002:000063e0       ??$_Get_size_of_n@$07@std@@YA_K_K@Z 00000001400173e0 f i UbisoftProject.obj
 0002:00006480       ??$_Get_size_of_n@$0BA@@std@@YA_K_K@Z 0000000140017480 f i UbisoftProject.obj
 0002:00006510       ??$_Get_size_of_n@$0CA@@std@@YA_K_K@Z 0000000140017510 f i UbisoftProject.obj
 0002:000065a0       ??$_Get_unwrapped@PEAVObstacle@@@std@@YAPEAPEAVObstacle@@QEAPEAV1@@Z 00000001400175a0 f i UbisoftProject.obj
 0002:00006600       ??$_Get_unwrapped@V?$vector@PEAVObstacle@@V?$allocator@PEAVObstacle@@@std@@@std@@@std@@YAPEAV?$vector@PEAVObstacle@@V?$allocator@PEAVObstacle@@@std@@@0@QEAV10@@Z 0000000140017600 f i UbisoftProject.obj
 0002:00006660       ??$_Min_value@_K@std@@YAAEB_KAEB_K0@Z 0000000140017660 f i UbisoftProject.obj
 0002:00006720       ??$_Ucopy@PEAPEAVObstacle@@@?$vector@PEAVObstacle@@V?$allocator@PEAVObstacle@@@std@@@std@@AEAAPEAPEAVObstacle@@PEAPEAV2@00@Z 0000000140017720 f i UbisoftProject.obj
 0002:000067c0       ??$_Unfancy@PEAVObstacle@@@std@@YAPEAPEAVObstacle@@PEAPEAV1@@Z 00000001400177c0 f i UbisoftProject.obj
 0002:00006820       ??$_Unfancy@U_Container_proxy@std@@@std@@YAPEAU_Container_proxy@0@PEAU10@@Z 0000000140017820 f i UbisoftProject.obj
 0002:00006880       ??$_Unfancy@V?$vector@PEAVObstacle@@V?$allocator@PEAVObstacle@@@std@@@std@@@std@@YAPEAV?$vector@PEAVObstacle@@V?$allocator@PEAVObstacle@@@std@@@0@PEAV10@@Z 0000000140017880 f i UbisoftProject.obj
 0002:000068e0       ??$_Uninitialized_copy@PEAPEAVObstacle@@V?$allocator@PEAVObstacle@@@std@@@std@@YAPEAPEAVObstacle@@QEAPEAV1@0PEAPEAV1@AEAV?$allocator@PEAVObstacle@@@0@@Z 00000001400178e0 f i UbisoftProject.obj
 0002:000069d0       ??$_Uninitialized_move@PEAPEAVObstacle@@V?$allocator@PEAVObstacle@@@std@@@std@@YAPEAPEAVObstacle@@QEAPEAV1@0PEAPEAV1@AEAV?$allocator@PEAVObstacle@@@0@@Z 00000001400179d0 f i UbisoftProject.obj
 0002:00006ab0       ??$_Uninitialized_move@PEAV?$vector@PEAVObstacle@@V?$allocator@PEAVObstacle@@@std@@@std@@V?$allocator@V?$vector@PEAVObstacle@@V?$allocator@PEAVObstacle@@@std@@@std@@@2@@std@@YAPEAV?$vector@PEAVObstacle@@V?$allocator@PEAVObstacle@@@std@@@0@QEAV10@0PEAV10@AEAV?$allocator@V?$vector@PEAVObstacle@@V?$allocator@PEAVObstacle@@@std@@@std@@@0@@Z 0000000140017ab0 f i UbisoftProject.obj
 0002:00006c10       ??$addressof@U_Container_base12@std@@@std@@YAPEAU_Container_base12@0@AEAU10@@Z 0000000140017c10 f i UbisoftProject.obj
 0002:00006c70       ??$addressof@U_Container_proxy@std@@@std@@YAPEAU_Container_proxy@0@AEAU10@@Z 0000000140017c70 f i UbisoftProject.obj
 0002:00006cd0       ??$construct@PEAVObstacle@@PEAV1@@?$_Default_allocator_traits@V?$allocator@PEAVObstacle@@@std@@@std@@SAXAEAV?$allocator@PEAVObstacle@@@1@QEAPEAVObstacle@@$$QEAPEAV3@@Z 0000000140017cd0 f i UbisoftProject.obj
 0002:00006d70       ??$construct@V?$vector@PEAVObstacle@@V?$allocator@PEAVObstacle@@@std@@@std@@AEBV12@@?$_Default_allocator_traits@V?$allocator@V?$vector@PEAVObstacle@@V?$allocator@PEAVObstacle@@@std@@@std@@@std@@@std@@SAXAEAV?$allocator@V?$vector@PEAVObstacle@@V?$allocator@PEAVObstacle@@@std@@@std@@@1@QEAV?$vector@PEAVObstacle@@V?$allocator@PEAVObstacle@@@std@@@1@AEBV31@@Z 0000000140017d70 f i UbisoftProject.obj
 0002:00006e10       ??$construct@V?$vector@PEAVObstacle@@V?$allocator@PEAVObstacle@@@std@@@std@@V12@@?$_Default_allocator_traits@V?$allocator@V?$vector@PEAVObstacle@@V?$allocator@PEAVObstacle@@@std@@@std@@@std@@@std@@SAXAEAV?$allocator@V?$vector@PEAVObstacle@@V?$allocator@PEAVObstacle@@@std@@@std@@@1@QEAV?$vector@PEAVObstacle@@V?$allocator@PEAVObstacle@@@std@@@1@$$QEAV31@@Z 0000000140017e10 f i UbisoftProject.obj
 0002:00006eb0       ??$destroy@V?$vector@PEAVObstacle@@V?$allocator@PEAVObstacle@@@std@@@std@@@?$_Default_allocator_traits@V?$allocator@V?$vector@PEAVObstacle@@V?$allocator@PEAVObstacle@@@std@@@std@@@std@@@std@@SAXAEAV?$allocator@V?$vector@PEAVObstacle@@V?$allocator@PEAVObstacle@@@std@@@std@@@1@QEAV?$vector@PEAVObstacle@@V?$allocator@PEAVObstacle@@@std@@@1@@Z 0000000140017eb0 f i UbisoftProject.obj
 0002:00006f20       ??$emplace_back@AEBV?$vector@PEAVObstacle@@V?$allocator@PEAVObstacle@@@std@@@std@@@?$vector@V?$vector@PEAVObstacle@@V?$allocator@PEAVObstacle@@@std@@@std@@V?$allocator@V?$vector@PEAVObstacle@@V?$allocator@PEAVObstacle@@@std@@@std@@@2@@std@@QEAA@AEBV?$vector@PEAVObstacle@@V?$allocator@PEAVObstacle@@@std@@@1@@Z 0000000140017f20 f i UbisoftProject.obj
 0002:00007000       ??$emplace_back@PEAVObstacle@@@?$vector@PEAVObstacle@@V?$allocator@PEAVObstacle@@@std@@@std@@QEAA@$$QEAPEAVObstacle@@@Z 0000000140018000 f i UbisoftProject.obj
 0002:000070e0       ??$exchange@PEAU_Container_proxy@std@@$$T@std@@YAPEAU_Container_proxy@0@AEAPEAU10@$$QEA$$T@Z 00000001400180e0 f i UbisoftProject.obj
 0002:00007170       ??$forward@AEBV?$vector@PEAVObstacle@@V?$allocator@PEAVObstacle@@@std@@@std@@@std@@YAAEBV?$vector@PEAVObstacle@@V?$allocator@PEAVObstacle@@@std@@@0@AEBV10@@Z 0000000140018170 f i UbisoftProject.obj
 0002:000071d0       ??$forward@PEAU_Container_base12@std@@@std@@YA$$QEAPEAU_Container_base12@0@AEAPEAU10@@Z 00000001400181d0 f i UbisoftProject.obj
 0002:00007230       ??$forward@PEAVObstacle@@@std@@YA$$QEAPEAVObstacle@@AEAPEAV1@@Z 0000000140018230 f i UbisoftProject.obj
 0002:00007290       ??$forward@V?$allocator@PEAVObstacle@@@std@@@std@@YA$$QEAV?$allocator@PEAVObstacle@@@0@AEAV10@@Z 0000000140018290 f i UbisoftProject.obj
 0002:000072f0       ??$forward@V?$vector@PEAVObstacle@@V?$allocator@PEAVObstacle@@@std@@@std@@@std@@YA$$QEAV?$vector@PEAVObstacle@@V?$allocator@PEAVObstacle@@@std@@@0@AEAV10@@Z 00000001400182f0 f i UbisoftProject.obj
 0002:00007350       ??$move@AEAPEAVObstacle@@@std@@YA$$QEAPEAVObstacle@@AEAPEAV1@@Z 0000000140018350 f i UbisoftProject.obj
 0002:000073b0       ??$move@AEAV?$allocator@PEAVObstacle@@@std@@@std@@YA$$QEAV?$allocator@PEAVObstacle@@@0@AEAV10@@Z 00000001400183b0 f i UbisoftProject.obj
 0002:00007410       ??$move@AEAV?$vector@PEAVObstacle@@V?$allocator@PEAVObstacle@@@std@@@std@@@std@@YA$$QEAV?$vector@PEAVObstacle@@V?$allocator@PEAVObstacle@@@std@@@0@AEAV10@@Z 0000000140018410 f i UbisoftProject.obj
 0002:00007470       ??0?$_Container_proxy_ptr12@V?$allocator@U_Container_proxy@std@@@std@@@std@@QEAA@AEAV?$allocator@U_Container_proxy@std@@@1@AEAU_Container_base12@1@@Z 0000000140018470 f i UbisoftProject.obj
 0002:00007570       ??0?$_Uninitialized_backout_al@V?$allocator@V?$vector@PEAVObstacle@@V?$allocator@PEAVObstacle@@@std@@@std@@@std@@@std@@QEAA@PEAV?$vector@PEAVObstacle@@V?$allocator@PEAVObstacle@@@std@@@1@AEAV?$allocator@V?$vector@PEAVObstacle@@V?$allocator@PEAVObstacle@@@std@@@std@@@1@@Z 0000000140018570 f i UbisoftProject.obj
 0002:00007620       ??0?$_Vector_val@U?$_Simple_types@PEAVObstacle@@@std@@@std@@QEAA@XZ 0000000140018620 f i UbisoftProject.obj
 0002:000076c0       ??0?$_Vector_val@U?$_Simple_types@V?$vector@PEAVObstacle@@V?$allocator@PEAVObstacle@@@std@@@std@@@std@@@std@@QEAA@XZ 00000001400186c0 f i UbisoftProject.obj
 0002:00007760       ??0?$allocator@PEAVObstacle@@@std@@QEAA@XZ 0000000140018760 f i UbisoftProject.obj
 0002:000077c0       ??0?$allocator@V?$vector@PEAVObstacle@@V?$allocator@PEAVObstacle@@@std@@@std@@@std@@QEAA@XZ 00000001400187c0 f i UbisoftProject.obj
 0002:00007820       ??0?$vector@PEAVObstacle@@V?$allocator@PEAVObstacle@@@std@@@std@@QEAA@$$QEAV01@@Z 0000000140018820 f i UbisoftProject.obj
 0002:00007930       ??0?$vector@PEAVObstacle@@V?$allocator@PEAVObstacle@@@std@@@std@@QEAA@AEBV01@@Z 0000000140018930 f i UbisoftProject.obj
 0002:00007b60       ??0?$vector@PEAVObstacle@@V?$allocator@PEAVObstacle@@@std@@@std@@QEAA@XZ 0000000140018b60 f i UbisoftProject.obj
 0002:00007c10       ??0?$vector@V?$vector@PEAVObstacle@@V?$allocator@PEAVObstacle@@@std@@@std@@V?$allocator@V?$vector@PEAVObstacle@@V?$allocator@PEAVObstacle@@@std@@@std@@@2@@std@@QEAA@XZ 0000000140018c10 f i UbisoftProject.obj
 0002:00007cc0       ??0_Container_base12@std@@QEAA@XZ 0000000140018cc0 f i UbisoftProject.obj
 0002:00007d30       ??0_Container_proxy@std@@QEAA@PEAU_Container_base12@1@@Z 0000000140018d30 f i UbisoftProject.obj
 0002:00007dc0       ??0bad_alloc@std@@AEAA@QEBD@Z 0000000140018dc0 f i UbisoftProject.obj
 0002:00007e60       ??0bad_alloc@std@@QEAA@AEBV01@@Z 0000000140018e60 f i UbisoftProject.obj
 0002:00007ee0       ??0bad_array_new_length@std@@QEAA@AEBV01@@Z 0000000140018ee0 f i UbisoftProject.obj
 0002:00007f60       ??0bad_array_new_length@std@@QEAA@XZ 0000000140018f60 f i UbisoftProject.obj
 0002:00007ff0       ??0exception@std@@QEAA@AEBV01@@Z 0000000140018ff0 f i UbisoftProject.obj
 0002:000080b0       ??0exception@std@@QEAA@QEBDH@Z 00000001400190b0 f i UbisoftProject.obj
 0002:00008160       ??1?$_Container_proxy_ptr12@V?$allocator@U_Container_proxy@std@@@std@@@std@@QEAA@XZ 0000000140019160 f i UbisoftProject.obj
 0002:000081f0       ??1?$_Tidy_guard@V?$vector@PEAVObstacle@@V?$allocator@PEAVObstacle@@@std@@@std@@@std@@QEAA@XZ 00000001400191f0 f i UbisoftProject.obj
 0002:00008270       ??1?$_Uninitialized_backout_al@V?$allocator@V?$vector@PEAVObstacle@@V?$allocator@PEAVObstacle@@@std@@@std@@@std@@@std@@QEAA@XZ 0000000140019270 f i UbisoftProject.obj
 0002:000082f0       ??1?$vector@PEAVObstacle@@V?$allocator@PEAVObstacle@@@std@@@std@@QEAA@XZ 00000001400192f0 f i UbisoftProject.obj
 0002:00008400       ??1?$vector@V?$vector@PEAVObstacle@@V?$allocator@PEAVObstacle@@@std@@@std@@V?$allocator@V?$vector@PEAVObstacle@@V?$allocator@PEAVObstacle@@@std@@@std@@@2@@std@@QEAA@XZ 0000000140019400 f i UbisoftProject.obj
 0002:00008510       ??1bad_alloc@std@@UEAA@XZ  0000000140019510 f i UbisoftProject.obj
 0002:00008560       ??1bad_array_new_length@std@@UEAA@XZ 0000000140019560 f i UbisoftProject.obj
 0002:000085b0       ??1exception@std@@UEAA@XZ  00000001400195b0 f i UbisoftProject.obj
 0002:00008630       ??2@YAPEAX_KPEAX@Z         0000000140019630 f i UbisoftProject.obj
 0002:00008690       ??A?$vector@PEAVObstacle@@V?$allocator@PEAVObstacle@@@std@@@std@@QEAAAEAPEAVObstacle@@_K@Z 0000000140019690 f i UbisoftProject.obj
 0002:000087d0       ??A?$vector@V?$vector@PEAVObstacle@@V?$allocator@PEAVObstacle@@@std@@@std@@V?$allocator@V?$vector@PEAVObstacle@@V?$allocator@PEAVObstacle@@@std@@@std@@@2@@std@@QEAAAEAV?$vector@PEAVObstacle@@V?$allocator@PEAVObstacle@@@std@@@1@_K@Z 00000001400197d0 f i UbisoftProject.obj
 0002:00008910       ??_G?$vector@PEAVObstacle@@V?$allocator@PEAVObstacle@@@std@@@std@@QEAAPEAXI@Z 0000000140019910 f i UbisoftProject.obj
 0002:000089a0       ??_GCharacter@@QEAAPEAXI@Z 00000001400199a0 f i UbisoftProject.obj
 0002:00008a30       ??_Ebad_alloc@std@@UEAAPEAXI@Z 0000000140019a30 f i UbisoftProject.obj
 0002:00008a30       ??_Gbad_alloc@std@@UEAAPEAXI@Z 0000000140019a30 f i UbisoftProject.obj
 0002:00008ac0       ??_Ebad_array_new_length@std@@UEAAPEAXI@Z 0000000140019ac0 f i UbisoftProject.obj
 0002:00008ac0       ??_Gbad_array_new_length@std@@UEAAPEAXI@Z 0000000140019ac0 f i UbisoftProject.obj
 0002:00008b50       ??_Gexception@std@@UEAAPEAXI@Z 0000000140019b50 f i UbisoftProject.obj
 0002:00008b50       ??_Eexception@std@@UEAAPEAXI@Z 0000000140019b50 f i UbisoftProject.obj
 0002:00008be0       ?CheckButton@CController@@QEBA_NH_N@Z 0000000140019be0 f i UbisoftProject.obj
 0002:00008cd0       ?GetAABB@Character@@QEBAAEBUAABB@@XZ 0000000140019cd0 f i UbisoftProject.obj
 0002:00008d30       ?GetAABB@Door@@QEBAAEBUAABB@@XZ 0000000140019d30 f i UbisoftProject.obj
 0002:00008d90       ?GetAABB@Obstacle@@QEBAAEBUAABB@@XZ 0000000140019d90 f i UbisoftProject.obj
 0002:00008df0       ?Init@@YAXXZ               0000000140019df0 f   UbisoftProject.obj
 0002:00009330       ?Render@@YAXXZ             000000014001a330 f   UbisoftProject.obj
 0002:00009570       ?Shutdown@@YAXXZ           000000014001a570 f   UbisoftProject.obj
 0002:00009600       ?Update@@YAXM@Z            000000014001a600 f   UbisoftProject.obj
 0002:00009ee0       ?_Adjust_manually_vector_aligned@std@@YAXAEAPEAXAEA_K@Z 000000014001aee0 f i UbisoftProject.obj
 0002:0000a140       ?_Allocate@_Default_allocate_traits@std@@SAPEAX_K@Z 000000014001b140 f i UbisoftProject.obj
 0002:0000a1a0       ?_Buy_raw@?$vector@PEAVObstacle@@V?$allocator@PEAVObstacle@@@std@@@std@@AEAAX_K@Z 000000014001b1a0 f i UbisoftProject.obj
 0002:0000a2a0       ?_Calculate_growth@?$vector@PEAVObstacle@@V?$allocator@PEAVObstacle@@@std@@@std@@AEBA_K_K@Z 000000014001b2a0 f i UbisoftProject.obj
 0002:0000a3a0       ?_Calculate_growth@?$vector@V?$vector@PEAVObstacle@@V?$allocator@PEAVObstacle@@@std@@@std@@V?$allocator@V?$vector@PEAVObstacle@@V?$allocator@PEAVObstacle@@@std@@@std@@@2@@std@@AEBA_K_K@Z 000000014001b3a0 f i UbisoftProject.obj
 0002:0000a4a0       ?_Change_array@?$vector@PEAVObstacle@@V?$allocator@PEAVObstacle@@@std@@@std@@AEAAXQEAPEAVObstacle@@_K1@Z 000000014001b4a0 f i UbisoftProject.obj
 0002:0000a620       ?_Change_array@?$vector@V?$vector@PEAVObstacle@@V?$allocator@PEAVObstacle@@@std@@@std@@V?$allocator@V?$vector@PEAVObstacle@@V?$allocator@PEAVObstacle@@@std@@@std@@@2@@std@@AEAAXQEAV?$vector@PEAVObstacle@@V?$allocator@PEAVObstacle@@@std@@@2@_K1@Z 000000014001b620 f i UbisoftProject.obj
 0002:0000a7a0       ?_Destroy@?$vector@PEAVObstacle@@V?$allocator@PEAVObstacle@@@std@@@std@@AEAAXPEAPEAVObstacle@@0@Z 000000014001b7a0 f i UbisoftProject.obj
 0002:0000a830       ?_Destroy@?$vector@V?$vector@PEAVObstacle@@V?$allocator@PEAVObstacle@@@std@@@std@@V?$allocator@V?$vector@PEAVObstacle@@V?$allocator@PEAVObstacle@@@std@@@std@@@2@@std@@AEAAXPEAV?$vector@PEAVObstacle@@V?$allocator@PEAVObstacle@@@std@@@2@0@Z 000000014001b830 f i UbisoftProject.obj
 0002:0000a8c0       ?_Get_first@?$_Compressed_pair@V?$allocator@PEAVObstacle@@@std@@V?$_Vector_val@U?$_Simple_types@PEAVObstacle@@@std@@@2@$00@std@@QEAAAEAV?$allocator@PEAVObstacle@@@2@XZ 000000014001b8c0 f i UbisoftProject.obj
 0002:0000a920       ?_Get_first@?$_Compressed_pair@V?$allocator@PEAVObstacle@@@std@@V?$_Vector_val@U?$_Simple_types@PEAVObstacle@@@std@@@2@$00@std@@QEBAAEBV?$allocator@PEAVObstacle@@@2@XZ 000000014001b920 f i UbisoftProject.obj
 0002:0000a980       ?_Get_first@?$_Compressed_pair@V?$allocator@V?$vector@PEAVObstacle@@V?$allocator@PEAVObstacle@@@std@@@std@@@std@@V?$_Vector_val@U?$_Simple_types@V?$vector@PEAVObstacle@@V?$allocator@PEAVObstacle@@@std@@@std@@@std@@@2@$00@std@@QEAAAEAV?$allocator@V?$vector@PEAVObstacle@@V?$allocator@PEAVObstacle@@@std@@@std@@@2@XZ 000000014001b980 f i UbisoftProject.obj
 0002:0000a9e0       ?_Get_first@?$_Compressed_pair@V?$allocator@V?$vector@PEAVObstacle@@V?$allocator@PEAVObstacle@@@std@@@std@@@std@@V?$_Vector_val@U?$_Simple_types@V?$vector@PEAVObstacle@@V?$allocator@PEAVObstacle@@@std@@@std@@@std@@@2@$00@std@@QEBAAEBV?$allocator@V?$vector@PEAVObstacle@@V?$allocator@PEAVObstacle@@@std@@@std@@@2@XZ 000000014001b9e0 f i UbisoftProject.obj
 0002:0000aa40       ?_Getal@?$vector@PEAVObstacle@@V?$allocator@PEAVObstacle@@@std@@@std@@AEAAAEAV?$allocator@PEAVObstacle@@@2@XZ 000000014001ba40 f i UbisoftProject.obj
 0002:0000aab0       ?_Getal@?$vector@PEAVObstacle@@V?$allocator@PEAVObstacle@@@std@@@std@@AEBAAEBV?$allocator@PEAVObstacle@@@2@XZ 000000014001bab0 f i UbisoftProject.obj
 0002:0000ab20       ?_Getal@?$vector@V?$vector@PEAVObstacle@@V?$allocator@PEAVObstacle@@@std@@@std@@V?$allocator@V?$vector@PEAVObstacle@@V?$allocator@PEAVObstacle@@@std@@@std@@@2@@std@@AEAAAEAV?$allocator@V?$vector@PEAVObstacle@@V?$allocator@PEAVObstacle@@@std@@@std@@@2@XZ 000000014001bb20 f i UbisoftProject.obj
 0002:0000ab90       ?_Getal@?$vector@V?$vector@PEAVObstacle@@V?$allocator@PEAVObstacle@@@std@@@std@@V?$allocator@V?$vector@PEAVObstacle@@V?$allocator@PEAVObstacle@@@std@@@std@@@2@@std@@AEBAAEBV?$allocator@V?$vector@PEAVObstacle@@V?$allocator@PEAVObstacle@@@std@@@std@@@2@XZ 000000014001bb90 f i UbisoftProject.obj
 0002:0000ac00       ?_Move_construct@?$vector@PEAVObstacle@@V?$allocator@PEAVObstacle@@@std@@@std@@AEAAXAEAV12@U?$integral_constant@_N$00@2@@Z 000000014001bc00 f i UbisoftProject.obj
 0002:0000ac80       ?_Orphan_all@_Container_base12@std@@QEAAXXZ 000000014001bc80 f i UbisoftProject.obj
 0002:0000adb0       ?_Orphan_range@?$vector@PEAVObstacle@@V?$allocator@PEAVObstacle@@@std@@@std@@AEBAXPEAPEAVObstacle@@0@Z 000000014001bdb0 f i UbisoftProject.obj
 0002:0000af00       ?_Orphan_range@?$vector@V?$vector@PEAVObstacle@@V?$allocator@PEAVObstacle@@@std@@@std@@V?$allocator@V?$vector@PEAVObstacle@@V?$allocator@PEAVObstacle@@@std@@@std@@@2@@std@@AEBAXPEAV?$vector@PEAVObstacle@@V?$allocator@PEAVObstacle@@@std@@@2@0@Z 000000014001bf00 f i UbisoftProject.obj
 0002:0000b050       ?_Release@?$_Uninitialized_backout_al@V?$allocator@V?$vector@PEAVObstacle@@V?$allocator@PEAVObstacle@@@std@@@std@@@std@@@std@@QEAAPEAV?$vector@PEAVObstacle@@V?$allocator@PEAVObstacle@@@std@@@2@XZ 000000014001c050 f i UbisoftProject.obj
 0002:0000b0d0       ?_Release@_Basic_container_proxy_ptr12@std@@QEAAXXZ 000000014001c0d0 f i UbisoftProject.obj
 0002:0000b140       ?_Swap_proxy_and_iterators@_Container_base12@std@@QEAAXAEAU12@@Z 000000014001c140 f i UbisoftProject.obj
 0002:0000b290       ?_Take_contents@?$_Vector_val@U?$_Simple_types@PEAVObstacle@@@std@@@std@@QEAAXAEAV12@@Z 000000014001c290 f i UbisoftProject.obj
 0002:0000b390       ?_Throw_bad_array_new_length@std@@YAXXZ 000000014001c390 f i UbisoftProject.obj
 0002:0000b400       ?_Tidy@?$vector@PEAVObstacle@@V?$allocator@PEAVObstacle@@@std@@@std@@AEAAXXZ 000000014001c400 f i UbisoftProject.obj
 0002:0000b550       ?_Tidy@?$vector@V?$vector@PEAVObstacle@@V?$allocator@PEAVObstacle@@@std@@@std@@V?$allocator@V?$vector@PEAVObstacle@@V?$allocator@PEAVObstacle@@@std@@@std@@@2@@std@@AEAAXXZ 000000014001c550 f i UbisoftProject.obj
 0002:0000b6a0       ?_Umove@?$vector@PEAVObstacle@@V?$allocator@PEAVObstacle@@@std@@@std@@AEAAPEAPEAVObstacle@@PEAPEAV3@00@Z 000000014001c6a0 f i UbisoftProject.obj
 0002:0000b740       ?_Umove@?$vector@V?$vector@PEAVObstacle@@V?$allocator@PEAVObstacle@@@std@@@std@@V?$allocator@V?$vector@PEAVObstacle@@V?$allocator@PEAVObstacle@@@std@@@std@@@2@@std@@AEAAPEAV?$vector@PEAVObstacle@@V?$allocator@PEAVObstacle@@@std@@@2@PEAV32@00@Z 000000014001c740 f i UbisoftProject.obj
 0002:0000b7e0       ?_Umove_if_noexcept1@?$vector@PEAVObstacle@@V?$allocator@PEAVObstacle@@@std@@@std@@AEAAXPEAPEAVObstacle@@00U?$integral_constant@_N$00@2@@Z 000000014001c7e0 f i UbisoftProject.obj
 0002:0000b880       ?_Umove_if_noexcept1@?$vector@V?$vector@PEAVObstacle@@V?$allocator@PEAVObstacle@@@std@@@std@@V?$allocator@V?$vector@PEAVObstacle@@V?$allocator@PEAVObstacle@@@std@@@std@@@2@@std@@AEAAXPEAV?$vector@PEAVObstacle@@V?$allocator@PEAVObstacle@@@std@@@2@00U?$integral_constant@_N$00@2@@Z 000000014001c880 f i UbisoftProject.obj
 0002:0000b920       ?_Umove_if_noexcept@?$vector@PEAVObstacle@@V?$allocator@PEAVObstacle@@@std@@@std@@AEAAXPEAPEAVObstacle@@00@Z 000000014001c920 f i UbisoftProject.obj
 0002:0000b9e0       ?_Umove_if_noexcept@?$vector@V?$vector@PEAVObstacle@@V?$allocator@PEAVObstacle@@@std@@@std@@V?$allocator@V?$vector@PEAVObstacle@@V?$allocator@PEAVObstacle@@@std@@@std@@@2@@std@@AEAAXPEAV?$vector@PEAVObstacle@@V?$allocator@PEAVObstacle@@@std@@@2@00@Z 000000014001c9e0 f i UbisoftProject.obj
 0002:0000baa0       ?_Xlength@?$vector@PEAVObstacle@@V?$allocator@PEAVObstacle@@@std@@@std@@CAXXZ 000000014001caa0 f i UbisoftProject.obj
 0002:0000baf0       ?_Xlength@?$vector@V?$vector@PEAVObstacle@@V?$allocator@PEAVObstacle@@@std@@@std@@V?$allocator@V?$vector@PEAVObstacle@@V?$allocator@PEAVObstacle@@@std@@@std@@@2@@std@@CAXXZ 000000014001caf0 f i UbisoftProject.obj
 0002:0000bb40       ?__autoclassinit2@?$_Uninitialized_backout_al@V?$allocator@V?$vector@PEAVObstacle@@V?$allocator@PEAVObstacle@@@std@@@std@@@std@@@std@@QEAAX_K@Z 000000014001cb40 f i UbisoftProject.obj
 0002:0000bba0       ?__autoclassinit2@?$vector@PEAVObstacle@@V?$allocator@PEAVObstacle@@@std@@@std@@QEAAX_K@Z 000000014001cba0 f i UbisoftProject.obj
 0002:0000bc00       ?__autoclassinit2@?$vector@V?$vector@PEAVObstacle@@V?$allocator@PEAVObstacle@@@std@@@std@@V?$allocator@V?$vector@PEAVObstacle@@V?$allocator@PEAVObstacle@@@std@@@std@@@2@@std@@QEAAX_K@Z 000000014001cc00 f i UbisoftProject.obj
 0002:0000bc60       ?__autoclassinit2@Box@@QEAAX_K@Z 000000014001cc60 f i UbisoftProject.obj
 0002:0000bcc0       ?__autoclassinit2@Character@@QEAAX_K@Z 000000014001ccc0 f i UbisoftProject.obj
 0002:0000bd20       ?__autoclassinit2@Wall@@QEAAX_K@Z 000000014001cd20 f i UbisoftProject.obj
 0002:0000bd80       ?__empty_global_delete@@YAXPEAX@Z 000000014001cd80 f i UbisoftProject.obj
 0002:0000bdd0       ?__empty_global_delete@@YAXPEAX_K@Z 000000014001cdd0 f i UbisoftProject.obj
 0002:0000be30       ?allocate@?$allocator@PEAVObstacle@@@std@@QEAAPEAPEAVObstacle@@_K@Z 000000014001ce30 f i UbisoftProject.obj
 0002:0000bea0       ?allocate@?$allocator@U_Container_proxy@std@@@std@@QEAAPEAU_Container_proxy@2@_K@Z 000000014001cea0 f i UbisoftProject.obj
 0002:0000bf10       ?allocate@?$allocator@V?$vector@PEAVObstacle@@V?$allocator@PEAVObstacle@@@std@@@std@@@std@@QEAAPEAV?$vector@PEAVObstacle@@V?$allocator@PEAVObstacle@@@std@@@2@_K@Z 000000014001cf10 f i UbisoftProject.obj
 0002:0000bf80       ?capacity@?$vector@PEAVObstacle@@V?$allocator@PEAVObstacle@@@std@@@std@@QEBA_KXZ 000000014001cf80 f i UbisoftProject.obj
 0002:0000c000       ?capacity@?$vector@V?$vector@PEAVObstacle@@V?$allocator@PEAVObstacle@@@std@@@std@@V?$allocator@V?$vector@PEAVObstacle@@V?$allocator@PEAVObstacle@@@std@@@std@@@2@@std@@QEBA_KXZ 000000014001d000 f i UbisoftProject.obj
 0002:0000c080       ?deallocate@?$_Default_allocator_traits@V?$allocator@U_Container_proxy@std@@@std@@@std@@SAXAEAV?$allocator@U_Container_proxy@std@@@2@QEAU_Container_proxy@2@_K@Z 000000014001d080 f i UbisoftProject.obj
 0002:0000c100       ?deallocate@?$allocator@PEAVObstacle@@@std@@QEAAXQEAPEAVObstacle@@_K@Z 000000014001d100 f i UbisoftProject.obj
 0002:0000c180       ?deallocate@?$allocator@V?$vector@PEAVObstacle@@V?$allocator@PEAVObstacle@@@std@@@std@@@std@@QEAAXQEAV?$vector@PEAVObstacle@@V?$allocator@PEAVObstacle@@@std@@@2@_K@Z 000000014001d180 f i UbisoftProject.obj
 0002:0000c200       ?max@?$numeric_limits@_J@std@@SA_JXZ 000000014001d200 f i UbisoftProject.obj
 0002:0000c250       ?max_size@?$_Default_allocator_traits@V?$allocator@PEAVObstacle@@@std@@@std@@SA_KAEBV?$allocator@PEAVObstacle@@@2@@Z 000000014001d250 f i UbisoftProject.obj
 0002:0000c2b0       ?max_size@?$_Default_allocator_traits@V?$allocator@V?$vector@PEAVObstacle@@V?$allocator@PEAVObstacle@@@std@@@std@@@std@@@std@@SA_KAEBV?$allocator@V?$vector@PEAVObstacle@@V?$allocator@PEAVObstacle@@@std@@@std@@@2@@Z 000000014001d2b0 f i UbisoftProject.obj
 0002:0000c310       ?max_size@?$vector@PEAVObstacle@@V?$allocator@PEAVObstacle@@@std@@@std@@QEBA_KXZ 000000014001d310 f i UbisoftProject.obj
 0002:0000c3c0       ?max_size@?$vector@V?$vector@PEAVObstacle@@V?$allocator@PEAVObstacle@@@std@@@std@@V?$allocator@V?$vector@PEAVObstacle@@V?$allocator@PEAVObstacle@@@std@@@std@@@2@@std@@QEBA_KXZ 000000014001d3c0 f i UbisoftProject.obj
 0002:0000c470       ?push_back@?$vector@PEAVObstacle@@V?$allocator@PEAVObstacle@@@std@@@std@@QEAAX$$QEAPEAVObstacle@@@Z 000000014001d470 f i UbisoftProject.obj
 0002:0000c4f0       ?push_back@?$vector@V?$vector@PEAVObstacle@@V?$allocator@PEAVObstacle@@@std@@@std@@V?$allocator@V?$vector@PEAVObstacle@@V?$allocator@PEAVObstacle@@@std@@@std@@@2@@std@@QEAAXAEBV?$vector@PEAVObstacle@@V?$allocator@PEAVObstacle@@@std@@@2@@Z 000000014001d4f0 f i UbisoftProject.obj
 0002:0000c560       ?select_on_container_copy_construction@?$_Default_allocator_traits@V?$allocator@PEAVObstacle@@@std@@@std@@SA?AV?$allocator@PEAVObstacle@@@2@AEBV32@@Z 000000014001d560 f i UbisoftProject.obj
 0002:0000c5c0       ?what@exception@std@@UEBAPEBDXZ 000000014001d5c0 f i UbisoftProject.obj
 0002:0000c660       ??0Wall@@QEAA@MM@Z         000000014001d660 f   Wall.obj
 0002:0000c760       ??1Wall@@UEAA@XZ           000000014001d760 f   Wall.obj
 0002:0000c810       ??_EWall@@UEAAPEAXI@Z      000000014001d810 f i Wall.obj
 0002:0000c810       ??_GWall@@UEAAPEAXI@Z      000000014001d810 f i Wall.obj
 0002:0000c8a0       ?areColliding@Wall@@UEAAHAEBUAABB@@0@Z 000000014001d8a0 f   Wall.obj
 0002:0000c900       ?deplacementBox@Wall@@UEAAXH@Z 000000014001d900 f   Wall.obj
 0002:0000c960       ??0CProfiler@@QEAA@XZ      000000014001d960 f i Framework:main.obj
 0002:0000c9e0       ?CheckMemCallback@@YAXXZ   000000014001d9e0 f   Framework:main.obj
 0002:0000ca30       ?Display@@YAXXZ            000000014001da30 f   Framework:main.obj
 0002:0000cb40       ?GetCounter@@YANXZ         000000014001db40 f   Framework:main.obj
 0002:0000cc00       ?Idle@@YAXXZ               000000014001dc00 f   Framework:main.obj
 0002:0000ce70       ?InitGL@@YAXXZ             000000014001de70 f   Framework:main.obj
 0002:0000cef0       ?Print@CProfiler@@QEAAXMMPEBD@Z 000000014001def0 f i Framework:main.obj
 0002:0000d020       ?Start@CProfiler@@QEAAXXZ  000000014001e020 f i Framework:main.obj
 0002:0000d090       ?StartCounter@@YAXXZ       000000014001e090 f   Framework:main.obj
 0002:0000d170       ?Stop@CProfiler@@QEAANXZ   000000014001e170 f i Framework:main.obj
 0002:0000d200       __local_stdio_printf_options 000000014001e200 f i Framework:main.obj
 0002:0000d250       _vfprintf_l                000000014001e250 f i Framework:main.obj
 0002:0000d2f0       _vsnprintf_l               000000014001e2f0 f i Framework:main.obj
 0002:0000d3e0       _vsprintf_l                000000014001e3e0 f i Framework:main.obj
 0002:0000d570       printf                     000000014001e570 f i Framework:main.obj
 0002:0000d660       sprintf                    000000014001e660 f i Framework:main.obj
 0002:0000d750       wWinMain                   000000014001e750 f   Framework:main.obj
 0002:0000d910       ?CreateSprite@App@@YAPEAVCSimpleSprite@@PEBD@Z 000000014001e910 f   Framework:app.obj
 0002:0000d9d0       ?DrawLine@App@@YAXMMMMMMM@Z 000000014001e9d0 f   Framework:app.obj
 0002:0000db70       ?GetController@App@@YAAEBVCController@@H@Z 000000014001eb70 f   Framework:app.obj
 0002:0000dbe0       ?GetController@CSimpleControllers@@QEAAAEBVCController@@H@Z 000000014001ebe0 f i Framework:app.obj
 0002:0000dc70       ?GetMousePos@App@@YAXAEAM0@Z 000000014001ec70 f   Framework:app.obj
 0002:0000de60       ?IsKeyPressed@App@@YA_NH@Z 000000014001ee60 f   Framework:app.obj
 0002:0000def0       ?IsSoundPlaying@App@@YA_NPEBD@Z 000000014001eef0 f   Framework:app.obj
 0002:0000df60       ?Print@App@@YAXMMPEBDMMMPEAX@Z 000000014001ef60 f   Framework:app.obj
 0002:0000e0c0       ?StartSound@App@@YAXPEBD_N@Z 000000014001f0c0 f   Framework:app.obj
 0002:0000e170       ?StopSound@App@@YAXPEBD@Z  000000014001f170 f   Framework:app.obj
 0002:0000e1e0       ??$?0$$V@?$_Compressed_pair@V?$allocator@U?$_Tree_node@U?$pair@QEBDUsTextureDef@CSimpleSprite@@@std@@PEAX@std@@@std@@V?$_Tree_val@U?$_Tree_simple_types@U?$pair@QEBDUsTextureDef@CSimpleSprite@@@std@@@std@@@2@$00@std@@QEAA@U_Zero_then_variadic_args_t@1@@Z 000000014001f1e0 f i Framework:SimpleSprite.obj
 0002:0000e260       ??$?0AEBQEAU?$_Tree_node@U?$pair@QEBDUsTextureDef@CSimpleSprite@@@std@@PEAX@std@@_N$0A@@?$pair@PEAU?$_Tree_node@U?$pair@QEBDUsTextureDef@CSimpleSprite@@@std@@PEAX@std@@_N@std@@QEAA@AEBQEAU?$_Tree_node@U?$pair@QEBDUsTextureDef@CSimpleSprite@@@std@@PEAX@1@$$QEA_N@Z 000000014001f260 f i Framework:SimpleSprite.obj
 0002:0000e310       ??$?0AEBQEBD$$Z$$V@?$pair@QEBDUsTextureDef@CSimpleSprite@@@std@@QEAA@Upiecewise_construct_t@1@V?$tuple@AEBQEBD@1@V?$tuple@$$V@1@@Z 000000014001f310 f i Framework:SimpleSprite.obj
 0002:0000e3c0       ??$?0AEBQEBD$0A@@?$tuple@AEBQEBD@std@@QEAA@AEBQEBD@Z 000000014001f3c0 f i Framework:SimpleSprite.obj
 0002:0000e460       ??$?0AEBQEBD@?$_Tuple_val@AEBQEBD@std@@QEAA@AEBQEBD@Z 000000014001f460 f i Framework:SimpleSprite.obj
 0002:0000e4e0       ??$?0AEBU?$less@PEBD@std@@U_Zero_then_variadic_args_t@1@@?$_Compressed_pair@U?$less@PEBD@std@@V?$_Compressed_pair@V?$allocator@U?$_Tree_node@U?$pair@QEBDUsTextureDef@CSimpleSprite@@@std@@PEAX@std@@@std@@V?$_Tree_val@U?$_Tree_simple_types@U?$pair@QEBDUsTextureDef@CSimpleSprite@@@std@@@std@@@2@$00@2@$00@std@@QEAA@U_One_then_variadic_args_t@1@AEBU?$less@PEBD@1@$$QEAU_Zero_then_variadic_args_t@1@@Z 000000014001f4e0 f i Framework:SimpleSprite.obj
 0002:0000e580       ??$?0AEBUpiecewise_construct_t@std@@V?$tuple@AEBQEBD@1@V?$tuple@$$V@1@@?$_Tree_temp_node@V?$allocator@U?$_Tree_node@U?$pair@QEBDUsTextureDef@CSimpleSprite@@@std@@PEAX@std@@@std@@@std@@QEAA@AEAV?$allocator@U?$_Tree_node@U?$pair@QEBDUsTextureDef@CSimpleSprite@@@std@@PEAX@std@@@1@PEAU?$_Tree_node@U?$pair@QEBDUsTextureDef@CSimpleSprite@@@std@@PEAX@1@AEBUpiecewise_construct_t@1@$$QEAV?$tuple@AEBQEBD@1@$$QEAV?$tuple@$$V@1@@Z 000000014001f580 f i Framework:SimpleSprite.obj
 0002:0000e740       ??$?0PEAU?$_Tree_node@U?$pair@QEBDUsTextureDef@CSimpleSprite@@@std@@PEAX@std@@_N$0A@@?$pair@PEAU?$_Tree_node@U?$pair@QEBDUsTextureDef@CSimpleSprite@@@std@@PEAX@std@@_N@std@@QEAA@$$QEAPEAU?$_Tree_node@U?$pair@QEBDUsTextureDef@CSimpleSprite@@@std@@PEAX@1@$$QEA_N@Z 000000014001f740 f i Framework:SimpleSprite.obj
 0002:0000e7f0       ??$?0U?$_Tree_node@U?$pair@QEBDUsTextureDef@CSimpleSprite@@@std@@PEAX@std@@@?$allocator@U_Container_proxy@std@@@std@@QEAA@AEBV?$allocator@U?$_Tree_node@U?$pair@QEBDUsTextureDef@CSimpleSprite@@@std@@PEAX@std@@@1@@Z 000000014001f7f0 f i Framework:SimpleSprite.obj
 0002:0000e850       ??$?0U_Exact_args_t@std@@$0A@@?$tuple@$$V@std@@QEAA@U_Exact_args_t@1@@Z 000000014001f850 f i Framework:SimpleSprite.obj
 0002:0000e8b0       ??$?0U_Exact_args_t@std@@AEBQEBD$$V$0A@@?$tuple@AEBQEBD@std@@QEAA@U_Exact_args_t@1@AEBQEBD@Z 000000014001f8b0 f i Framework:SimpleSprite.obj
 0002:0000e970       ??$?0V?$tuple@AEBQEBD@std@@V?$tuple@$$V@1@$0A@$$Z$S@?$pair@QEBDUsTextureDef@CSimpleSprite@@@std@@QEAA@AEAV?$tuple@AEBQEBD@1@AEAV?$tuple@$$V@1@U?$integer_sequence@_K$0A@@1@U?$integer_sequence@_K$S@1@@Z 000000014001f970 f i Framework:SimpleSprite.obj
 0002:0000ea30       ??$_Buyheadnode@V?$allocator@U?$_Tree_node@U?$pair@QEBDUsTextureDef@CSimpleSprite@@@std@@PEAX@std@@@std@@@?$_Tree_node@U?$pair@QEBDUsTextureDef@CSimpleSprite@@@std@@PEAX@std@@SAPEAU01@AEAV?$allocator@U?$_Tree_node@U?$pair@QEBDUsTextureDef@CSimpleSprite@@@std@@PEAX@std@@@1@@Z 000000014001fa30 f i Framework:SimpleSprite.obj
 0002:0000eb40       ??$_Construct_in_place@PEAU?$_Tree_node@U?$pair@QEBDUsTextureDef@CSimpleSprite@@@std@@PEAX@std@@AEAPEAU12@@std@@YAXAEAPEAU?$_Tree_node@U?$pair@QEBDUsTextureDef@CSimpleSprite@@@std@@PEAX@0@0@Z 000000014001fb40 f i Framework:SimpleSprite.obj
 0002:0000ebf0       ??$_Construct_in_place@PEAU?$_Tree_node@U?$pair@QEBDUsTextureDef@CSimpleSprite@@@std@@PEAX@std@@AEBQEAU12@@std@@YAXAEAPEAU?$_Tree_node@U?$pair@QEBDUsTextureDef@CSimpleSprite@@@std@@PEAX@0@AEBQEAU10@@Z 000000014001fbf0 f i Framework:SimpleSprite.obj
 0002:0000eca0       ??$_Debug_lt_pred@AEBU?$less@PEBD@std@@AEBQEBDAEBQEBD$0A@@std@@YA_NAEBU?$less@PEBD@0@AEBQEBD1@Z 000000014001fca0 f i Framework:SimpleSprite.obj
 0002:0000ee00       ??$_Destroy_in_place@PEAU?$_Tree_node@U?$pair@QEBDUsTextureDef@CSimpleSprite@@@std@@PEAX@std@@@std@@YAXAEAPEAU?$_Tree_node@U?$pair@QEBDUsTextureDef@CSimpleSprite@@@std@@PEAX@0@@Z 000000014001fe00 f i Framework:SimpleSprite.obj
 0002:0000ee60       ??$_Erase_head@V?$allocator@U?$_Tree_node@U?$pair@QEBDUsTextureDef@CSimpleSprite@@@std@@PEAX@std@@@std@@@?$_Tree_val@U?$_Tree_simple_types@U?$pair@QEBDUsTextureDef@CSimpleSprite@@@std@@@std@@@std@@QEAAXAEAV?$allocator@U?$_Tree_node@U?$pair@QEBDUsTextureDef@CSimpleSprite@@@std@@PEAX@std@@@1@@Z 000000014001fe60 f i Framework:SimpleSprite.obj
 0002:0000ef20       ??$_Erase_tree@V?$allocator@U?$_Tree_node@U?$pair@QEBDUsTextureDef@CSimpleSprite@@@std@@PEAX@std@@@std@@@?$_Tree_val@U?$_Tree_simple_types@U?$pair@QEBDUsTextureDef@CSimpleSprite@@@std@@@std@@@std@@QEAAXAEAV?$allocator@U?$_Tree_node@U?$pair@QEBDUsTextureDef@CSimpleSprite@@@std@@PEAX@std@@@1@PEAU?$_Tree_node@U?$pair@QEBDUsTextureDef@CSimpleSprite@@@std@@PEAX@1@@Z 000000014001ff20 f i Framework:SimpleSprite.obj
 0002:0000eff0       ??$_Find@PEBD@?$_Tree@V?$_Tmap_traits@PEBDUsTextureDef@CSimpleSprite@@U?$less@PEBD@std@@V?$allocator@U?$pair@QEBDUsTextureDef@CSimpleSprite@@@std@@@4@$0A@@std@@@std@@AEBAPEAU?$_Tree_node@U?$pair@QEBDUsTextureDef@CSimpleSprite@@@std@@PEAX@1@AEBQEBD@Z 000000014001fff0 f i Framework:SimpleSprite.obj
 0002:0000f0f0       ??$_Find_lower_bound@PEBD@?$_Tree@V?$_Tmap_traits@PEBDUsTextureDef@CSimpleSprite@@U?$less@PEBD@std@@V?$allocator@U?$pair@QEBDUsTextureDef@CSimpleSprite@@@std@@@4@$0A@@std@@@std@@IEBA?AU?$_Tree_find_result@PEAU?$_Tree_node@U?$pair@QEBDUsTextureDef@CSimpleSprite@@@std@@PEAX@std@@@1@AEBQEBD@Z 00000001400200f0 f i Framework:SimpleSprite.obj
 0002:0000f2b0       ??$_Freenode0@V?$allocator@U?$_Tree_node@U?$pair@QEBDUsTextureDef@CSimpleSprite@@@std@@PEAX@std@@@std@@@?$_Tree_node@U?$pair@QEBDUsTextureDef@CSimpleSprite@@@std@@PEAX@std@@SAXAEAV?$allocator@U?$_Tree_node@U?$pair@QEBDUsTextureDef@CSimpleSprite@@@std@@PEAX@std@@@1@PEAU01@@Z 00000001400202b0 f i Framework:SimpleSprite.obj
 0002:0000f370       ??$_Freenode@V?$allocator@U?$_Tree_node@U?$pair@QEBDUsTextureDef@CSimpleSprite@@@std@@PEAX@std@@@std@@@?$_Tree_node@U?$pair@QEBDUsTextureDef@CSimpleSprite@@@std@@PEAX@std@@SAXAEAV?$allocator@U?$_Tree_node@U?$pair@QEBDUsTextureDef@CSimpleSprite@@@std@@PEAX@std@@@1@PEAU01@@Z 0000000140020370 f i Framework:SimpleSprite.obj
 0002:0000f410       ??$_Get_size_of_n@$0DI@@std@@YA_K_K@Z 0000000140020410 f i Framework:SimpleSprite.obj
 0002:0000f4a0       ??$_Kfn@QEBDUsTextureDef@CSimpleSprite@@@?$_Tmap_traits@PEBDUsTextureDef@CSimpleSprite@@U?$less@PEBD@std@@V?$allocator@U?$pair@QEBDUsTextureDef@CSimpleSprite@@@std@@@4@$0A@@std@@SAAEBQEBDAEBU?$pair@QEBDUsTextureDef@CSimpleSprite@@@1@@Z 00000001400204a0 f i Framework:SimpleSprite.obj
 0002:0000f500       ??$_Lower_bound_duplicate@PEBD@?$_Tree@V?$_Tmap_traits@PEBDUsTextureDef@CSimpleSprite@@U?$less@PEBD@std@@V?$allocator@U?$pair@QEBDUsTextureDef@CSimpleSprite@@@std@@@4@$0A@@std@@@std@@IEBA_NQEAU?$_Tree_node@U?$pair@QEBDUsTextureDef@CSimpleSprite@@@std@@PEAX@1@AEBQEBD@Z 0000000140020500 f i Framework:SimpleSprite.obj
 0002:0000f5f0       ??$_Try_emplace@AEBQEBD$$V@?$map@PEBDUsTextureDef@CSimpleSprite@@U?$less@PEBD@std@@V?$allocator@U?$pair@QEBDUsTextureDef@CSimpleSprite@@@std@@@4@@std@@AEAA?AU?$pair@PEAU?$_Tree_node@U?$pair@QEBDUsTextureDef@CSimpleSprite@@@std@@PEAX@std@@_N@1@AEBQEBD@Z 00000001400205f0 f i Framework:SimpleSprite.obj
 0002:0000f860       ??$addressof@$$CBV?$_Tree_val@U?$_Tree_simple_types@U?$pair@QEBDUsTextureDef@CSimpleSprite@@@std@@@std@@@std@@@std@@YAPEBV?$_Tree_val@U?$_Tree_simple_types@U?$pair@QEBDUsTextureDef@CSimpleSprite@@@std@@@std@@@0@AEBV10@@Z 0000000140020860 f i Framework:SimpleSprite.obj
 0002:0000f8c0       ??$addressof@PEAU?$_Tree_node@U?$pair@QEBDUsTextureDef@CSimpleSprite@@@std@@PEAX@std@@@std@@YAPEAPEAU?$_Tree_node@U?$pair@QEBDUsTextureDef@CSimpleSprite@@@std@@PEAX@0@AEAPEAU10@@Z 00000001400208c0 f i Framework:SimpleSprite.obj
 0002:0000f920       ??$addressof@U?$pair@QEBDUsTextureDef@CSimpleSprite@@@std@@@std@@YAPEAU?$pair@QEBDUsTextureDef@CSimpleSprite@@@0@AEAU10@@Z 0000000140020920 f i Framework:SimpleSprite.obj
 0002:0000f980       ??$addressof@V?$_Tree_val@U?$_Tree_simple_types@U?$pair@QEBDUsTextureDef@CSimpleSprite@@@std@@@std@@@std@@@std@@YAPEAV?$_Tree_val@U?$_Tree_simple_types@U?$pair@QEBDUsTextureDef@CSimpleSprite@@@std@@@std@@@0@AEAV10@@Z 0000000140020980 f i Framework:SimpleSprite.obj
 0002:0000f9e0       ??$construct@U?$pair@QEBDUsTextureDef@CSimpleSprite@@@std@@AEBUpiecewise_construct_t@2@V?$tuple@AEBQEBD@2@V?$tuple@$$V@2@@?$_Default_allocator_traits@V?$allocator@U?$_Tree_node@U?$pair@QEBDUsTextureDef@CSimpleSprite@@@std@@PEAX@std@@@std@@@std@@SAXAEAV?$allocator@U?$_Tree_node@U?$pair@QEBDUsTextureDef@CSimpleSprite@@@std@@PEAX@std@@@1@QEAU?$pair@QEBDUsTextureDef@CSimpleSprite@@@1@AEBUpiecewise_construct_t@1@$$QEAV?$tuple@AEBQEBD@1@$$QEAV?$tuple@$$V@1@@Z 00000001400209e0 f i Framework:SimpleSprite.obj
 0002:0000fb20       ??$destroy@U?$pair@QEBDUsTextureDef@CSimpleSprite@@@std@@@?$_Default_allocator_traits@V?$allocator@U?$_Tree_node@U?$pair@QEBDUsTextureDef@CSimpleSprite@@@std@@PEAX@std@@@std@@@std@@SAXAEAV?$allocator@U?$_Tree_node@U?$pair@QEBDUsTextureDef@CSimpleSprite@@@std@@PEAX@std@@@1@QEAU?$pair@QEBDUsTextureDef@CSimpleSprite@@@1@@Z 0000000140020b20 f i Framework:SimpleSprite.obj
 0002:0000fb80       ??$exchange@PEAU?$_Tree_node@U?$pair@QEBDUsTextureDef@CSimpleSprite@@@std@@PEAX@std@@$$T@std@@YAPEAU?$_Tree_node@U?$pair@QEBDUsTextureDef@CSimpleSprite@@@std@@PEAX@0@AEAPEAU10@$$QEA$$T@Z 0000000140020b80 f i Framework:SimpleSprite.obj
 0002:0000fc10       ??$exchange@PEAU?$_Tree_node@U?$pair@QEBDUsTextureDef@CSimpleSprite@@@std@@PEAX@std@@AEAPEAU12@@std@@YAPEAU?$_Tree_node@U?$pair@QEBDUsTextureDef@CSimpleSprite@@@std@@PEAX@0@AEAPEAU10@0@Z 0000000140020c10 f i Framework:SimpleSprite.obj
 0002:0000fca0       ??$forward@AEAPEAU?$_Tree_node@U?$pair@QEBDUsTextureDef@CSimpleSprite@@@std@@PEAX@std@@@std@@YAAEAPEAU?$_Tree_node@U?$pair@QEBDUsTextureDef@CSimpleSprite@@@std@@PEAX@0@AEAPEAU10@@Z 0000000140020ca0 f i Framework:SimpleSprite.obj
 0002:0000fd00       ??$forward@AEBQEAU?$_Tree_node@U?$pair@QEBDUsTextureDef@CSimpleSprite@@@std@@PEAX@std@@@std@@YAAEBQEAU?$_Tree_node@U?$pair@QEBDUsTextureDef@CSimpleSprite@@@std@@PEAX@0@AEBQEAU10@@Z 0000000140020d00 f i Framework:SimpleSprite.obj
 0002:0000fd60       ??$forward@AEBQEBD@std@@YAAEBQEBDAEBQEBD@Z 0000000140020d60 f i Framework:SimpleSprite.obj
 0002:0000fdc0       ??$forward@AEBU?$less@PEBD@std@@@std@@YAAEBU?$less@PEBD@0@AEBU10@@Z 0000000140020dc0 f i Framework:SimpleSprite.obj
 0002:0000fe20       ??$forward@AEBUpiecewise_construct_t@std@@@std@@YAAEBUpiecewise_construct_t@0@AEBU10@@Z 0000000140020e20 f i Framework:SimpleSprite.obj
 0002:0000fe80       ??$forward@PEAU?$_Tree_node@U?$pair@QEBDUsTextureDef@CSimpleSprite@@@std@@PEAX@std@@@std@@YA$$QEAPEAU?$_Tree_node@U?$pair@QEBDUsTextureDef@CSimpleSprite@@@std@@PEAX@0@AEAPEAU10@@Z 0000000140020e80 f i Framework:SimpleSprite.obj
 0002:0000fee0       ??$forward@U_Zero_then_variadic_args_t@std@@@std@@YA$$QEAU_Zero_then_variadic_args_t@0@AEAU10@@Z 0000000140020ee0 f i Framework:SimpleSprite.obj
 0002:0000ff40       ??$forward@V?$tuple@$$V@std@@@std@@YA$$QEAV?$tuple@$$V@0@AEAV10@@Z 0000000140020f40 f i Framework:SimpleSprite.obj
 0002:0000ffa0       ??$forward@V?$tuple@AEBQEBD@std@@@std@@YA$$QEAV?$tuple@AEBQEBD@0@AEAV10@@Z 0000000140020fa0 f i Framework:SimpleSprite.obj
 0002:00010000       ??$forward@_N@std@@YA$$QEA_NAEA_N@Z 0000000140021000 f i Framework:SimpleSprite.obj
 0002:00010060       ??$forward_as_tuple@$$V@std@@YA?AV?$tuple@$$V@0@XZ 0000000140021060 f i Framework:SimpleSprite.obj
 0002:000100d0       ??$forward_as_tuple@AEBQEBD@std@@YA?AV?$tuple@AEBQEBD@0@AEBQEBD@Z 00000001400210d0 f i Framework:SimpleSprite.obj
 0002:00010160       ??$get@$0A@AEBQEBD@std@@YAAEBQEBD$$QEAV?$tuple@AEBQEBD@0@@Z 0000000140021160 f i Framework:SimpleSprite.obj
 0002:000101c0       ??$move@AEAV?$tuple@AEBQEBD@std@@@std@@YA$$QEAV?$tuple@AEBQEBD@0@AEAV10@@Z 00000001400211c0 f i Framework:SimpleSprite.obj
 0002:00010220       ??0?$_Alloc_construct_ptr@V?$allocator@U?$_Tree_node@U?$pair@QEBDUsTextureDef@CSimpleSprite@@@std@@PEAX@std@@@std@@@std@@QEAA@AEAV?$allocator@U?$_Tree_node@U?$pair@QEBDUsTextureDef@CSimpleSprite@@@std@@PEAX@std@@@1@@Z 0000000140021220 f i Framework:SimpleSprite.obj
 0002:000102b0       ??0?$_Tree@V?$_Tmap_traits@PEBDUsTextureDef@CSimpleSprite@@U?$less@PEBD@std@@V?$allocator@U?$pair@QEBDUsTextureDef@CSimpleSprite@@@std@@@4@$0A@@std@@@std@@QEAA@AEBU?$less@PEBD@1@@Z 00000001400212b0 f i Framework:SimpleSprite.obj
 0002:00010350       ??0?$_Tree_const_iterator@V?$_Tree_val@U?$_Tree_simple_types@U?$pair@QEBDUsTextureDef@CSimpleSprite@@@std@@@std@@@std@@@std@@QEAA@PEAU?$_Tree_node@U?$pair@QEBDUsTextureDef@CSimpleSprite@@@std@@PEAX@1@PEBV?$_Tree_val@U?$_Tree_simple_types@U?$pair@QEBDUsTextureDef@CSimpleSprite@@@std@@@std@@@1@@Z 0000000140021350 f i Framework:SimpleSprite.obj
 0002:000103e0       ??0?$_Tree_iterator@V?$_Tree_val@U?$_Tree_simple_types@U?$pair@QEBDUsTextureDef@CSimpleSprite@@@std@@@std@@@std@@@std@@QEAA@PEAU?$_Tree_node@U?$pair@QEBDUsTextureDef@CSimpleSprite@@@std@@PEAX@1@PEBV?$_Tree_val@U?$_Tree_simple_types@U?$pair@QEBDUsTextureDef@CSimpleSprite@@@std@@@std@@@1@@Z 00000001400213e0 f i Framework:SimpleSprite.obj
 0002:00010470       ??0?$_Tree_temp_node_alloc@V?$allocator@U?$_Tree_node@U?$pair@QEBDUsTextureDef@CSimpleSprite@@@std@@PEAX@std@@@std@@@std@@QEAA@AEAV?$allocator@U?$_Tree_node@U?$pair@QEBDUsTextureDef@CSimpleSprite@@@std@@PEAX@std@@@1@@Z 0000000140021470 f i Framework:SimpleSprite.obj
 0002:00010500       ??0?$_Tree_unchecked_const_iterator@V?$_Tree_val@U?$_Tree_simple_types@U?$pair@QEBDUsTextureDef@CSimpleSprite@@@std@@@std@@@std@@U_Iterator_base12@2@@std@@QEAA@PEAU?$_Tree_node@U?$pair@QEBDUsTextureDef@CSimpleSprite@@@std@@PEAX@1@PEBV?$_Tree_val@U?$_Tree_simple_types@U?$pair@QEBDUsTextureDef@CSimpleSprite@@@std@@@std@@@1@@Z 0000000140021500 f i Framework:SimpleSprite.obj
 0002:000105b0       ??0?$_Tree_val@U?$_Tree_simple_types@U?$pair@QEBDUsTextureDef@CSimpleSprite@@@std@@@std@@@std@@QEAA@XZ 00000001400215b0 f i Framework:SimpleSprite.obj
 0002:00010640       ??0?$allocator@U?$_Tree_node@U?$pair@QEBDUsTextureDef@CSimpleSprite@@@std@@PEAX@std@@@std@@QEAA@XZ 0000000140021640 f i Framework:SimpleSprite.obj
 0002:000106a0       ??0?$map@PEBDUsTextureDef@CSimpleSprite@@U?$less@PEBD@std@@V?$allocator@U?$pair@QEBDUsTextureDef@CSimpleSprite@@@std@@@4@@std@@QEAA@XZ 00000001400216a0 f i Framework:SimpleSprite.obj
 0002:00010710       ??0?$tuple@$$V@std@@QEAA@AEBV01@@Z 0000000140021710 f i Framework:SimpleSprite.obj
 0002:00010770       ??0?$tuple@$$V@std@@QEAA@XZ 0000000140021770 f i Framework:SimpleSprite.obj
 0002:000107d0       ??0?$tuple@AEBQEBD@std@@QEAA@$$QEAV01@@Z 00000001400217d0 f i Framework:SimpleSprite.obj
 0002:00010870       ??0CSimpleSprite@@QEAA@PEBD@Z 0000000140021870 f   Framework:SimpleSprite.obj
 0002:00010bd0       ??0_Iterator_base12@std@@QEAA@XZ 0000000140021bd0 f i Framework:SimpleSprite.obj
 0002:00010c50       ??1?$_Alloc_construct_ptr@V?$allocator@U?$_Tree_node@U?$pair@QEBDUsTextureDef@CSimpleSprite@@@std@@PEAX@std@@@std@@@std@@QEAA@XZ 0000000140021c50 f i Framework:SimpleSprite.obj
 0002:00010ce0       ??1?$_Tree@V?$_Tmap_traits@PEBDUsTextureDef@CSimpleSprite@@U?$less@PEBD@std@@V?$allocator@U?$pair@QEBDUsTextureDef@CSimpleSprite@@@std@@@4@$0A@@std@@@std@@QEAA@XZ 0000000140021ce0 f i Framework:SimpleSprite.obj
 0002:00010df0       ??1?$_Tree_const_iterator@V?$_Tree_val@U?$_Tree_simple_types@U?$pair@QEBDUsTextureDef@CSimpleSprite@@@std@@@std@@@std@@@std@@QEAA@XZ 0000000140021df0 f i Framework:SimpleSprite.obj
 0002:00010e40       ??1?$_Tree_iterator@V?$_Tree_val@U?$_Tree_simple_types@U?$pair@QEBDUsTextureDef@CSimpleSprite@@@std@@@std@@@std@@@std@@QEAA@XZ 0000000140021e40 f i Framework:SimpleSprite.obj
 0002:00010e90       ??1?$_Tree_temp_node@V?$allocator@U?$_Tree_node@U?$pair@QEBDUsTextureDef@CSimpleSprite@@@std@@PEAX@std@@@std@@@std@@QEAA@XZ 0000000140021e90 f i Framework:SimpleSprite.obj
 0002:00010f90       ??1?$_Tree_temp_node_alloc@V?$allocator@U?$_Tree_node@U?$pair@QEBDUsTextureDef@CSimpleSprite@@@std@@PEAX@std@@@std@@@std@@QEAA@XZ 0000000140021f90 f i Framework:SimpleSprite.obj
 0002:00010fe0       ??1?$_Tree_unchecked_const_iterator@V?$_Tree_val@U?$_Tree_simple_types@U?$pair@QEBDUsTextureDef@CSimpleSprite@@@std@@@std@@@std@@U_Iterator_base12@2@@std@@QEAA@XZ 0000000140021fe0 f i Framework:SimpleSprite.obj
 0002:00011030       ??1?$map@PEBDUsTextureDef@CSimpleSprite@@U?$less@PEBD@std@@V?$allocator@U?$pair@QEBDUsTextureDef@CSimpleSprite@@@std@@@4@@std@@QEAA@XZ 0000000140022030 f i Framework:SimpleSprite.obj
 0002:00011080       ??1_Iterator_base12@std@@QEAA@XZ 0000000140022080 f i Framework:SimpleSprite.obj
 0002:00011150       ??8?$_Tree_const_iterator@V?$_Tree_val@U?$_Tree_simple_types@U?$pair@QEBDUsTextureDef@CSimpleSprite@@@std@@@std@@@std@@@std@@QEBA_NAEBV01@@Z 0000000140022150 f i Framework:SimpleSprite.obj
 0002:000112c0       ??9?$_Tree_const_iterator@V?$_Tree_val@U?$_Tree_simple_types@U?$pair@QEBDUsTextureDef@CSimpleSprite@@@std@@@std@@@std@@@std@@QEBA_NAEBV01@@Z 00000001400222c0 f i Framework:SimpleSprite.obj
 0002:00011360       ??A?$map@PEBDUsTextureDef@CSimpleSprite@@U?$less@PEBD@std@@V?$allocator@U?$pair@QEBDUsTextureDef@CSimpleSprite@@@std@@@4@@std@@QEAAAEAUsTextureDef@CSimpleSprite@@AEBQEBD@Z 0000000140022360 f i Framework:SimpleSprite.obj
 0002:000113e0       ??R?$less@PEBD@std@@QEBA_NAEBQEBD0@Z 00000001400223e0 f i Framework:SimpleSprite.obj
 0002:00011480       ?CalculateUVs@CSimpleSprite@@AEAAXXZ 0000000140022480 f   Framework:SimpleSprite.obj
 0002:000116f0       ?Draw@CSimpleSprite@@QEAAXXZ 00000001400226f0 f   Framework:SimpleSprite.obj
 0002:00011a00       ?LoadTexture@CSimpleSprite@@AEAA_NPEBD@Z 0000000140022a00 f   Framework:SimpleSprite.obj
 0002:00011d90       ?_Adopt@_Iterator_base12@std@@QEAAXPEBU_Container_base12@2@@Z 0000000140022d90 f i Framework:SimpleSprite.obj
 0002:00011f00       ?_Alloc_sentinel_and_proxy@?$_Tree@V?$_Tmap_traits@PEBDUsTextureDef@CSimpleSprite@@U?$less@PEBD@std@@V?$allocator@U?$pair@QEBDUsTextureDef@CSimpleSprite@@@std@@@4@$0A@@std@@@std@@IEAAXXZ 0000000140022f00 f i Framework:SimpleSprite.obj
 0002:00012020       ?_Allocate@?$_Alloc_construct_ptr@V?$allocator@U?$_Tree_node@U?$pair@QEBDUsTextureDef@CSimpleSprite@@@std@@PEAX@std@@@std@@@std@@QEAAXXZ 0000000140023020 f i Framework:SimpleSprite.obj
 0002:000120b0       ?_Check_grow_by_1@?$_Tree@V?$_Tmap_traits@PEBDUsTextureDef@CSimpleSprite@@U?$less@PEBD@std@@V?$allocator@U?$pair@QEBDUsTextureDef@CSimpleSprite@@@std@@@4@$0A@@std@@@std@@IEAAXXZ 00000001400230b0 f i Framework:SimpleSprite.obj
 0002:00012140       ?_Get_first@?$_Compressed_pair@U?$less@PEBD@std@@V?$_Compressed_pair@V?$allocator@U?$_Tree_node@U?$pair@QEBDUsTextureDef@CSimpleSprite@@@std@@PEAX@std@@@std@@V?$_Tree_val@U?$_Tree_simple_types@U?$pair@QEBDUsTextureDef@CSimpleSprite@@@std@@@std@@@2@$00@2@$00@std@@QEBAAEBU?$less@PEBD@2@XZ 0000000140023140 f i Framework:SimpleSprite.obj
 0002:000121a0       ?_Get_first@?$_Compressed_pair@V?$allocator@U?$_Tree_node@U?$pair@QEBDUsTextureDef@CSimpleSprite@@@std@@PEAX@std@@@std@@V?$_Tree_val@U?$_Tree_simple_types@U?$pair@QEBDUsTextureDef@CSimpleSprite@@@std@@@std@@@2@$00@std@@QEAAAEAV?$allocator@U?$_Tree_node@U?$pair@QEBDUsTextureDef@CSimpleSprite@@@std@@PEAX@std@@@2@XZ 00000001400231a0 f i Framework:SimpleSprite.obj
 0002:00012200       ?_Get_first@?$_Compressed_pair@V?$allocator@U?$_Tree_node@U?$pair@QEBDUsTextureDef@CSimpleSprite@@@std@@PEAX@std@@@std@@V?$_Tree_val@U?$_Tree_simple_types@U?$pair@QEBDUsTextureDef@CSimpleSprite@@@std@@@std@@@2@$00@std@@QEBAAEBV?$allocator@U?$_Tree_node@U?$pair@QEBDUsTextureDef@CSimpleSprite@@@std@@PEAX@std@@@2@XZ 0000000140023200 f i Framework:SimpleSprite.obj
 0002:00012260       ?_Get_scary@?$_Tree@V?$_Tmap_traits@PEBDUsTextureDef@CSimpleSprite@@U?$less@PEBD@std@@V?$allocator@U?$pair@QEBDUsTextureDef@CSimpleSprite@@@std@@@4@$0A@@std@@@std@@IEAAPEAV?$_Tree_val@U?$_Tree_simple_types@U?$pair@QEBDUsTextureDef@CSimpleSprite@@@std@@@std@@@2@XZ 0000000140023260 f i Framework:SimpleSprite.obj
 0002:000122d0       ?_Get_scary@?$_Tree@V?$_Tmap_traits@PEBDUsTextureDef@CSimpleSprite@@U?$less@PEBD@std@@V?$allocator@U?$pair@QEBDUsTextureDef@CSimpleSprite@@@std@@@4@$0A@@std@@@std@@IEBAPEBV?$_Tree_val@U?$_Tree_simple_types@U?$pair@QEBDUsTextureDef@CSimpleSprite@@@std@@@std@@@2@XZ 00000001400232d0 f i Framework:SimpleSprite.obj
 0002:00012340       ?_Getal@?$_Tree@V?$_Tmap_traits@PEBDUsTextureDef@CSimpleSprite@@U?$less@PEBD@std@@V?$allocator@U?$pair@QEBDUsTextureDef@CSimpleSprite@@@std@@@4@$0A@@std@@@std@@IEAAAEAV?$allocator@U?$_Tree_node@U?$pair@QEBDUsTextureDef@CSimpleSprite@@@std@@PEAX@std@@@2@XZ 0000000140023340 f i Framework:SimpleSprite.obj
 0002:000123b0       ?_Getal@?$_Tree@V?$_Tmap_traits@PEBDUsTextureDef@CSimpleSprite@@U?$less@PEBD@std@@V?$allocator@U?$pair@QEBDUsTextureDef@CSimpleSprite@@@std@@@4@$0A@@std@@@std@@IEBAAEBV?$allocator@U?$_Tree_node@U?$pair@QEBDUsTextureDef@CSimpleSprite@@@std@@PEAX@std@@@2@XZ 00000001400233b0 f i Framework:SimpleSprite.obj
 0002:00012420       ?_Getcomp@?$_Tree@V?$_Tmap_traits@PEBDUsTextureDef@CSimpleSprite@@U?$less@PEBD@std@@V?$allocator@U?$pair@QEBDUsTextureDef@CSimpleSprite@@@std@@@4@$0A@@std@@@std@@IEBAAEBU?$less@PEBD@2@XZ 0000000140023420 f i Framework:SimpleSprite.obj
 0002:00012490       ?_Getcont@_Iterator_base12@std@@QEBAPEBU_Container_base12@2@XZ 0000000140023490 f i Framework:SimpleSprite.obj
 0002:00012530       ?_Insert_node@?$_Tree_val@U?$_Tree_simple_types@U?$pair@QEBDUsTextureDef@CSimpleSprite@@@std@@@std@@@std@@QEAAPEAU?$_Tree_node@U?$pair@QEBDUsTextureDef@CSimpleSprite@@@std@@PEAX@2@U?$_Tree_id@PEAU?$_Tree_node@U?$pair@QEBDUsTextureDef@CSimpleSprite@@@std@@PEAX@std@@@2@QEAU32@@Z 0000000140023530 f i Framework:SimpleSprite.obj
 0002:00012920       ?_Lrotate@?$_Tree_val@U?$_Tree_simple_types@U?$pair@QEBDUsTextureDef@CSimpleSprite@@@std@@@std@@@std@@QEAAXPEAU?$_Tree_node@U?$pair@QEBDUsTextureDef@CSimpleSprite@@@std@@PEAX@2@@Z 0000000140023920 f i Framework:SimpleSprite.obj
 0002:00012a90       ?_Orphan_me@_Iterator_base12@std@@QEAAXXZ 0000000140023a90 f i Framework:SimpleSprite.obj
 0002:00012c10       ?_Release@?$_Alloc_construct_ptr@V?$allocator@U?$_Tree_node@U?$pair@QEBDUsTextureDef@CSimpleSprite@@@std@@PEAX@std@@@std@@@std@@QEAAPEAU?$_Tree_node@U?$pair@QEBDUsTextureDef@CSimpleSprite@@@std@@PEAX@2@XZ 0000000140023c10 f i Framework:SimpleSprite.obj
 0002:00012c90       ?_Rrotate@?$_Tree_val@U?$_Tree_simple_types@U?$pair@QEBDUsTextureDef@CSimpleSprite@@@std@@@std@@@std@@QEAAXPEAU?$_Tree_node@U?$pair@QEBDUsTextureDef@CSimpleSprite@@@std@@PEAX@2@@Z 0000000140023c90 f i Framework:SimpleSprite.obj
 0002:00012e00       ?_Throw_tree_length_error@std@@YAXXZ 0000000140023e00 f i Framework:SimpleSprite.obj
 0002:00012e50       ?__autoclassinit2@?$map@PEBDUsTextureDef@CSimpleSprite@@U?$less@PEBD@std@@V?$allocator@U?$pair@QEBDUsTextureDef@CSimpleSprite@@@std@@@4@@std@@QEAAX_K@Z 0000000140023e50 f i Framework:SimpleSprite.obj
 0002:00012eb0       ?allocate@?$allocator@U?$_Tree_node@U?$pair@QEBDUsTextureDef@CSimpleSprite@@@std@@PEAX@std@@@std@@QEAAPEAU?$_Tree_node@U?$pair@QEBDUsTextureDef@CSimpleSprite@@@std@@PEAX@2@_K@Z 0000000140023eb0 f i Framework:SimpleSprite.obj
 0002:00012f20       ?deallocate@?$_Default_allocator_traits@V?$allocator@U?$_Tree_node@U?$pair@QEBDUsTextureDef@CSimpleSprite@@@std@@PEAX@std@@@std@@@std@@SAXAEAV?$allocator@U?$_Tree_node@U?$pair@QEBDUsTextureDef@CSimpleSprite@@@std@@PEAX@std@@@2@QEAU?$_Tree_node@U?$pair@QEBDUsTextureDef@CSimpleSprite@@@std@@PEAX@2@_K@Z 0000000140023f20 f i Framework:SimpleSprite.obj
 0002:00012fa0       ?deallocate@?$allocator@U?$_Tree_node@U?$pair@QEBDUsTextureDef@CSimpleSprite@@@std@@PEAX@std@@@std@@QEAAXQEAU?$_Tree_node@U?$pair@QEBDUsTextureDef@CSimpleSprite@@@std@@PEAX@2@_K@Z 0000000140023fa0 f i Framework:SimpleSprite.obj
 0002:00013020       ?end@?$_Tree@V?$_Tmap_traits@PEBDUsTextureDef@CSimpleSprite@@U?$less@PEBD@std@@V?$allocator@U?$pair@QEBDUsTextureDef@CSimpleSprite@@@std@@@4@$0A@@std@@@std@@QEAA?AV?$_Tree_iterator@V?$_Tree_val@U?$_Tree_simple_types@U?$pair@QEBDUsTextureDef@CSimpleSprite@@@std@@@std@@@std@@@2@XZ 0000000140024020 f i Framework:SimpleSprite.obj
 0002:000130c0       ?find@?$_Tree@V?$_Tmap_traits@PEBDUsTextureDef@CSimpleSprite@@U?$less@PEBD@std@@V?$allocator@U?$pair@QEBDUsTextureDef@CSimpleSprite@@@std@@@4@$0A@@std@@@std@@QEAA?AV?$_Tree_iterator@V?$_Tree_val@U?$_Tree_simple_types@U?$pair@QEBDUsTextureDef@CSimpleSprite@@@std@@@std@@@std@@@2@AEBQEBD@Z 00000001400240c0 f i Framework:SimpleSprite.obj
 0002:000131a0       ?max_size@?$_Default_allocator_traits@V?$allocator@U?$_Tree_node@U?$pair@QEBDUsTextureDef@CSimpleSprite@@@std@@PEAX@std@@@std@@@std@@SA_KAEBV?$allocator@U?$_Tree_node@U?$pair@QEBDUsTextureDef@CSimpleSprite@@@std@@PEAX@std@@@2@@Z 00000001400241a0 f i Framework:SimpleSprite.obj
 0002:00013200       ?max_size@?$_Tree@V?$_Tmap_traits@PEBDUsTextureDef@CSimpleSprite@@U?$less@PEBD@std@@V?$allocator@U?$pair@QEBDUsTextureDef@CSimpleSprite@@@std@@@4@$0A@@std@@@std@@QEBA_KXZ 0000000140024200 f i Framework:SimpleSprite.obj
 0002:000132b0       ??0CController@@QEAA@XZ    00000001400242b0 f i Framework:SimpleController.obj
 0002:00013360       ??0CSimpleControllers@@QEAA@XZ 0000000140024360 f i Framework:SimpleController.obj
 0002:000133d0       ??_H@YAXPEAX_K1P6APEAX0@Z@Z 00000001400243d0 f i Framework:SimpleController.obj
 0002:000134c0       ?GetInstance@CSimpleControllers@@SAAEAV1@XZ 00000001400244c0 f   Framework:SimpleController.obj
 0002:00013580       ?Update@CSimpleControllers@@QEAAXXZ 0000000140024580 f   Framework:SimpleController.obj
 0002:00013e60       ??$?0$$V@?$_Compressed_pair@V?$allocator@U?$_Tree_node@U?$pair@QEBDPEAUIDirectSoundBuffer8@@@std@@PEAX@std@@@std@@V?$_Tree_val@U?$_Tree_simple_types@U?$pair@QEBDPEAUIDirectSoundBuffer8@@@std@@@std@@@2@$00@std@@QEAA@U_Zero_then_variadic_args_t@1@@Z 0000000140024e60 f i Framework:SimpleSound.obj
 0002:00013ee0       ??$?0AEBQEAU?$_Tree_node@U?$pair@QEBDPEAUIDirectSoundBuffer8@@@std@@PEAX@std@@_N$0A@@?$pair@PEAU?$_Tree_node@U?$pair@QEBDPEAUIDirectSoundBuffer8@@@std@@PEAX@std@@_N@std@@QEAA@AEBQEAU?$_Tree_node@U?$pair@QEBDPEAUIDirectSoundBuffer8@@@std@@PEAX@1@$$QEA_N@Z 0000000140024ee0 f i Framework:SimpleSound.obj
 0002:00013f90       ??$?0AEBQEBD$$Z$$V@?$pair@QEBDPEAUIDirectSoundBuffer8@@@std@@QEAA@Upiecewise_construct_t@1@V?$tuple@AEBQEBD@1@V?$tuple@$$V@1@@Z 0000000140024f90 f i Framework:SimpleSound.obj
 0002:00014040       ??$?0AEBU?$less@PEBD@std@@U_Zero_then_variadic_args_t@1@@?$_Compressed_pair@U?$less@PEBD@std@@V?$_Compressed_pair@V?$allocator@U?$_Tree_node@U?$pair@QEBDPEAUIDirectSoundBuffer8@@@std@@PEAX@std@@@std@@V?$_Tree_val@U?$_Tree_simple_types@U?$pair@QEBDPEAUIDirectSoundBuffer8@@@std@@@std@@@2@$00@2@$00@std@@QEAA@U_One_then_variadic_args_t@1@AEBU?$less@PEBD@1@$$QEAU_Zero_then_variadic_args_t@1@@Z 0000000140025040 f i Framework:SimpleSound.obj
 0002:000140e0       ??$?0AEBUpiecewise_construct_t@std@@V?$tuple@AEBQEBD@1@V?$tuple@$$V@1@@?$_Tree_temp_node@V?$allocator@U?$_Tree_node@U?$pair@QEBDPEAUIDirectSoundBuffer8@@@std@@PEAX@std@@@std@@@std@@QEAA@AEAV?$allocator@U?$_Tree_node@U?$pair@QEBDPEAUIDirectSoundBuffer8@@@std@@PEAX@std@@@1@PEAU?$_Tree_node@U?$pair@QEBDPEAUIDirectSoundBuffer8@@@std@@PEAX@1@AEBUpiecewise_construct_t@1@$$QEAV?$tuple@AEBQEBD@1@$$QEAV?$tuple@$$V@1@@Z 00000001400250e0 f i Framework:SimpleSound.obj
 0002:000142a0       ??$?0PEAU?$_Tree_node@U?$pair@QEBDPEAUIDirectSoundBuffer8@@@std@@PEAX@std@@_N$0A@@?$pair@PEAU?$_Tree_node@U?$pair@QEBDPEAUIDirectSoundBuffer8@@@std@@PEAX@std@@_N@std@@QEAA@$$QEAPEAU?$_Tree_node@U?$pair@QEBDPEAUIDirectSoundBuffer8@@@std@@PEAX@1@$$QEA_N@Z 00000001400252a0 f i Framework:SimpleSound.obj
 0002:00014350       ??$?0U?$_Tree_node@U?$pair@QEBDPEAUIDirectSoundBuffer8@@@std@@PEAX@std@@@?$allocator@U_Container_proxy@std@@@std@@QEAA@AEBV?$allocator@U?$_Tree_node@U?$pair@QEBDPEAUIDirectSoundBuffer8@@@std@@PEAX@std@@@1@@Z 0000000140025350 f i Framework:SimpleSound.obj
 0002:000143b0       ??$?0V?$tuple@AEBQEBD@std@@V?$tuple@$$V@1@$0A@$$Z$S@?$pair@QEBDPEAUIDirectSoundBuffer8@@@std@@QEAA@AEAV?$tuple@AEBQEBD@1@AEAV?$tuple@$$V@1@U?$integer_sequence@_K$0A@@1@U?$integer_sequence@_K$S@1@@Z 00000001400253b0 f i Framework:SimpleSound.obj
 0002:00014460       ??$_Buyheadnode@V?$allocator@U?$_Tree_node@U?$pair@QEBDPEAUIDirectSoundBuffer8@@@std@@PEAX@std@@@std@@@?$_Tree_node@U?$pair@QEBDPEAUIDirectSoundBuffer8@@@std@@PEAX@std@@SAPEAU01@AEAV?$allocator@U?$_Tree_node@U?$pair@QEBDPEAUIDirectSoundBuffer8@@@std@@PEAX@std@@@1@@Z 0000000140025460 f i Framework:SimpleSound.obj
 0002:00014570       ??$_Construct_in_place@PEAU?$_Tree_node@U?$pair@QEBDPEAUIDirectSoundBuffer8@@@std@@PEAX@std@@AEAPEAU12@@std@@YAXAEAPEAU?$_Tree_node@U?$pair@QEBDPEAUIDirectSoundBuffer8@@@std@@PEAX@0@0@Z 0000000140025570 f i Framework:SimpleSound.obj
 0002:00014620       ??$_Construct_in_place@PEAU?$_Tree_node@U?$pair@QEBDPEAUIDirectSoundBuffer8@@@std@@PEAX@std@@AEBQEAU12@@std@@YAXAEAPEAU?$_Tree_node@U?$pair@QEBDPEAUIDirectSoundBuffer8@@@std@@PEAX@0@AEBQEAU10@@Z 0000000140025620 f i Framework:SimpleSound.obj
 0002:000146d0       ??$_Destroy_in_place@PEAU?$_Tree_node@U?$pair@QEBDPEAUIDirectSoundBuffer8@@@std@@PEAX@std@@@std@@YAXAEAPEAU?$_Tree_node@U?$pair@QEBDPEAUIDirectSoundBuffer8@@@std@@PEAX@0@@Z 00000001400256d0 f i Framework:SimpleSound.obj
 0002:00014730       ??$_Erase_head@V?$allocator@U?$_Tree_node@U?$pair@QEBDPEAUIDirectSoundBuffer8@@@std@@PEAX@std@@@std@@@?$_Tree_val@U?$_Tree_simple_types@U?$pair@QEBDPEAUIDirectSoundBuffer8@@@std@@@std@@@std@@QEAAXAEAV?$allocator@U?$_Tree_node@U?$pair@QEBDPEAUIDirectSoundBuffer8@@@std@@PEAX@std@@@1@@Z 0000000140025730 f i Framework:SimpleSound.obj
 0002:000147f0       ??$_Erase_tree@V?$allocator@U?$_Tree_node@U?$pair@QEBDPEAUIDirectSoundBuffer8@@@std@@PEAX@std@@@std@@@?$_Tree_val@U?$_Tree_simple_types@U?$pair@QEBDPEAUIDirectSoundBuffer8@@@std@@@std@@@std@@QEAAXAEAV?$allocator@U?$_Tree_node@U?$pair@QEBDPEAUIDirectSoundBuffer8@@@std@@PEAX@std@@@1@PEAU?$_Tree_node@U?$pair@QEBDPEAUIDirectSoundBuffer8@@@std@@PEAX@1@@Z 00000001400257f0 f i Framework:SimpleSound.obj
 0002:000148c0       ??$_Find_lower_bound@PEBD@?$_Tree@V?$_Tmap_traits@PEBDPEAUIDirectSoundBuffer8@@U?$less@PEBD@std@@V?$allocator@U?$pair@QEBDPEAUIDirectSoundBuffer8@@@std@@@3@$0A@@std@@@std@@IEBA?AU?$_Tree_find_result@PEAU?$_Tree_node@U?$pair@QEBDPEAUIDirectSoundBuffer8@@@std@@PEAX@std@@@1@AEBQEBD@Z 00000001400258c0 f i Framework:SimpleSound.obj
 0002:00014a80       ??$_Freenode0@V?$allocator@U?$_Tree_node@U?$pair@QEBDPEAUIDirectSoundBuffer8@@@std@@PEAX@std@@@std@@@?$_Tree_node@U?$pair@QEBDPEAUIDirectSoundBuffer8@@@std@@PEAX@std@@SAXAEAV?$allocator@U?$_Tree_node@U?$pair@QEBDPEAUIDirectSoundBuffer8@@@std@@PEAX@std@@@1@PEAU01@@Z 0000000140025a80 f i Framework:SimpleSound.obj
 0002:00014b40       ??$_Freenode@V?$allocator@U?$_Tree_node@U?$pair@QEBDPEAUIDirectSoundBuffer8@@@std@@PEAX@std@@@std@@@?$_Tree_node@U?$pair@QEBDPEAUIDirectSoundBuffer8@@@std@@PEAX@std@@SAXAEAV?$allocator@U?$_Tree_node@U?$pair@QEBDPEAUIDirectSoundBuffer8@@@std@@PEAX@std@@@1@PEAU01@@Z 0000000140025b40 f i Framework:SimpleSound.obj
 0002:00014be0       ??$_Get_size_of_n@$0DA@@std@@YA_K_K@Z 0000000140025be0 f i Framework:SimpleSound.obj
 0002:00014c70       ??$_Kfn@QEBDPEAUIDirectSoundBuffer8@@@?$_Tmap_traits@PEBDPEAUIDirectSoundBuffer8@@U?$less@PEBD@std@@V?$allocator@U?$pair@QEBDPEAUIDirectSoundBuffer8@@@std@@@3@$0A@@std@@SAAEBQEBDAEBU?$pair@QEBDPEAUIDirectSoundBuffer8@@@1@@Z 0000000140025c70 f i Framework:SimpleSound.obj
 0002:00014cd0       ??$_Lower_bound_duplicate@PEBD@?$_Tree@V?$_Tmap_traits@PEBDPEAUIDirectSoundBuffer8@@U?$less@PEBD@std@@V?$allocator@U?$pair@QEBDPEAUIDirectSoundBuffer8@@@std@@@3@$0A@@std@@@std@@IEBA_NQEAU?$_Tree_node@U?$pair@QEBDPEAUIDirectSoundBuffer8@@@std@@PEAX@1@AEBQEBD@Z 0000000140025cd0 f i Framework:SimpleSound.obj
 0002:00014dc0       ??$_Try_emplace@AEBQEBD$$V@?$map@PEBDPEAUIDirectSoundBuffer8@@U?$less@PEBD@std@@V?$allocator@U?$pair@QEBDPEAUIDirectSoundBuffer8@@@std@@@3@@std@@AEAA?AU?$pair@PEAU?$_Tree_node@U?$pair@QEBDPEAUIDirectSoundBuffer8@@@std@@PEAX@std@@_N@1@AEBQEBD@Z 0000000140025dc0 f i Framework:SimpleSound.obj
 0002:00015030       ??$addressof@$$CBV?$_Tree_val@U?$_Tree_simple_types@U?$pair@QEBDPEAUIDirectSoundBuffer8@@@std@@@std@@@std@@@std@@YAPEBV?$_Tree_val@U?$_Tree_simple_types@U?$pair@QEBDPEAUIDirectSoundBuffer8@@@std@@@std@@@0@AEBV10@@Z 0000000140026030 f i Framework:SimpleSound.obj
 0002:00015090       ??$addressof@PEAU?$_Tree_node@U?$pair@QEBDPEAUIDirectSoundBuffer8@@@std@@PEAX@std@@@std@@YAPEAPEAU?$_Tree_node@U?$pair@QEBDPEAUIDirectSoundBuffer8@@@std@@PEAX@0@AEAPEAU10@@Z 0000000140026090 f i Framework:SimpleSound.obj
 0002:000150f0       ??$addressof@U?$pair@QEBDPEAUIDirectSoundBuffer8@@@std@@@std@@YAPEAU?$pair@QEBDPEAUIDirectSoundBuffer8@@@0@AEAU10@@Z 00000001400260f0 f i Framework:SimpleSound.obj
 0002:00015150       ??$addressof@V?$_Tree_val@U?$_Tree_simple_types@U?$pair@QEBDPEAUIDirectSoundBuffer8@@@std@@@std@@@std@@@std@@YAPEAV?$_Tree_val@U?$_Tree_simple_types@U?$pair@QEBDPEAUIDirectSoundBuffer8@@@std@@@std@@@0@AEAV10@@Z 0000000140026150 f i Framework:SimpleSound.obj
 0002:000151b0       ??$construct@U?$pair@QEBDPEAUIDirectSoundBuffer8@@@std@@AEBUpiecewise_construct_t@2@V?$tuple@AEBQEBD@2@V?$tuple@$$V@2@@?$_Default_allocator_traits@V?$allocator@U?$_Tree_node@U?$pair@QEBDPEAUIDirectSoundBuffer8@@@std@@PEAX@std@@@std@@@std@@SAXAEAV?$allocator@U?$_Tree_node@U?$pair@QEBDPEAUIDirectSoundBuffer8@@@std@@PEAX@std@@@1@QEAU?$pair@QEBDPEAUIDirectSoundBuffer8@@@1@AEBUpiecewise_construct_t@1@$$QEAV?$tuple@AEBQEBD@1@$$QEAV?$tuple@$$V@1@@Z 00000001400261b0 f i Framework:SimpleSound.obj
 0002:000152f0       ??$destroy@U?$pair@QEBDPEAUIDirectSoundBuffer8@@@std@@@?$_Default_allocator_traits@V?$allocator@U?$_Tree_node@U?$pair@QEBDPEAUIDirectSoundBuffer8@@@std@@PEAX@std@@@std@@@std@@SAXAEAV?$allocator@U?$_Tree_node@U?$pair@QEBDPEAUIDirectSoundBuffer8@@@std@@PEAX@std@@@1@QEAU?$pair@QEBDPEAUIDirectSoundBuffer8@@@1@@Z 00000001400262f0 f i Framework:SimpleSound.obj
 0002:00015350       ??$exchange@PEAU?$_Tree_node@U?$pair@QEBDPEAUIDirectSoundBuffer8@@@std@@PEAX@std@@$$T@std@@YAPEAU?$_Tree_node@U?$pair@QEBDPEAUIDirectSoundBuffer8@@@std@@PEAX@0@AEAPEAU10@$$QEA$$T@Z 0000000140026350 f i Framework:SimpleSound.obj
 0002:000153e0       ??$exchange@PEAU?$_Tree_node@U?$pair@QEBDPEAUIDirectSoundBuffer8@@@std@@PEAX@std@@AEAPEAU12@@std@@YAPEAU?$_Tree_node@U?$pair@QEBDPEAUIDirectSoundBuffer8@@@std@@PEAX@0@AEAPEAU10@0@Z 00000001400263e0 f i Framework:SimpleSound.obj
 0002:00015470       ??$forward@AEAPEAU?$_Tree_node@U?$pair@QEBDPEAUIDirectSoundBuffer8@@@std@@PEAX@std@@@std@@YAAEAPEAU?$_Tree_node@U?$pair@QEBDPEAUIDirectSoundBuffer8@@@std@@PEAX@0@AEAPEAU10@@Z 0000000140026470 f i Framework:SimpleSound.obj
 0002:000154d0       ??$forward@AEBQEAU?$_Tree_node@U?$pair@QEBDPEAUIDirectSoundBuffer8@@@std@@PEAX@std@@@std@@YAAEBQEAU?$_Tree_node@U?$pair@QEBDPEAUIDirectSoundBuffer8@@@std@@PEAX@0@AEBQEAU10@@Z 00000001400264d0 f i Framework:SimpleSound.obj
 0002:00015530       ??$forward@PEAU?$_Tree_node@U?$pair@QEBDPEAUIDirectSoundBuffer8@@@std@@PEAX@std@@@std@@YA$$QEAPEAU?$_Tree_node@U?$pair@QEBDPEAUIDirectSoundBuffer8@@@std@@PEAX@0@AEAPEAU10@@Z 0000000140026530 f i Framework:SimpleSound.obj
 0002:00015590       ??0?$_Alloc_construct_ptr@V?$allocator@U?$_Tree_node@U?$pair@QEBDPEAUIDirectSoundBuffer8@@@std@@PEAX@std@@@std@@@std@@QEAA@AEAV?$allocator@U?$_Tree_node@U?$pair@QEBDPEAUIDirectSoundBuffer8@@@std@@PEAX@std@@@1@@Z 0000000140026590 f i Framework:SimpleSound.obj
 0002:00015620       ??0?$_Tree@V?$_Tmap_traits@PEBDPEAUIDirectSoundBuffer8@@U?$less@PEBD@std@@V?$allocator@U?$pair@QEBDPEAUIDirectSoundBuffer8@@@std@@@3@$0A@@std@@@std@@QEAA@AEBU?$less@PEBD@1@@Z 0000000140026620 f i Framework:SimpleSound.obj
 0002:000156c0       ??0?$_Tree_temp_node_alloc@V?$allocator@U?$_Tree_node@U?$pair@QEBDPEAUIDirectSoundBuffer8@@@std@@PEAX@std@@@std@@@std@@QEAA@AEAV?$allocator@U?$_Tree_node@U?$pair@QEBDPEAUIDirectSoundBuffer8@@@std@@PEAX@std@@@1@@Z 00000001400266c0 f i Framework:SimpleSound.obj
 0002:00015750       ??0?$_Tree_unchecked_const_iterator@V?$_Tree_val@U?$_Tree_simple_types@U?$pair@QEBDPEAUIDirectSoundBuffer8@@@std@@@std@@@std@@U_Iterator_base0@2@@std@@QEAA@PEAU?$_Tree_node@U?$pair@QEBDPEAUIDirectSoundBuffer8@@@std@@PEAX@1@PEBV?$_Tree_val@U?$_Tree_simple_types@U?$pair@QEBDPEAUIDirectSoundBuffer8@@@std@@@std@@@1@@Z 0000000140026750 f i Framework:SimpleSound.obj
 0002:000157f0       ??0?$_Tree_unchecked_iterator@V?$_Tree_val@U?$_Tree_simple_types@U?$pair@QEBDPEAUIDirectSoundBuffer8@@@std@@@std@@@std@@@std@@QEAA@PEAU?$_Tree_node@U?$pair@QEBDPEAUIDirectSoundBuffer8@@@std@@PEAX@1@PEBV?$_Tree_val@U?$_Tree_simple_types@U?$pair@QEBDPEAUIDirectSoundBuffer8@@@std@@@std@@@1@@Z 00000001400267f0 f i Framework:SimpleSound.obj
 0002:00015880       ??0?$_Tree_val@U?$_Tree_simple_types@U?$pair@QEBDPEAUIDirectSoundBuffer8@@@std@@@std@@@std@@QEAA@XZ 0000000140026880 f i Framework:SimpleSound.obj
 0002:00015910       ??0?$allocator@U?$_Tree_node@U?$pair@QEBDPEAUIDirectSoundBuffer8@@@std@@PEAX@std@@@std@@QEAA@XZ 0000000140026910 f i Framework:SimpleSound.obj
 0002:00015970       ??0?$map@PEBDPEAUIDirectSoundBuffer8@@U?$less@PEBD@std@@V?$allocator@U?$pair@QEBDPEAUIDirectSoundBuffer8@@@std@@@3@@std@@QEAA@XZ 0000000140026970 f i Framework:SimpleSound.obj
 0002:000159e0       ??0CSimpleSound@@QEAA@XZ   00000001400269e0 f   Framework:SimpleSound.obj
 0002:00015a80       ??1?$_Alloc_construct_ptr@V?$allocator@U?$_Tree_node@U?$pair@QEBDPEAUIDirectSoundBuffer8@@@std@@PEAX@std@@@std@@@std@@QEAA@XZ 0000000140026a80 f i Framework:SimpleSound.obj
 0002:00015b10       ??1?$_Tree@V?$_Tmap_traits@PEBDPEAUIDirectSoundBuffer8@@U?$less@PEBD@std@@V?$allocator@U?$pair@QEBDPEAUIDirectSoundBuffer8@@@std@@@3@$0A@@std@@@std@@QEAA@XZ 0000000140026b10 f i Framework:SimpleSound.obj
 0002:00015c20       ??1?$_Tree_temp_node@V?$allocator@U?$_Tree_node@U?$pair@QEBDPEAUIDirectSoundBuffer8@@@std@@PEAX@std@@@std@@@std@@QEAA@XZ 0000000140026c20 f i Framework:SimpleSound.obj
 0002:00015d20       ??1?$_Tree_temp_node_alloc@V?$allocator@U?$_Tree_node@U?$pair@QEBDPEAUIDirectSoundBuffer8@@@std@@PEAX@std@@@std@@@std@@QEAA@XZ 0000000140026d20 f i Framework:SimpleSound.obj
 0002:00015d70       ??1?$map@PEBDPEAUIDirectSoundBuffer8@@U?$less@PEBD@std@@V?$allocator@U?$pair@QEBDPEAUIDirectSoundBuffer8@@@std@@@3@@std@@QEAA@XZ 0000000140026d70 f i Framework:SimpleSound.obj
 0002:00015dc0       ??1CSimpleSound@@QEAA@XZ   0000000140026dc0 f   Framework:SimpleSound.obj
 0002:00015e40       ??9?$_Tree_unchecked_const_iterator@V?$_Tree_val@U?$_Tree_simple_types@U?$pair@QEBDPEAUIDirectSoundBuffer8@@@std@@@std@@@std@@U_Iterator_base0@2@@std@@QEBA_NU_Default_sentinel@1@@Z 0000000140026e40 f i Framework:SimpleSound.obj
 0002:00015ee0       ??A?$map@PEBDPEAUIDirectSoundBuffer8@@U?$less@PEBD@std@@V?$allocator@U?$pair@QEBDPEAUIDirectSoundBuffer8@@@std@@@3@@std@@QEAAAEAPEAUIDirectSoundBuffer8@@AEBQEBD@Z 0000000140026ee0 f i Framework:SimpleSound.obj
 0002:00015f60       ??D?$_Tree_unchecked_const_iterator@V?$_Tree_val@U?$_Tree_simple_types@U?$pair@QEBDPEAUIDirectSoundBuffer8@@@std@@@std@@@std@@U_Iterator_base0@2@@std@@QEBAAEBU?$pair@QEBDPEAUIDirectSoundBuffer8@@@1@XZ 0000000140026f60 f i Framework:SimpleSound.obj
 0002:00015fd0       ??D?$_Tree_unchecked_iterator@V?$_Tree_val@U?$_Tree_simple_types@U?$pair@QEBDPEAUIDirectSoundBuffer8@@@std@@@std@@@std@@@std@@QEBAAEAU?$pair@QEBDPEAUIDirectSoundBuffer8@@@1@XZ 0000000140026fd0 f i Framework:SimpleSound.obj
 0002:00016030       ??E?$_Tree_unchecked_const_iterator@V?$_Tree_val@U?$_Tree_simple_types@U?$pair@QEBDPEAUIDirectSoundBuffer8@@@std@@@std@@@std@@U_Iterator_base0@2@@std@@QEAAAEAV01@XZ 0000000140027030 f i Framework:SimpleSound.obj
 0002:00016130       ??E?$_Tree_unchecked_iterator@V?$_Tree_val@U?$_Tree_simple_types@U?$pair@QEBDPEAUIDirectSoundBuffer8@@@std@@@std@@@std@@@std@@QEAAAEAV01@XZ 0000000140027130 f i Framework:SimpleSound.obj
 0002:000161a0       ?GetInstance@CSimpleSound@@SAAEAV1@XZ 00000001400271a0 f   Framework:SimpleSound.obj
 0002:00016280       ?Initialize@CSimpleSound@@QEAA_NPEAUHWND__@@@Z 0000000140027280 f   Framework:SimpleSound.obj
 0002:000162f0       ?InitializeDirectSound@CSimpleSound@@AEAA_NPEAUHWND__@@@Z 00000001400272f0 f   Framework:SimpleSound.obj
 0002:00016560       ?IsPlaying@CSimpleSound@@QEAA_NPEBD@Z 0000000140027560 f   Framework:SimpleSound.obj
 0002:000166b0       ?LoadWaveFile@CSimpleSound@@AEAA_NPEBD@Z 00000001400276b0 f   Framework:SimpleSound.obj
 0002:00016d70       ?Shutdown@CSimpleSound@@QEAAXXZ 0000000140027d70 f   Framework:SimpleSound.obj
 0002:00016ed0       ?ShutdownDirectSound@CSimpleSound@@AEAAXXZ 0000000140027ed0 f   Framework:SimpleSound.obj
 0002:00016fb0       ?StartSound@CSimpleSound@@QEAA_NPEBDK@Z 0000000140027fb0 f   Framework:SimpleSound.obj
 0002:000171c0       ?StopSound@CSimpleSound@@QEAA_NPEBD@Z 00000001400281c0 f   Framework:SimpleSound.obj
[...]
 0007:000001a5       __4C468533_string          000000014004c1a5     Framework:main.obj
 0007:000001a6       __B29016BD_freeglut_std@h  000000014004c1a6     Framework:main.obj
 0007:000001a7       __FFE5D6BC_SimpleController@h 000000014004c1a7     Framework:main.obj
 0007:000001a8       __CC282F90_tuple           000000014004c1a8     Framework:main.obj
 0007:000001a9       __6322CAD3_xtree           000000014004c1a9     Framework:main.obj
 0007:000001aa       __AECE6B31_SimpleSprite@h  000000014004c1aa     Framework:main.obj
 0007:000001ab       __C641C6F0_main@cpp        000000014004c1ab     Framework:main.obj
 0007:000001ac       __0063A417_istream         000000014004c1ac     Framework:main.obj
 0007:000001ad       __63B3912D_ostream         000000014004c1ad     Framework:main.obj
 0007:000001ae       __D8833270_streambuf       000000014004c1ae     Framework:main.obj
 0007:000001af       __48D2DAA7_iosfwd          000000014004c1af     Framework:main.obj
 0007:000001b0       __B1DBDA87_utility         000000014004c1b0     Framework:main.obj
 0007:000001b1       __59613C47_xatomic@h       000000014004c1b1     Framework:main.obj
 0007:000001b2       __46C44D95_xstddef         000000014004c1b2     Framework:main.obj
 0007:000001c0       __23AD7809_corecrt_stdio_config@h 000000014004c1c0     Framework:app.obj
 0007:000001c1       __DD74D44A_corecrt_wstdio@h 000000014004c1c1     Framework:app.obj
 0007:000001c2       __4B3541EE_stdio@h         000000014004c1c2     Framework:app.obj
 0007:000001c3       __82CA083D_corecrt_memcpy_s@h 000000014004c1c3     Framework:app.obj
 0007:000001c4       __F8BB3D43_corecrt_memory@h 000000014004c1c4     Framework:app.obj
 0007:000001c5       __61E6ED1F_corecrt_wstring@h 000000014004c1c5     Framework:app.obj
 0007:000001c6       __B0CBCB7B_string@h        000000014004c1c6     Framework:app.obj
 0007:000001c7       __FF61FF39_mbstring@h      000000014004c1c7     Framework:app.obj
 0007:000001c8       __84FBB88E_tchar@h         000000014004c1c8     Framework:app.obj
 0007:000001c9       __0A074437_vcruntime_new@h 000000014004c1c9     Framework:app.obj
 0007:000001ca       __990BA27D_corecrt_wconio@h 000000014004c1ca     Framework:app.obj
 0007:000001cb       __D837D19F_corecrt_wio@h   000000014004c1cb     Framework:app.obj
 0007:000001cc       __FE12CC83_corecrt_wtime@h 000000014004c1cc     Framework:app.obj
 0007:000001cd       __01EE68DC_stat@h          000000014004c1cd     Framework:app.obj
 0007:000001ce       __B513A213_wchar@h         000000014004c1ce     Framework:app.obj
 0007:000001cf       __E410F33D_corecrt_math@h  000000014004c1cf     Framework:app.obj
 0007:000001d0       __36B85FDF_stdlib@h        000000014004c1d0     Framework:app.obj
 0007:000001d1       __86D65F0C_cstdlib         000000014004c1d1     Framework:app.obj
 0007:000001d2       __843B0F21_limits          000000014004c1d2     Framework:app.obj
 0007:000001d3       __FFC6471F_type_traits     000000014004c1d3     Framework:app.obj
 0007:000001d4       __A2957829_malloc@h        000000014004c1d4     Framework:app.obj
 0007:000001d5       __69245D52_vcruntime_exception@h 000000014004c1d5     Framework:app.obj
 0007:000001d6       __536DB091_exception       000000014004c1d6     Framework:app.obj
 0007:000001d7       __86E03ACD_xutility        000000014004c1d7     Framework:app.obj
 0007:000001d8       __DB4EB944_xmemory         000000014004c1d8     Framework:app.obj
 0007:000001d9       __AF9D3FD8_xstring         000000014004c1d9     Framework:app.obj
 0007:000001da       __941D13D0_ctype@h         000000014004c1da     Framework:app.obj
 0007:000001db       __4C468533_string          000000014004c1db     Framework:app.obj
 0007:000001dc       __DF6784BA_basetsd@h       000000014004c1dc     Framework:app.obj
 0007:000001dd       __73E5A5AE_guiddef@h       000000014004c1dd     Framework:app.obj
 0007:000001de       __20E88E2C_winnt@h         000000014004c1de     Framework:app.obj
 0007:000001df       __B0708975_processthreadsapi@h 000000014004c1df     Framework:app.obj
 0007:000001e0       __14D8E0CB_memoryapi@h     000000014004c1e0     Framework:app.obj
 0007:000001e1       __0A5E6AC9_winerror@h      000000014004c1e1     Framework:app.obj
 0007:000001e2       __95229982_winbase@h       000000014004c1e2     Framework:app.obj
 0007:000001e3       __FDCAD2F5_winuser@h       000000014004c1e3     Framework:app.obj
 0007:000001e4       __253F0A20_winioctl@h      000000014004c1e4     Framework:app.obj
 0007:000001e5       __CA946E7A_propidl@h       000000014004c1e5     Framework:app.obj
 0007:000001e6       __4B69DDF6_oleauto@h       000000014004c1e6     Framework:app.obj
 0007:000001e7       __7F05D861_stralign@h      000000014004c1e7     Framework:app.obj
 0007:000001e8       __B29016BD_freeglut_std@h  000000014004c1e8     Framework:app.obj
 0007:000001e9       __FFE5D6BC_SimpleController@h 000000014004c1e9     Framework:app.obj
 0007:000001ea       __CC282F90_tuple           000000014004c1ea     Framework:app.obj
 0007:000001eb       __6322CAD3_xtree           000000014004c1eb     Framework:app.obj
 0007:000001ec       __AECE6B31_SimpleSprite@h  000000014004c1ec     Framework:app.obj
 0007:000001ed       __AD7C0BCF_app@cpp         000000014004c1ed     Framework:app.obj
 0007:000001ee       __B1DBDA87_utility         000000014004c1ee     Framework:app.obj
 0007:000001ef       __46C44D95_xstddef         000000014004c1ef     Framework:app.obj
 0007:000001f9       __23AD7809_corecrt_stdio_config@h 000000014004c1f9     Framework:SimpleSprite.obj
 0007:000001fa       __DD74D44A_corecrt_wstdio@h 000000014004c1fa     Framework:SimpleSprite.obj
 0007:000001fb       __4B3541EE_stdio@h         000000014004c1fb     Framework:SimpleSprite.obj
 0007:000001fc       __82CA083D_corecrt_memcpy_s@h 000000014004c1fc     Framework:SimpleSprite.obj
 0007:000001fd       __F8BB3D43_corecrt_memory@h 000000014004c1fd     Framework:SimpleSprite.obj
 0007:000001fe       __61E6ED1F_corecrt_wstring@h 000000014004c1fe     Framework:SimpleSprite.obj
 0007:000001ff       __B0CBCB7B_string@h        000000014004c1ff     Framework:SimpleSprite.obj
 0007:00000200       __FF61FF39_mbstring@h      000000014004c200     Framework:SimpleSprite.obj
 0007:00000201       __84FBB88E_tchar@h         000000014004c201     Framework:SimpleSprite.obj
 0007:00000202       __941D13D0_ctype@h         000000014004c202     Framework:SimpleSprite.obj
 0007:00000203       __DF6784BA_basetsd@h       000000014004c203     Framework:SimpleSprite.obj
 0007:00000204       __73E5A5AE_guiddef@h       000000014004c204     Framework:SimpleSprite.obj
 0007:00000205       __20E88E2C_winnt@h         000000014004c205     Framework:SimpleSprite.obj
 0007:00000206       __B0708975_processthreadsapi@h 000000014004c206     Framework:SimpleSprite.obj
 0007:00000207       __14D8E0CB_memoryapi@h     000000014004c207     Framework:SimpleSprite.obj
 0007:00000208       __0A5E6AC9_winerror@h      000000014004c208     Framework:SimpleSprite.obj
 0007:00000209       __95229982_winbase@h       000000014004c209     Framework:SimpleSprite.obj
 0007:0000020a       __FDCAD2F5_winuser@h       000000014004c20a     Framework:SimpleSprite.obj
 0007:0000020b       __253F0A20_winioctl@h      000000014004c20b     Framework:SimpleSprite.obj
 0007:0000020c       __36B85FDF_stdlib@h        000000014004c20c     Framework:SimpleSprite.obj
 0007:0000020d       __CA946E7A_propidl@h       000000014004c20d     Framework:SimpleSprite.obj
 0007:0000020e       __4B69DDF6_oleauto@h       000000014004c20e     Framework:SimpleSprite.obj
 0007:0000020f       __7F05D861_stralign@h      000000014004c20f     Framework:SimpleSprite.obj
 0007:00000210       __B29016BD_freeglut_std@h  000000014004c210     Framework:SimpleSprite.obj
 0007:00000211       __FFE5D6BC_SimpleController@h 000000014004c211     Framework:SimpleSprite.obj
 0007:00000212       __0A074437_vcruntime_new@h 000000014004c212     Framework:SimpleSprite.obj
 0007:00000213       __E410F33D_corecrt_math@h  000000014004c213     Framework:SimpleSprite.obj
 0007:00000214       __86D65F0C_cstdlib         000000014004c214     Framework:SimpleSprite.obj
 0007:00000215       __FFC6471F_type_traits     000000014004c215     Framework:SimpleSprite.obj
 0007:00000216       __A2957829_malloc@h        000000014004c216     Framework:SimpleSprite.obj
 0007:00000217       __69245D52_vcruntime_exception@h 000000014004c217     Framework:SimpleSprite.obj
 0007:00000218       __536DB091_exception       000000014004c218     Framework:SimpleSprite.obj
 0007:00000219       __86E03ACD_xutility        000000014004c219     Framework:SimpleSprite.obj
 0007:0000021a       __CC282F90_tuple           000000014004c21a     Framework:SimpleSprite.obj
 0007:0000021b       __990BA27D_corecrt_wconio@h 000000014004c21b     Framework:SimpleSprite.obj
 0007:0000021c       __D837D19F_corecrt_wio@h   000000014004c21c     Framework:SimpleSprite.obj
 0007:0000021d       __FE12CC83_corecrt_wtime@h 000000014004c21d     Framework:SimpleSprite.obj
 0007:0000021e       __01EE68DC_stat@h          000000014004c21e     Framework:SimpleSprite.obj
 0007:0000021f       __B513A213_wchar@h         000000014004c21f     Framework:SimpleSprite.obj
 0007:00000220       __843B0F21_limits          000000014004c220     Framework:SimpleSprite.obj
 0007:00000221       __DB4EB944_xmemory         000000014004c221     Framework:SimpleSprite.obj
 0007:00000222       __6322CAD3_xtree           000000014004c222     Framework:SimpleSprite.obj
 0007:00000223       __AECE6B31_SimpleSprite@h  000000014004c223     Framework:SimpleSprite.obj
 0007:00000224       __6F52F687_SimpleSprite@cpp 000000014004c224     Framework:SimpleSprite.obj
 0007:00000225       __D1FF3835_map             000000014004c225     Framework:SimpleSprite.obj
 0007:00000226       __B1DBDA87_utility         000000014004c226     Framework:SimpleSprite.obj
 0007:00000227       __46C44D95_xstddef         000000014004c227     Framework:SimpleSprite.obj
 0007:00000231       __23AD7809_corecrt_stdio_config@h 000000014004c231     Framework:SimpleController.obj
 0007:00000232       __DD74D44A_corecrt_wstdio@h 000000014004c232     Framework:SimpleController.obj
 0007:00000233       __4B3541EE_stdio@h         000000014004c233     Framework:SimpleController.obj
 0007:00000234       __82CA083D_corecrt_memcpy_s@h 000000014004c234     Framework:SimpleController.obj
 0007:00000235       __F8BB3D43_corecrt_memory@h 000000014004c235     Framework:SimpleController.obj
 0007:00000236       __61E6ED1F_corecrt_wstring@h 000000014004c236     Framework:SimpleController.obj
 0007:00000237       __B0CBCB7B_string@h        000000014004c237     Framework:SimpleController.obj
 0007:00000238       __FF61FF39_mbstring@h      000000014004c238     Framework:SimpleController.obj
 0007:00000239       __84FBB88E_tchar@h         000000014004c239     Framework:SimpleController.obj
 0007:0000023a       __941D13D0_ctype@h         000000014004c23a     Framework:SimpleController.obj
 0007:0000023b       __DF6784BA_basetsd@h       000000014004c23b     Framework:SimpleController.obj
 0007:0000023c       __73E5A5AE_guiddef@h       000000014004c23c     Framework:SimpleController.obj
 0007:0000023d       __20E88E2C_winnt@h         000000014004c23d     Framework:SimpleController.obj
 0007:0000023e       __B0708975_processthreadsapi@h 000000014004c23e     Framework:SimpleController.obj
 0007:0000023f       __14D8E0CB_memoryapi@h     000000014004c23f     Framework:SimpleController.obj
 0007:00000240       __0A5E6AC9_winerror@h      000000014004c240     Framework:SimpleController.obj
 0007:00000241       __95229982_winbase@h       000000014004c241     Framework:SimpleController.obj
 0007:00000242       __FDCAD2F5_winuser@h       000000014004c242     Framework:SimpleController.obj
 0007:00000243       __253F0A20_winioctl@h      000000014004c243     Framework:SimpleController.obj
 0007:00000244       __36B85FDF_stdlib@h        000000014004c244     Framework:SimpleController.obj
 0007:00000245       __CA946E7A_propidl@h       000000014004c245     Framework:SimpleController.obj
 0007:00000246       __4B69DDF6_oleauto@h       000000014004c246     Framework:SimpleController.obj
 0007:00000247       __7F05D861_stralign@h      000000014004c247     Framework:SimpleController.obj
 0007:00000248       __FFE5D6BC_SimpleController@h 000000014004c248     Framework:SimpleController.obj
 0007:00000249       __B29016BD_freeglut_std@h  000000014004c249     Framework:SimpleController.obj
 0007:0000024a       __0A074437_vcruntime_new@h 000000014004c24a     Framework:SimpleController.obj
 0007:0000024b       __E410F33D_corecrt_math@h  000000014004c24b     Framework:SimpleController.obj
 0007:0000024c       __86D65F0C_cstdlib         000000014004c24c     Framework:SimpleController.obj
 0007:0000024d       __FFC6471F_type_traits     000000014004c24d     Framework:SimpleController.obj
 0007:0000024e       __A2957829_malloc@h        000000014004c24e     Framework:SimpleController.obj
 0007:0000024f       __69245D52_vcruntime_exception@h 000000014004c24f     Framework:SimpleController.obj
 0007:00000250       __536DB091_exception       000000014004c250     Framework:SimpleController.obj
 0007:00000251       __86E03ACD_xutility        000000014004c251     Framework:SimpleController.obj
 0007:00000252       __CC282F90_tuple           000000014004c252     Framework:SimpleController.obj
 0007:00000253       __990BA27D_corecrt_wconio@h 000000014004c253     Framework:SimpleController.obj
 0007:00000254       __D837D19F_corecrt_wio@h   000000014004c254     Framework:SimpleController.obj
 0007:00000255       __FE12CC83_corecrt_wtime@h 000000014004c255     Framework:SimpleController.obj
 0007:00000256       __01EE68DC_stat@h          000000014004c256     Framework:SimpleController.obj
 0007:00000257       __B513A213_wchar@h         000000014004c257     Framework:SimpleController.obj
 0007:00000258       __843B0F21_limits          000000014004c258     Framework:SimpleController.obj
 0007:00000259       __DB4EB944_xmemory         000000014004c259     Framework:SimpleController.obj
 0007:0000025a       __6322CAD3_xtree           000000014004c25a     Framework:SimpleController.obj
 0007:0000025b       __AECE6B31_SimpleSprite@h  000000014004c25b     Framework:SimpleController.obj
 0007:0000025c       __54AF8E9B_SimpleController@cpp 000000014004c25c     Framework:SimpleController.obj
 0007:00000265       __23AD7809_corecrt_stdio_config@h 000000014004c265     Framework:SimpleSound.obj
 0007:00000266       __DD74D44A_corecrt_wstdio@h 000000014004c266     Framework:SimpleSound.obj
 0007:00000267       __4B3541EE_stdio@h         000000014004c267     Framework:SimpleSound.obj
 0007:00000268       __82CA083D_corecrt_memcpy_s@h 000000014004c268     Framework:SimpleSound.obj
 0007:00000269       __F8BB3D43_corecrt_memory@h 000000014004c269     Framework:SimpleSound.obj
 0007:0000026a       __61E6ED1F_corecrt_wstring@h 000000014004c26a     Framework:SimpleSound.obj
 0007:0000026b       __B0CBCB7B_string@h        000000014004c26b     Framework:SimpleSound.obj
 0007:0000026c       __FF61FF39_mbstring@h      000000014004c26c     Framework:SimpleSound.obj
 0007:0000026d       __84FBB88E_tchar@h         000000014004c26d     Framework:SimpleSound.obj
 0007:0000026e       __941D13D0_ctype@h         000000014004c26e     Framework:SimpleSound.obj
 0007:0000026f       __DF6784BA_basetsd@h       000000014004c26f     Framework:SimpleSound.obj
 0007:00000270       __73E5A5AE_guiddef@h       000000014004c270     Framework:SimpleSound.obj
 0007:00000271       __20E88E2C_winnt@h         000000014004c271     Framework:SimpleSound.obj
 0007:00000272       __B0708975_processthreadsapi@h 000000014004c272     Framework:SimpleSound.obj
 0007:00000273       __14D8E0CB_memoryapi@h     000000014004c273     Framework:SimpleSound.obj
 0007:00000274       __0A5E6AC9_winerror@h      000000014004c274     Framework:SimpleSound.obj
 0007:00000275       __95229982_winbase@h       000000014004c275     Framework:SimpleSound.obj
 0007:00000276       __FDCAD2F5_winuser@h       000000014004c276     Framework:SimpleSound.obj
 0007:00000277       __253F0A20_winioctl@h      000000014004c277     Framework:SimpleSound.obj
 0007:00000278       __36B85FDF_stdlib@h        000000014004c278     Framework:SimpleSound.obj
 0007:00000279       __CA946E7A_propidl@h       000000014004c279     Framework:SimpleSound.obj
 0007:0000027a       __4B69DDF6_oleauto@h       000000014004c27a     Framework:SimpleSound.obj
 0007:0000027b       __7F05D861_stralign@h      000000014004c27b     Framework:SimpleSound.obj
 0007:0000027c       __0A074437_vcruntime_new@h 000000014004c27c     Framework:SimpleSound.obj
 0007:0000027d       __E410F33D_corecrt_math@h  000000014004c27d     Framework:SimpleSound.obj
 0007:0000027e       __86D65F0C_cstdlib         000000014004c27e     Framework:SimpleSound.obj
 0007:0000027f       __FFC6471F_type_traits     000000014004c27f     Framework:SimpleSound.obj
 0007:00000280       __A2957829_malloc@h        000000014004c280     Framework:SimpleSound.obj
 0007:00000281       __69245D52_vcruntime_exception@h 000000014004c281     Framework:SimpleSound.obj
 0007:00000282       __536DB091_exception       000000014004c282     Framework:SimpleSound.obj
 0007:00000283       __86E03ACD_xutility        000000014004c283     Framework:SimpleSound.obj
 0007:00000284       __CC282F90_tuple           000000014004c284     Framework:SimpleSound.obj
 0007:00000285       __990BA27D_corecrt_wconio@h 000000014004c285     Framework:SimpleSound.obj
 0007:00000286       __D837D19F_corecrt_wio@h   000000014004c286     Framework:SimpleSound.obj
 0007:00000287       __FE12CC83_corecrt_wtime@h 000000014004c287     Framework:SimpleSound.obj
 0007:00000288       __01EE68DC_stat@h          000000014004c288     Framework:SimpleSound.obj
 0007:00000289       __B513A213_wchar@h         000000014004c289     Framework:SimpleSound.obj
 0007:0000028a       __843B0F21_limits          000000014004c28a     Framework:SimpleSound.obj
 0007:0000028b       __DB4EB944_xmemory         000000014004c28b     Framework:SimpleSound.obj
 0007:0000028c       __6322CAD3_xtree           000000014004c28c     Framework:SimpleSound.obj
 0007:0000028d       __5262FE7C_SimpleSound@h   000000014004c28d     Framework:SimpleSound.obj
 0007:0000028e       __AAE05CA8_SimpleSound@cpp 000000014004c28e     Framework:SimpleSound.obj
 0007:0000028f       __D1FF3835_map             000000014004c28f     Framework:SimpleSound.obj
 0007:00000290       __B1DBDA87_utility         000000014004c290     Framework:SimpleSound.obj
 0007:00000291       __46C44D95_xstddef         000000014004c291     Framework:SimpleSound.obj
 0007:0000029b       __23AD7809_corecrt_stdio_config@h 000000014004c29b     Framework:TextureLoader.obj
 0007:0000029c       __DD74D44A_corecrt_wstdio@h 000000014004c29c     Framework:TextureLoader.obj
 0007:0000029d       __4B3541EE_stdio@h         000000014004c29d     Framework:TextureLoader.obj
 0007:0000029e       __82CA083D_corecrt_memcpy_s@h 000000014004c29e     Framework:TextureLoader.obj
 0007:0000029f       __F8BB3D43_corecrt_memory@h 000000014004c29f     Framework:TextureLoader.obj
 0007:000002a0       __61E6ED1F_corecrt_wstring@h 000000014004c2a0     Framework:TextureLoader.obj
 0007:000002a1       __B0CBCB7B_string@h        000000014004c2a1     Framework:TextureLoader.obj
 0007:000002a2       __FF61FF39_mbstring@h      000000014004c2a2     Framework:TextureLoader.obj
 0007:000002a3       __84FBB88E_tchar@h         000000014004c2a3     Framework:TextureLoader.obj
 0007:000002a4       __36B85FDF_stdlib@h        000000014004c2a4     Framework:TextureLoader.obj
 0007:000002a5       __5004E2E3_TextureLoader@cpp 000000014004c2a5     Framework:TextureLoader.obj
 000a:00000170       $R000000                   000000014004f170     * linker generated manifest res *

 Exports

  ordinal    name

