 UbisoftProject

 Timestamp is 5db5f7f7 (Sun Oct 27 21:03:03 2019)

 Preferred load address is 0000000140000000

 Start         Length     Name                   Class
 0001:00000000 00010000H .textbss                DATA
 0002:00000000 00003450H .text$di                CODE
 0002:00003450 0001bd10H .text$mn                CODE
 0002:0001f160 00001020H .text$mn$00             CODE
 0002:00020180 00001650H .text$x                 CODE
 0002:000217d0 000010e8H .text$yd                CODE
 0003:00000000 00000110H .CRT$XCA                DATA
 0003:00000110 00000110H .CRT$XCAA               DATA
 0003:00000220 00000140H .CRT$XCU                DATA
 0003:00000360 00000110H .CRT$XCZ                DATA
 0003:00000470 00000110H .CRT$XIA                DATA
 0003:00000580 00000110H .CRT$XIAA               DATA
 0003:00000690 00000110H .CRT$XIAC               DATA
 0003:000007a0 00000110H .CRT$XIC                DATA
 0003:000008b0 00000110H .CRT$XIZ                DATA
 0003:000009c0 00000008H .CRT$XLA                DATA
 0003:000009c8 00000008H .CRT$XLZ                DATA
 0003:000009d0 00000110H .CRT$XPA                DATA
 0003:00000ae0 00000110H .CRT$XPZ                DATA
 0003:00000bf0 00000110H .CRT$XTA                DATA
 0003:00000d00 00000110H .CRT$XTZ                DATA
 0003:00000e10 00008e48H .rdata                  DATA
 0003:00009c58 00000130H .rdata$T                DATA
 0003:00009d88 000004f8H .rdata$r                DATA
 0003:0000a280 00000180H .rdata$zzzdbg           DATA
 0003:0000a400 00000110H .rtc$IAA                DATA
 0003:0000a510 000001e8H .rtc$IMZ                DATA
 0003:0000a6f8 00000110H .rtc$IZZ                DATA
 0003:0000a808 00000110H .rtc$TAA                DATA
 0003:0000a918 000001e8H .rtc$TMZ                DATA
 0003:0000ab00 00000110H .rtc$TZZ                DATA
 0003:0000ac10 00003af8H .xdata                  DATA
 0003:0000e708 00000209H .xdata$x                DATA
 0003:0000e911 00000000H .edata                  DATA
 0004:00000000 00000538H .data                   DATA
 0004:00000538 00000238H .data$r                 DATA
 0004:00000770 00000d20H .bss                    DATA
 0005:00000000 00003918H .pdata                  DATA
 0006:00000000 00000940H .idata$5                DATA
 0006:00000940 000000dcH .idata$2                DATA
 0006:00000a1c 00000014H .idata$3                DATA
 0006:00000a30 00000940H .idata$4                DATA
 0006:00001370 00000d62H .idata$6                DATA
 0007:00000000 000003afH .msvcjmc                DATA
 0008:00000000 00000104H .tls                    DATA
 0008:00000104 00000104H .tls$                   DATA
 0008:00000208 00000101H .tls$ZZZ                DATA
 0009:00000000 0000011bH .00cfg                  DATA
 000a:00000000 00000170H .rsrc$01                DATA
 000a:00000170 000002ccH .rsrc$02                DATA

  Address         Publics by Value              Rva+Base               Lib:Object

 0000:00000000       __guard_iat_count          0000000000000000     <absolute>
 0000:00000000       ___safe_se_handler_count   0000000000000000     <absolute>
 0000:00000000       __guard_iat_table          0000000000000000     <absolute>
 0000:00000000       __hybrid_auxiliary_iat     0000000000000000     <absolute>
 0000:00000000       ___safe_se_handler_table   0000000000000000     <absolute>
 0000:00000000       __guard_fids_count         0000000000000000     <absolute>
 0000:00000000       __guard_longjmp_table      0000000000000000     <absolute>
 0000:00000000       __dynamic_value_reloc_table 0000000000000000     <absolute>
 0000:00000000       __enclave_config           0000000000000000     <absolute>
 0000:00000000       __hybrid_code_map_count    0000000000000000     <absolute>
 0000:00000000       __guard_fids_table         0000000000000000     <absolute>
 0000:00000000       __AbsoluteZero             0000000000000000     <absolute>
 0000:00000000       __guard_longjmp_count      0000000000000000     <absolute>
 0000:00000000       __hybrid_code_map          0000000000000000     <absolute>
 0000:00000000       __volatile_metadata        0000000000000000     <absolute>
 0000:00000100       __guard_flags              0000000000000100     <absolute>
 0000:00000000       __ImageBase                0000000140000000     <linker-defined>
 0001:00000000       __enc$textbss$begin        0000000140001000     <linker-defined>
 0001:00010000       __enc$textbss$end          0000000140011000     <linker-defined>
 0002:00003450       ?areColliding@@YA_NAEBUAABB@@0@Z 0000000140014450 f   AABB.obj
 0002:00003530       __JustMyCode_Default       0000000140014530 f i AABB.obj
 0002:00003540       ??0Box@@QEAA@MM@Z          0000000140014540 f   Box.obj
 0002:00003640       ??1Box@@UEAA@XZ            0000000140014640 f   Box.obj
 0002:000036f0       ??_EBox@@UEAAPEAXI@Z       00000001400146f0 f i Box.obj
 0002:000036f0       ??_GBox@@UEAAPEAXI@Z       00000001400146f0 f i Box.obj
 0002:00003780       ?GetPosition@CSimpleSprite@@QEAAXAEAM0@Z 0000000140014780 f i Box.obj
 0002:00003820       ?SetPosition@CSimpleSprite@@QEAAXMM@Z 0000000140014820 f i Box.obj
 0002:000038c0       ?SetScale@CSimpleSprite@@QEAAXM@Z 00000001400148c0 f i Box.obj
 0002:00003930       ?areColliding@Box@@UEAAHAEBUAABB@@0@Z 0000000140014930 f   Box.obj
 0002:00003bb0       ?deplacementBox@Box@@UEAAXH@Z 0000000140014bb0 f   Box.obj
 0002:00003de0       ??0Character@@QEAA@XZ      0000000140014de0 f   Character.obj
 0002:00003ea0       ??1Character@@QEAA@XZ      0000000140014ea0 f   Character.obj
 0002:00003f20       ?GetHeight@CSimpleSprite@@QEBAMXZ 0000000140014f20 f i Character.obj
 0002:00003f80       ?GetLeftThumbStickX@CController@@QEBAMXZ 0000000140014f80 f i Character.obj
 0002:00003ff0       ?GetLeftThumbStickY@CController@@QEBAMH@Z 0000000140014ff0 f i Character.obj
 0002:00004070       ?GetWidth@CSimpleSprite@@QEBAMXZ 0000000140015070 f i Character.obj
 0002:000040d0       ?Render@Character@@QEAAXXZ 00000001400150d0 f   Character.obj
 0002:00004140       ?SetOldPosition@Character@@QEAAXXZ 0000000140015140 f   Character.obj
 0002:000041c0       ?Update@Character@@QEAAXM@Z 00000001400151c0 f   Character.obj
 0002:00004540       ?max_size@?$vector@V?$vector@PEAVObstacle@@V?$allocator@PEAVObstacle@@@std@@@std@@V?$allocator@V?$vector@PEAVObstacle@@V?$allocator@PEAVObstacle@@@std@@@std@@@2@@std@@QEBA_KXZ 0000000140015540 f i UbisoftProject.obj
 0002:00004620       ?UpdateAABB@Character@@AEAAXXZ 0000000140015620 f   Character.obj
 0002:000047d0       ??0Door@@QEAA@MMMM@Z       00000001400157d0 f   Door.obj
 0002:00004960       ??1Door@@QEAA@XZ           0000000140015960 f   Door.obj
 0002:000049c0       ?Render@Door@@QEAAXXZ      00000001400159c0 f   Door.obj
 0002:00004c30       ?Update@Door@@QEAAXM@Z     0000000140015c30 f   Door.obj
 0002:00004d50       ??0Obstacle@@QEAA@XZ       0000000140015d50 f   Obstacle.obj
 0002:00004dd0       ??1Obstacle@@UEAA@XZ       0000000140015dd0 f   Obstacle.obj
 0002:00004e70       ??_GObstacle@@UEAAPEAXI@Z  0000000140015e70 f i Obstacle.obj
 0002:00004e70       ??_EObstacle@@UEAAPEAXI@Z  0000000140015e70 f i Obstacle.obj
 0002:00004f00       ?Render@Obstacle@@QEAAXXZ  0000000140015f00 f   Obstacle.obj
 0002:00004f50       ?UpdateAABB@Obstacle@@IEAAXXZ 0000000140015f50 f   Obstacle.obj
 0002:00005210       ?Update@Obstacle@@QEAAXXZ  0000000140016210 f   Obstacle.obj
 0002:000054a0       ??$?0$$V@?$_Compressed_pair@V?$allocator@PEAVObstacle@@@std@@V?$_Vector_val@U?$_Simple_types@PEAVObstacle@@@std@@@2@$00@std@@QEAA@U_Zero_then_variadic_args_t@1@@Z 00000001400164a0 f i UbisoftProject.obj
 0002:00005520       ??$?0$$V@?$_Compressed_pair@V?$allocator@V?$vector@PEAVObstacle@@V?$allocator@PEAVObstacle@@@std@@@std@@@std@@V?$_Vector_val@U?$_Simple_types@V?$vector@PEAVObstacle@@V?$allocator@PEAVObstacle@@@std@@@std@@@std@@@2@$00@std@@QEAA@U_Zero_then_variadic_args_t@1@@Z 0000000140016520 f i UbisoftProject.obj
 0002:000055a0       ??$?0PEAVObstacle@@@?$allocator@U_Container_proxy@std@@@std@@QEAA@AEBV?$allocator@PEAVObstacle@@@1@@Z 00000001400165a0 f i UbisoftProject.obj
 0002:00005600       ??$?0V?$allocator@PEAVObstacle@@@std@@$$V@?$_Compressed_pair@V?$allocator@PEAVObstacle@@@std@@V?$_Vector_val@U?$_Simple_types@PEAVObstacle@@@std@@@2@$00@std@@QEAA@U_One_then_variadic_args_t@1@$$QEAV?$allocator@PEAVObstacle@@@1@@Z 0000000140016600 f i UbisoftProject.obj
 0002:00005690       ??$?0V?$vector@PEAVObstacle@@V?$allocator@PEAVObstacle@@@std@@@std@@@?$allocator@U_Container_proxy@std@@@std@@QEAA@AEBV?$allocator@V?$vector@PEAVObstacle@@V?$allocator@PEAVObstacle@@@std@@@std@@@1@@Z 0000000140016690 f i UbisoftProject.obj
 0002:000056f0       ??$_Alloc_proxy@V?$allocator@U_Container_proxy@std@@@std@@@_Container_base12@std@@QEAAX$$QEAV?$allocator@U_Container_proxy@std@@@1@@Z 00000001400166f0 f i UbisoftProject.obj
 0002:000057c0       ??$_Allocate@$0BA@U_Default_allocate_traits@std@@$0A@@std@@YAPEAX_K@Z 00000001400167c0 f i UbisoftProject.obj
 0002:00005860       ??$_Allocate_manually_vector_aligned@U_Default_allocate_traits@std@@@std@@YAPEAX_K@Z 0000000140016860 f i UbisoftProject.obj
 0002:000059e0       ??$_Construct_in_place@U_Container_proxy@std@@PEAU_Container_base12@2@@std@@YAXAEAU_Container_proxy@0@$$QEAPEAU_Container_base12@0@@Z 00000001400169e0 f i UbisoftProject.obj
 0002:00005a90       ??$_Copy_memmove@PEAPEAVObstacle@@PEAPEAV1@@std@@YAPEAPEAVObstacle@@PEAPEAV1@00@Z 0000000140016a90 f i UbisoftProject.obj
 0002:00005b60       ??$_Deallocate@$0BA@$0A@@std@@YAXPEAX_K@Z 0000000140016b60 f i UbisoftProject.obj
 0002:00005c00       ??$_Deallocate_plain@V?$allocator@U_Container_proxy@std@@@std@@@std@@YAXAEAV?$allocator@U_Container_proxy@std@@@0@QEAU_Container_proxy@0@@Z 0000000140016c00 f i UbisoftProject.obj
 0002:00005c80       ??$_Delete_plain_internal@V?$allocator@U_Container_proxy@std@@@std@@@std@@YAXAEAV?$allocator@U_Container_proxy@std@@@0@QEAU_Container_proxy@0@@Z 0000000140016c80 f i UbisoftProject.obj
 0002:00005cf0       ??$_Destroy_range@V?$allocator@PEAVObstacle@@@std@@@std@@YAXPEAPEAVObstacle@@QEAPEAV1@AEAV?$allocator@PEAVObstacle@@@0@@Z 0000000140016cf0 f i UbisoftProject.obj
 0002:00005d50       ??$_Destroy_range@V?$allocator@V?$vector@PEAVObstacle@@V?$allocator@PEAVObstacle@@@std@@@std@@@std@@@std@@YAXPEAV?$vector@PEAVObstacle@@V?$allocator@PEAVObstacle@@@std@@@0@QEAV10@AEAV?$allocator@V?$vector@PEAVObstacle@@V?$allocator@PEAVObstacle@@@std@@@std@@@0@@Z 0000000140016d50 f i UbisoftProject.obj
 0002:00005e10       ??$_Emplace_back@V?$vector@PEAVObstacle@@V?$allocator@PEAVObstacle@@@std@@@std@@@?$_Uninitialized_backout_al@V?$allocator@V?$vector@PEAVObstacle@@V?$allocator@PEAVObstacle@@@std@@@std@@@std@@@std@@QEAAX$$QEAV?$vector@PEAVObstacle@@V?$allocator@PEAVObstacle@@@std@@@1@@Z 0000000140016e10 f i UbisoftProject.obj
 0002:00005ee0       ??$_Emplace_back_with_unused_capacity@AEBV?$vector@PEAVObstacle@@V?$allocator@PEAVObstacle@@@std@@@std@@@?$vector@V?$vector@PEAVObstacle@@V?$allocator@PEAVObstacle@@@std@@@std@@V?$allocator@V?$vector@PEAVObstacle@@V?$allocator@PEAVObstacle@@@std@@@std@@@2@@std@@AEAA@AEBV?$vector@PEAVObstacle@@V?$allocator@PEAVObstacle@@@std@@@1@@Z 0000000140016ee0 f i UbisoftProject.obj
 0002:00006000       ??$_Emplace_back_with_unused_capacity@PEAVObstacle@@@?$vector@PEAVObstacle@@V?$allocator@PEAVObstacle@@@std@@@std@@AEAA@$$QEAPEAVObstacle@@@Z 0000000140017000 f i UbisoftProject.obj
 0002:00006120       ??$_Emplace_reallocate@AEBV?$vector@PEAVObstacle@@V?$allocator@PEAVObstacle@@@std@@@std@@@?$vector@V?$vector@PEAVObstacle@@V?$allocator@PEAVObstacle@@@std@@@std@@V?$allocator@V?$vector@PEAVObstacle@@V?$allocator@PEAVObstacle@@@std@@@std@@@2@@std@@QEAAPEAV?$vector@PEAVObstacle@@V?$allocator@PEAVObstacle@@@std@@@1@QEAV21@AEBV21@@Z 0000000140017120 f i UbisoftProject.obj
 0002:00006430       ??$_Emplace_reallocate@PEAVObstacle@@@?$vector@PEAVObstacle@@V?$allocator@PEAVObstacle@@@std@@@std@@QEAAPEAPEAVObstacle@@QEAPEAV2@$$QEAPEAV2@@Z 0000000140017430 f i UbisoftProject.obj
 0002:00006730       ??$_Get_size_of_n@$07@std@@YA_K_K@Z 0000000140017730 f i UbisoftProject.obj
 0002:000067d0       ??$_Get_size_of_n@$0BA@@std@@YA_K_K@Z 00000001400177d0 f i UbisoftProject.obj
 0002:00006860       ??$_Get_size_of_n@$0CA@@std@@YA_K_K@Z 0000000140017860 f i UbisoftProject.obj
 0002:000068f0       ??$_Get_unwrapped@PEAVObstacle@@@std@@YAPEAPEAVObstacle@@QEAPEAV1@@Z 00000001400178f0 f i UbisoftProject.obj
 0002:00006950       ??$_Get_unwrapped@V?$vector@PEAVObstacle@@V?$allocator@PEAVObstacle@@@std@@@std@@@std@@YAPEAV?$vector@PEAVObstacle@@V?$allocator@PEAVObstacle@@@std@@@0@QEAV10@@Z 0000000140017950 f i UbisoftProject.obj
 0002:000069b0       ??$_Min_value@_K@std@@YAAEB_KAEB_K0@Z 00000001400179b0 f i UbisoftProject.obj
 0002:00006a70       ??$_Ucopy@PEAPEAVObstacle@@@?$vector@PEAVObstacle@@V?$allocator@PEAVObstacle@@@std@@@std@@AEAAPEAPEAVObstacle@@PEAPEAV2@00@Z 0000000140017a70 f i UbisoftProject.obj
 0002:00006b10       ??$_Unfancy@PEAVObstacle@@@std@@YAPEAPEAVObstacle@@PEAPEAV1@@Z 0000000140017b10 f i UbisoftProject.obj
 0002:00006b70       ??$_Unfancy@U_Container_proxy@std@@@std@@YAPEAU_Container_proxy@0@PEAU10@@Z 0000000140017b70 f i UbisoftProject.obj
 0002:00006bd0       ??$_Unfancy@V?$vector@PEAVObstacle@@V?$allocator@PEAVObstacle@@@std@@@std@@@std@@YAPEAV?$vector@PEAVObstacle@@V?$allocator@PEAVObstacle@@@std@@@0@PEAV10@@Z 0000000140017bd0 f i UbisoftProject.obj
 0002:00006c30       ??$_Uninitialized_copy@PEAPEAVObstacle@@V?$allocator@PEAVObstacle@@@std@@@std@@YAPEAPEAVObstacle@@QEAPEAV1@0PEAPEAV1@AEAV?$allocator@PEAVObstacle@@@0@@Z 0000000140017c30 f i UbisoftProject.obj
 0002:00006d20       ??$_Uninitialized_move@PEAPEAVObstacle@@V?$allocator@PEAVObstacle@@@std@@@std@@YAPEAPEAVObstacle@@QEAPEAV1@0PEAPEAV1@AEAV?$allocator@PEAVObstacle@@@0@@Z 0000000140017d20 f i UbisoftProject.obj
 0002:00006e00       ??$_Uninitialized_move@PEAV?$vector@PEAVObstacle@@V?$allocator@PEAVObstacle@@@std@@@std@@V?$allocator@V?$vector@PEAVObstacle@@V?$allocator@PEAVObstacle@@@std@@@std@@@2@@std@@YAPEAV?$vector@PEAVObstacle@@V?$allocator@PEAVObstacle@@@std@@@0@QEAV10@0PEAV10@AEAV?$allocator@V?$vector@PEAVObstacle@@V?$allocator@PEAVObstacle@@@std@@@std@@@0@@Z 0000000140017e00 f i UbisoftProject.obj
 0002:00006f60       ??$addressof@U_Container_base12@std@@@std@@YAPEAU_Container_base12@0@AEAU10@@Z 0000000140017f60 f i UbisoftProject.obj
 0002:00006fc0       ??$addressof@U_Container_proxy@std@@@std@@YAPEAU_Container_proxy@0@AEAU10@@Z 0000000140017fc0 f i UbisoftProject.obj
 0002:00007020       ??$construct@PEAVObstacle@@PEAV1@@?$_Default_allocator_traits@V?$allocator@PEAVObstacle@@@std@@@std@@SAXAEAV?$allocator@PEAVObstacle@@@1@QEAPEAVObstacle@@$$QEAPEAV3@@Z 0000000140018020 f i UbisoftProject.obj
 0002:000070c0       ??$construct@V?$vector@PEAVObstacle@@V?$allocator@PEAVObstacle@@@std@@@std@@AEBV12@@?$_Default_allocator_traits@V?$allocator@V?$vector@PEAVObstacle@@V?$allocator@PEAVObstacle@@@std@@@std@@@std@@@std@@SAXAEAV?$allocator@V?$vector@PEAVObstacle@@V?$allocator@PEAVObstacle@@@std@@@std@@@1@QEAV?$vector@PEAVObstacle@@V?$allocator@PEAVObstacle@@@std@@@1@AEBV31@@Z 00000001400180c0 f i UbisoftProject.obj
 0002:00007160       ??$construct@V?$vector@PEAVObstacle@@V?$allocator@PEAVObstacle@@@std@@@std@@V12@@?$_Default_allocator_traits@V?$allocator@V?$vector@PEAVObstacle@@V?$allocator@PEAVObstacle@@@std@@@std@@@std@@@std@@SAXAEAV?$allocator@V?$vector@PEAVObstacle@@V?$allocator@PEAVObstacle@@@std@@@std@@@1@QEAV?$vector@PEAVObstacle@@V?$allocator@PEAVObstacle@@@std@@@1@$$QEAV31@@Z 0000000140018160 f i UbisoftProject.obj
 0002:00007200       ??$destroy@V?$vector@PEAVObstacle@@V?$allocator@PEAVObstacle@@@std@@@std@@@?$_Default_allocator_traits@V?$allocator@V?$vector@PEAVObstacle@@V?$allocator@PEAVObstacle@@@std@@@std@@@std@@@std@@SAXAEAV?$allocator@V?$vector@PEAVObstacle@@V?$allocator@PEAVObstacle@@@std@@@std@@@1@QEAV?$vector@PEAVObstacle@@V?$allocator@PEAVObstacle@@@std@@@1@@Z 0000000140018200 f i UbisoftProject.obj
 0002:00007270       ??$emplace_back@AEBV?$vector@PEAVObstacle@@V?$allocator@PEAVObstacle@@@std@@@std@@@?$vector@V?$vector@PEAVObstacle@@V?$allocator@PEAVObstacle@@@std@@@std@@V?$allocator@V?$vector@PEAVObstacle@@V?$allocator@PEAVObstacle@@@std@@@std@@@2@@std@@QEAA@AEBV?$vector@PEAVObstacle@@V?$allocator@PEAVObstacle@@@std@@@1@@Z 0000000140018270 f i UbisoftProject.obj
 0002:00007350       ??$emplace_back@PEAVObstacle@@@?$vector@PEAVObstacle@@V?$allocator@PEAVObstacle@@@std@@@std@@QEAA@$$QEAPEAVObstacle@@@Z 0000000140018350 f i UbisoftProject.obj
 0002:00007430       ??$exchange@PEAU_Container_proxy@std@@$$T@std@@YAPEAU_Container_proxy@0@AEAPEAU10@$$QEA$$T@Z 0000000140018430 f i UbisoftProject.obj
 0002:000074c0       ??$forward@AEBV?$vector@PEAVObstacle@@V?$allocator@PEAVObstacle@@@std@@@std@@@std@@YAAEBV?$vector@PEAVObstacle@@V?$allocator@PEAVObstacle@@@std@@@0@AEBV10@@Z 00000001400184c0 f i UbisoftProject.obj
 0002:00007520       ??$forward@PEAU_Container_base12@std@@@std@@YA$$QEAPEAU_Container_base12@0@AEAPEAU10@@Z 0000000140018520 f i UbisoftProject.obj
 0002:00007580       ??$forward@PEAVObstacle@@@std@@YA$$QEAPEAVObstacle@@AEAPEAV1@@Z 0000000140018580 f i UbisoftProject.obj
 0002:000075e0       ??$forward@V?$allocator@PEAVObstacle@@@std@@@std@@YA$$QEAV?$allocator@PEAVObstacle@@@0@AEAV10@@Z 00000001400185e0 f i UbisoftProject.obj
 0002:00007640       ??$forward@V?$vector@PEAVObstacle@@V?$allocator@PEAVObstacle@@@std@@@std@@@std@@YA$$QEAV?$vector@PEAVObstacle@@V?$allocator@PEAVObstacle@@@std@@@0@AEAV10@@Z 0000000140018640 f i UbisoftProject.obj
 0002:000076a0       ??$move@AEAPEAVObstacle@@@std@@YA$$QEAPEAVObstacle@@AEAPEAV1@@Z 00000001400186a0 f i UbisoftProject.obj
 0002:00007700       ??$move@AEAV?$allocator@PEAVObstacle@@@std@@@std@@YA$$QEAV?$allocator@PEAVObstacle@@@0@AEAV10@@Z 0000000140018700 f i UbisoftProject.obj
 0002:00007760       ??$move@AEAV?$vector@PEAVObstacle@@V?$allocator@PEAVObstacle@@@std@@@std@@@std@@YA$$QEAV?$vector@PEAVObstacle@@V?$allocator@PEAVObstacle@@@std@@@0@AEAV10@@Z 0000000140018760 f i UbisoftProject.obj
 0002:000077c0       ??0?$_Container_proxy_ptr12@V?$allocator@U_Container_proxy@std@@@std@@@std@@QEAA@AEAV?$allocator@U_Container_proxy@std@@@1@AEAU_Container_base12@1@@Z 00000001400187c0 f i UbisoftProject.obj
 0002:000078c0       ??0?$_Uninitialized_backout_al@V?$allocator@V?$vector@PEAVObstacle@@V?$allocator@PEAVObstacle@@@std@@@std@@@std@@@std@@QEAA@PEAV?$vector@PEAVObstacle@@V?$allocator@PEAVObstacle@@@std@@@1@AEAV?$allocator@V?$vector@PEAVObstacle@@V?$allocator@PEAVObstacle@@@std@@@std@@@1@@Z 00000001400188c0 f i UbisoftProject.obj
 0002:00007970       ??0?$_Vector_val@U?$_Simple_types@PEAVObstacle@@@std@@@std@@QEAA@XZ 0000000140018970 f i UbisoftProject.obj
 0002:00007a10       ??0?$_Vector_val@U?$_Simple_types@V?$vector@PEAVObstacle@@V?$allocator@PEAVObstacle@@@std@@@std@@@std@@@std@@QEAA@XZ 0000000140018a10 f i UbisoftProject.obj
 0002:00007ab0       ??0?$allocator@PEAVObstacle@@@std@@QEAA@XZ 0000000140018ab0 f i UbisoftProject.obj
 0002:00007b10       ??0?$allocator@V?$vector@PEAVObstacle@@V?$allocator@PEAVObstacle@@@std@@@std@@@std@@QEAA@XZ 0000000140018b10 f i UbisoftProject.obj
 0002:00007b70       ??0?$vector@PEAVObstacle@@V?$allocator@PEAVObstacle@@@std@@@std@@QEAA@$$QEAV01@@Z 0000000140018b70 f i UbisoftProject.obj
 0002:00007c80       ??0?$vector@PEAVObstacle@@V?$allocator@PEAVObstacle@@@std@@@std@@QEAA@AEBV01@@Z 0000000140018c80 f i UbisoftProject.obj
 0002:00007eb0       ??0?$vector@PEAVObstacle@@V?$allocator@PEAVObstacle@@@std@@@std@@QEAA@XZ 0000000140018eb0 f i UbisoftProject.obj
 0002:00007f60       ??0?$vector@V?$vector@PEAVObstacle@@V?$allocator@PEAVObstacle@@@std@@@std@@V?$allocator@V?$vector@PEAVObstacle@@V?$allocator@PEAVObstacle@@@std@@@std@@@2@@std@@QEAA@XZ 0000000140018f60 f i UbisoftProject.obj
 0002:00008010       ??0_Container_base12@std@@QEAA@XZ 0000000140019010 f i UbisoftProject.obj
 0002:00008080       ??0_Container_proxy@std@@QEAA@PEAU_Container_base12@1@@Z 0000000140019080 f i UbisoftProject.obj
 0002:00008110       ??0bad_alloc@std@@AEAA@QEBD@Z 0000000140019110 f i UbisoftProject.obj
 0002:000081b0       ??0bad_alloc@std@@QEAA@AEBV01@@Z 00000001400191b0 f i UbisoftProject.obj
 0002:00008230       ??0bad_array_new_length@std@@QEAA@AEBV01@@Z 0000000140019230 f i UbisoftProject.obj
 0002:000082b0       ??0bad_array_new_length@std@@QEAA@XZ 00000001400192b0 f i UbisoftProject.obj
 0002:00008340       ??0exception@std@@QEAA@AEBV01@@Z 0000000140019340 f i UbisoftProject.obj
 0002:00008400       ??0exception@std@@QEAA@QEBDH@Z 0000000140019400 f i UbisoftProject.obj
 0002:000084b0       ??1?$_Container_proxy_ptr12@V?$allocator@U_Container_proxy@std@@@std@@@std@@QEAA@XZ 00000001400194b0 f i UbisoftProject.obj
 0002:00008540       ??1?$_Tidy_guard@V?$vector@PEAVObstacle@@V?$allocator@PEAVObstacle@@@std@@@std@@@std@@QEAA@XZ 0000000140019540 f i UbisoftProject.obj
 0002:000085c0       ??1?$_Uninitialized_backout_al@V?$allocator@V?$vector@PEAVObstacle@@V?$allocator@PEAVObstacle@@@std@@@std@@@std@@@std@@QEAA@XZ 00000001400195c0 f i UbisoftProject.obj
 0002:00008640       ??1?$vector@PEAVObstacle@@V?$allocator@PEAVObstacle@@@std@@@std@@QEAA@XZ 0000000140019640 f i UbisoftProject.obj
 0002:00008750       ??1?$vector@V?$vector@PEAVObstacle@@V?$allocator@PEAVObstacle@@@std@@@std@@V?$allocator@V?$vector@PEAVObstacle@@V?$allocator@PEAVObstacle@@@std@@@std@@@2@@std@@QEAA@XZ 0000000140019750 f i UbisoftProject.obj
 0002:00008860       ??1bad_alloc@std@@UEAA@XZ  0000000140019860 f i UbisoftProject.obj
 0002:000088b0       ??1bad_array_new_length@std@@UEAA@XZ 00000001400198b0 f i UbisoftProject.obj
 0002:00008900       ??1exception@std@@UEAA@XZ  0000000140019900 f i UbisoftProject.obj
 0002:00008980       ??2@YAPEAX_KPEAX@Z         0000000140019980 f i UbisoftProject.obj
 0002:000089e0       ??A?$vector@PEAVObstacle@@V?$allocator@PEAVObstacle@@@std@@@std@@QEAAAEAPEAVObstacle@@_K@Z 00000001400199e0 f i UbisoftProject.obj
 0002:00008b20       ??A?$vector@V?$vector@PEAVObstacle@@V?$allocator@PEAVObstacle@@@std@@@std@@V?$allocator@V?$vector@PEAVObstacle@@V?$allocator@PEAVObstacle@@@std@@@std@@@2@@std@@QEAAAEAV?$vector@PEAVObstacle@@V?$allocator@PEAVObstacle@@@std@@@1@_K@Z 0000000140019b20 f i UbisoftProject.obj
 0002:00008c60       ??_G?$vector@PEAVObstacle@@V?$allocator@PEAVObstacle@@@std@@@std@@QEAAPEAXI@Z 0000000140019c60 f i UbisoftProject.obj
 0002:00008cf0       ??_GCharacter@@QEAAPEAXI@Z 0000000140019cf0 f i UbisoftProject.obj
 0002:00008d80       ??_Ebad_alloc@std@@UEAAPEAXI@Z 0000000140019d80 f i UbisoftProject.obj
 0002:00008d80       ??_Gbad_alloc@std@@UEAAPEAXI@Z 0000000140019d80 f i UbisoftProject.obj
 0002:00008e10       ??_Ebad_array_new_length@std@@UEAAPEAXI@Z 0000000140019e10 f i UbisoftProject.obj
 0002:00008e10       ??_Gbad_array_new_length@std@@UEAAPEAXI@Z 0000000140019e10 f i UbisoftProject.obj
 0002:00008ea0       ??_Gexception@std@@UEAAPEAXI@Z 0000000140019ea0 f i UbisoftProject.obj
 0002:00008ea0       ??_Eexception@std@@UEAAPEAXI@Z 0000000140019ea0 f i UbisoftProject.obj
 0002:00008f30       ?CheckButton@CController@@QEBA_NH_N@Z 0000000140019f30 f i UbisoftProject.obj
 0002:00009020       ?GetAABB@Character@@QEBAAEBUAABB@@XZ 000000014001a020 f i UbisoftProject.obj
 0002:00009080       ?GetAABB@Door@@QEBAAEBUAABB@@XZ 000000014001a080 f i UbisoftProject.obj
 0002:000090e0       ?GetAABB@Obstacle@@QEBAAEBUAABB@@XZ 000000014001a0e0 f i UbisoftProject.obj
 0002:00009140       ?Init@@YAXXZ               000000014001a140 f   UbisoftProject.obj
 0002:00009680       ?Render@@YAXXZ             000000014001a680 f   UbisoftProject.obj
 0002:000098c0       ?Shutdown@@YAXXZ           000000014001a8c0 f   UbisoftProject.obj
 0002:00009950       ?Update@@YAXM@Z            000000014001a950 f   UbisoftProject.obj
 0002:0000a2b0       ?_Adjust_manually_vector_aligned@std@@YAXAEAPEAXAEA_K@Z 000000014001b2b0 f i UbisoftProject.obj
 0002:0000a510       ?_Allocate@_Default_allocate_traits@std@@SAPEAX_K@Z 000000014001b510 f i UbisoftProject.obj
 0002:0000a570       ?_Buy_raw@?$vector@PEAVObstacle@@V?$allocator@PEAVObstacle@@@std@@@std@@AEAAX_K@Z 000000014001b570 f i UbisoftProject.obj
 0002:0000a670       ?_Calculate_growth@?$vector@PEAVObstacle@@V?$allocator@PEAVObstacle@@@std@@@std@@AEBA_K_K@Z 000000014001b670 f i UbisoftProject.obj
 0002:0000a770       ?_Calculate_growth@?$vector@V?$vector@PEAVObstacle@@V?$allocator@PEAVObstacle@@@std@@@std@@V?$allocator@V?$vector@PEAVObstacle@@V?$allocator@PEAVObstacle@@@std@@@std@@@2@@std@@AEBA_K_K@Z 000000014001b770 f i UbisoftProject.obj
 0002:0000a870       ?_Change_array@?$vector@PEAVObstacle@@V?$allocator@PEAVObstacle@@@std@@@std@@AEAAXQEAPEAVObstacle@@_K1@Z 000000014001b870 f i UbisoftProject.obj
 0002:0000a9f0       ?_Change_array@?$vector@V?$vector@PEAVObstacle@@V?$allocator@PEAVObstacle@@@std@@@std@@V?$allocator@V?$vector@PEAVObstacle@@V?$allocator@PEAVObstacle@@@std@@@std@@@2@@std@@AEAAXQEAV?$vector@PEAVObstacle@@V?$allocator@PEAVObstacle@@@std@@@2@_K1@Z 000000014001b9f0 f i UbisoftProject.obj
 0002:0000ab70       ?_Destroy@?$vector@PEAVObstacle@@V?$allocator@PEAVObstacle@@@std@@@std@@AEAAXPEAPEAVObstacle@@0@Z 000000014001bb70 f i UbisoftProject.obj
 0002:0000ac00       ?_Destroy@?$vector@V?$vector@PEAVObstacle@@V?$allocator@PEAVObstacle@@@std@@@std@@V?$allocator@V?$vector@PEAVObstacle@@V?$allocator@PEAVObstacle@@@std@@@std@@@2@@std@@AEAAXPEAV?$vector@PEAVObstacle@@V?$allocator@PEAVObstacle@@@std@@@2@0@Z 000000014001bc00 f i UbisoftProject.obj
 0002:0000ac90       ?_Get_first@?$_Compressed_pair@V?$allocator@PEAVObstacle@@@std@@V?$_Vector_val@U?$_Simple_types@PEAVObstacle@@@std@@@2@$00@std@@QEAAAEAV?$allocator@PEAVObstacle@@@2@XZ 000000014001bc90 f i UbisoftProject.obj
 0002:0000acf0       ?_Get_first@?$_Compressed_pair@V?$allocator@PEAVObstacle@@@std@@V?$_Vector_val@U?$_Simple_types@PEAVObstacle@@@std@@@2@$00@std@@QEBAAEBV?$allocator@PEAVObstacle@@@2@XZ 000000014001bcf0 f i UbisoftProject.obj
 0002:0000ad50       ?_Get_first@?$_Compressed_pair@V?$allocator@V?$vector@PEAVObstacle@@V?$allocator@PEAVObstacle@@@std@@@std@@@std@@V?$_Vector_val@U?$_Simple_types@V?$vector@PEAVObstacle@@V?$allocator@PEAVObstacle@@@std@@@std@@@std@@@2@$00@std@@QEAAAEAV?$allocator@V?$vector@PEAVObstacle@@V?$allocator@PEAVObstacle@@@std@@@std@@@2@XZ 000000014001bd50 f i UbisoftProject.obj
 0002:0000adb0       ?_Get_first@?$_Compressed_pair@V?$allocator@V?$vector@PEAVObstacle@@V?$allocator@PEAVObstacle@@@std@@@std@@@std@@V?$_Vector_val@U?$_Simple_types@V?$vector@PEAVObstacle@@V?$allocator@PEAVObstacle@@@std@@@std@@@std@@@2@$00@std@@QEBAAEBV?$allocator@V?$vector@PEAVObstacle@@V?$allocator@PEAVObstacle@@@std@@@std@@@2@XZ 000000014001bdb0 f i UbisoftProject.obj
 0002:0000ae10       ?_Getal@?$vector@PEAVObstacle@@V?$allocator@PEAVObstacle@@@std@@@std@@AEAAAEAV?$allocator@PEAVObstacle@@@2@XZ 000000014001be10 f i UbisoftProject.obj
 0002:0000ae80       ?_Getal@?$vector@PEAVObstacle@@V?$allocator@PEAVObstacle@@@std@@@std@@AEBAAEBV?$allocator@PEAVObstacle@@@2@XZ 000000014001be80 f i UbisoftProject.obj
 0002:0000aef0       ?_Getal@?$vector@V?$vector@PEAVObstacle@@V?$allocator@PEAVObstacle@@@std@@@std@@V?$allocator@V?$vector@PEAVObstacle@@V?$allocator@PEAVObstacle@@@std@@@std@@@2@@std@@AEAAAEAV?$allocator@V?$vector@PEAVObstacle@@V?$allocator@PEAVObstacle@@@std@@@std@@@2@XZ 000000014001bef0 f i UbisoftProject.obj
 0002:0000af60       ?_Getal@?$vector@V?$vector@PEAVObstacle@@V?$allocator@PEAVObstacle@@@std@@@std@@V?$allocator@V?$vector@PEAVObstacle@@V?$allocator@PEAVObstacle@@@std@@@std@@@2@@std@@AEBAAEBV?$allocator@V?$vector@PEAVObstacle@@V?$allocator@PEAVObstacle@@@std@@@std@@@2@XZ 000000014001bf60 f i UbisoftProject.obj
 0002:0000afd0       ?_Move_construct@?$vector@PEAVObstacle@@V?$allocator@PEAVObstacle@@@std@@@std@@AEAAXAEAV12@U?$integral_constant@_N$00@2@@Z 000000014001bfd0 f i UbisoftProject.obj
 0002:0000b050       ?_Orphan_all@_Container_base12@std@@QEAAXXZ 000000014001c050 f i UbisoftProject.obj
 0002:0000b180       ?_Orphan_range@?$vector@PEAVObstacle@@V?$allocator@PEAVObstacle@@@std@@@std@@AEBAXPEAPEAVObstacle@@0@Z 000000014001c180 f i UbisoftProject.obj
 0002:0000b2d0       ?_Orphan_range@?$vector@V?$vector@PEAVObstacle@@V?$allocator@PEAVObstacle@@@std@@@std@@V?$allocator@V?$vector@PEAVObstacle@@V?$allocator@PEAVObstacle@@@std@@@std@@@2@@std@@AEBAXPEAV?$vector@PEAVObstacle@@V?$allocator@PEAVObstacle@@@std@@@2@0@Z 000000014001c2d0 f i UbisoftProject.obj
 0002:0000b420       ?_Release@?$_Uninitialized_backout_al@V?$allocator@V?$vector@PEAVObstacle@@V?$allocator@PEAVObstacle@@@std@@@std@@@std@@@std@@QEAAPEAV?$vector@PEAVObstacle@@V?$allocator@PEAVObstacle@@@std@@@2@XZ 000000014001c420 f i UbisoftProject.obj
 0002:0000b4a0       ?_Release@_Basic_container_proxy_ptr12@std@@QEAAXXZ 000000014001c4a0 f i UbisoftProject.obj
 0002:0000b510       ?_Swap_proxy_and_iterators@_Container_base12@std@@QEAAXAEAU12@@Z 000000014001c510 f i UbisoftProject.obj
 0002:0000b660       ?_Take_contents@?$_Vector_val@U?$_Simple_types@PEAVObstacle@@@std@@@std@@QEAAXAEAV12@@Z 000000014001c660 f i UbisoftProject.obj
 0002:0000b760       ?_Throw_bad_array_new_length@std@@YAXXZ 000000014001c760 f i UbisoftProject.obj
 0002:0000b7d0       ?_Tidy@?$vector@PEAVObstacle@@V?$allocator@PEAVObstacle@@@std@@@std@@AEAAXXZ 000000014001c7d0 f i UbisoftProject.obj
 0002:0000b920       ?_Tidy@?$vector@V?$vector@PEAVObstacle@@V?$allocator@PEAVObstacle@@@std@@@std@@V?$allocator@V?$vector@PEAVObstacle@@V?$allocator@PEAVObstacle@@@std@@@std@@@2@@std@@AEAAXXZ 000000014001c920 f i UbisoftProject.obj
 0002:0000ba70       ?_Umove@?$vector@PEAVObstacle@@V?$allocator@PEAVObstacle@@@std@@@std@@AEAAPEAPEAVObstacle@@PEAPEAV3@00@Z 000000014001ca70 f i UbisoftProject.obj
 0002:0000bb10       ?_Umove@?$vector@V?$vector@PEAVObstacle@@V?$allocator@PEAVObstacle@@@std@@@std@@V?$allocator@V?$vector@PEAVObstacle@@V?$allocator@PEAVObstacle@@@std@@@std@@@2@@std@@AEAAPEAV?$vector@PEAVObstacle@@V?$allocator@PEAVObstacle@@@std@@@2@PEAV32@00@Z 000000014001cb10 f i UbisoftProject.obj
 0002:0000bbb0       ?_Umove_if_noexcept1@?$vector@PEAVObstacle@@V?$allocator@PEAVObstacle@@@std@@@std@@AEAAXPEAPEAVObstacle@@00U?$integral_constant@_N$00@2@@Z 000000014001cbb0 f i UbisoftProject.obj
 0002:0000bc50       ?_Umove_if_noexcept1@?$vector@V?$vector@PEAVObstacle@@V?$allocator@PEAVObstacle@@@std@@@std@@V?$allocator@V?$vector@PEAVObstacle@@V?$allocator@PEAVObstacle@@@std@@@std@@@2@@std@@AEAAXPEAV?$vector@PEAVObstacle@@V?$allocator@PEAVObstacle@@@std@@@2@00U?$integral_constant@_N$00@2@@Z 000000014001cc50 f i UbisoftProject.obj
 0002:0000bcf0       ?_Umove_if_noexcept@?$vector@PEAVObstacle@@V?$allocator@PEAVObstacle@@@std@@@std@@AEAAXPEAPEAVObstacle@@00@Z 000000014001ccf0 f i UbisoftProject.obj
 0002:0000bdb0       ?_Umove_if_noexcept@?$vector@V?$vector@PEAVObstacle@@V?$allocator@PEAVObstacle@@@std@@@std@@V?$allocator@V?$vector@PEAVObstacle@@V?$allocator@PEAVObstacle@@@std@@@std@@@2@@std@@AEAAXPEAV?$vector@PEAVObstacle@@V?$allocator@PEAVObstacle@@@std@@@2@00@Z 000000014001cdb0 f i UbisoftProject.obj
 0002:0000be70       ?_Xlength@?$vector@PEAVObstacle@@V?$allocator@PEAVObstacle@@@std@@@std@@CAXXZ 000000014001ce70 f i UbisoftProject.obj
 0002:0000bec0       ?_Xlength@?$vector@V?$vector@PEAVObstacle@@V?$allocator@PEAVObstacle@@@std@@@std@@V?$allocator@V?$vector@PEAVObstacle@@V?$allocator@PEAVObstacle@@@std@@@std@@@2@@std@@CAXXZ 000000014001cec0 f i UbisoftProject.obj
 0002:0000bf10       ?__autoclassinit2@?$_Uninitialized_backout_al@V?$allocator@V?$vector@PEAVObstacle@@V?$allocator@PEAVObstacle@@@std@@@std@@@std@@@std@@QEAAX_K@Z 000000014001cf10 f i UbisoftProject.obj
 0002:0000bf70       ?__autoclassinit2@?$vector@PEAVObstacle@@V?$allocator@PEAVObstacle@@@std@@@std@@QEAAX_K@Z 000000014001cf70 f i UbisoftProject.obj
 0002:0000bfd0       ?__autoclassinit2@?$vector@V?$vector@PEAVObstacle@@V?$allocator@PEAVObstacle@@@std@@@std@@V?$allocator@V?$vector@PEAVObstacle@@V?$allocator@PEAVObstacle@@@std@@@std@@@2@@std@@QEAAX_K@Z 000000014001cfd0 f i UbisoftProject.obj
 0002:0000c030       ?__autoclassinit2@Box@@QEAAX_K@Z 000000014001d030 f i UbisoftProject.obj
 0002:0000c090       ?__autoclassinit2@Character@@QEAAX_K@Z 000000014001d090 f i UbisoftProject.obj
 0002:0000c0f0       ?__autoclassinit2@Wall@@QEAAX_K@Z 000000014001d0f0 f i UbisoftProject.obj
 0002:0000c150       ?__empty_global_delete@@YAXPEAX@Z 000000014001d150 f i UbisoftProject.obj
 0002:0000c1a0       ?__empty_global_delete@@YAXPEAX_K@Z 000000014001d1a0 f i UbisoftProject.obj
 0002:0000c200       ?allocate@?$allocator@PEAVObstacle@@@std@@QEAAPEAPEAVObstacle@@_K@Z 000000014001d200 f i UbisoftProject.obj
 0002:0000c270       ?allocate@?$allocator@U_Container_proxy@std@@@std@@QEAAPEAU_Container_proxy@2@_K@Z 000000014001d270 f i UbisoftProject.obj
 0002:0000c2e0       ?allocate@?$allocator@V?$vector@PEAVObstacle@@V?$allocator@PEAVObstacle@@@std@@@std@@@std@@QEAAPEAV?$vector@PEAVObstacle@@V?$allocator@PEAVObstacle@@@std@@@2@_K@Z 000000014001d2e0 f i UbisoftProject.obj
 0002:0000c350       ?capacity@?$vector@PEAVObstacle@@V?$allocator@PEAVObstacle@@@std@@@std@@QEBA_KXZ 000000014001d350 f i UbisoftProject.obj
 0002:0000c3d0       ?capacity@?$vector@V?$vector@PEAVObstacle@@V?$allocator@PEAVObstacle@@@std@@@std@@V?$allocator@V?$vector@PEAVObstacle@@V?$allocator@PEAVObstacle@@@std@@@std@@@2@@std@@QEBA_KXZ 000000014001d3d0 f i UbisoftProject.obj
 0002:0000c450       ?deallocate@?$_Default_allocator_traits@V?$allocator@U_Container_proxy@std@@@std@@@std@@SAXAEAV?$allocator@U_Container_proxy@std@@@2@QEAU_Container_proxy@2@_K@Z 000000014001d450 f i UbisoftProject.obj
 0002:0000c510       ?deallocate@?$allocator@PEAVObstacle@@@std@@QEAAXQEAPEAVObstacle@@_K@Z 000000014001d510 f i UbisoftProject.obj
 0002:0000c5d0       ?deallocate@?$allocator@V?$vector@PEAVObstacle@@V?$allocator@PEAVObstacle@@@std@@@std@@@std@@QEAAXQEAV?$vector@PEAVObstacle@@V?$allocator@PEAVObstacle@@@std@@@2@_K@Z 000000014001d5d0 f i UbisoftProject.obj
 0002:0000c650       ?max@?$numeric_limits@_J@std@@SA_JXZ 000000014001d650 f i UbisoftProject.obj
 0002:0000c6d0       ?max_size@?$_Default_allocator_traits@V?$allocator@PEAVObstacle@@@std@@@std@@SA_KAEBV?$allocator@PEAVObstacle@@@2@@Z 000000014001d6d0 f i UbisoftProject.obj
 0002:0000c750       ?max_size@?$_Default_allocator_traits@V?$allocator@V?$vector@PEAVObstacle@@V?$allocator@PEAVObstacle@@@std@@@std@@@std@@@std@@SA_KAEBV?$allocator@V?$vector@PEAVObstacle@@V?$allocator@PEAVObstacle@@@std@@@std@@@2@@Z 000000014001d750 f i UbisoftProject.obj
 0002:0000c7a0       ?max_size@?$vector@PEAVObstacle@@V?$allocator@PEAVObstacle@@@std@@@std@@QEBA_KXZ 000000014001d7a0 f i UbisoftProject.obj
 0002:0000c860       ?push_back@?$vector@PEAVObstacle@@V?$allocator@PEAVObstacle@@@std@@@std@@QEAAX$$QEAPEAVObstacle@@@Z 000000014001d860 f i UbisoftProject.obj
 0002:0000c910       ?push_back@?$vector@V?$vector@PEAVObstacle@@V?$allocator@PEAVObstacle@@@std@@@std@@V?$allocator@V?$vector@PEAVObstacle@@V?$allocator@PEAVObstacle@@@std@@@std@@@2@@std@@QEAAXAEBV?$vector@PEAVObstacle@@V?$allocator@PEAVObstacle@@@std@@@2@@Z 000000014001d910 f i UbisoftProject.obj
 0002:0000c9c0       ?select_on_container_copy_construction@?$_Default_allocator_traits@V?$allocator@PEAVObstacle@@@std@@@std@@SA?AV?$allocator@PEAVObstacle@@@2@AEBV32@@Z 000000014001d9c0 f i UbisoftProject.obj
 0002:0000ca40       ?what@exception@std@@UEBAPEBDXZ 000000014001da40 f i UbisoftProject.obj
 0002:0000cbb0       ??0Wall@@QEAA@MM@Z         000000014001dbb0 f   Wall.obj
 0002:0000ccb0       ??1Wall@@UEAA@XZ           000000014001dcb0 f   Wall.obj
 0002:0000cd60       ??_EWall@@UEAAPEAXI@Z      000000014001dd60 f i Wall.obj
 0002:0000cd60       ??_GWall@@UEAAPEAXI@Z      000000014001dd60 f i Wall.obj
 0002:0000cdf0       ?areColliding@Wall@@UEAAHAEBUAABB@@0@Z 000000014001ddf0 f   Wall.obj
 0002:0000ce50       ?deplacementBox@Wall@@UEAAXH@Z 000000014001de50 f   Wall.obj
 0002:0000ceb0       ??0CProfiler@@QEAA@XZ      000000014001deb0 f i Framework:main.obj
 0002:0000cf30       ?CheckMemCallback@@YAXXZ   000000014001df30 f   Framework:main.obj
 0002:0000cf80       ?Display@@YAXXZ            000000014001df80 f   Framework:main.obj
 0002:0000d090       ?GetCounter@@YANXZ         000000014001e090 f   Framework:main.obj
 0002:0000d150       ?Idle@@YAXXZ               000000014001e150 f   Framework:main.obj
 0002:0000d3c0       ?InitGL@@YAXXZ             000000014001e3c0 f   Framework:main.obj
 0002:0000d440       ?Print@CProfiler@@QEAAXMMPEBD@Z 000000014001e440 f i Framework:main.obj
 0002:0000d570       ?Start@CProfiler@@QEAAXXZ  000000014001e570 f i Framework:main.obj
 0002:0000d5e0       ?StartCounter@@YAXXZ       000000014001e5e0 f   Framework:main.obj
 0002:0000d6c0       ?Stop@CProfiler@@QEAANXZ   000000014001e6c0 f i Framework:main.obj
 0002:0000d750       __local_stdio_printf_options 000000014001e750 f i Framework:main.obj
 0002:0000d7a0       _vfprintf_l                000000014001e7a0 f i Framework:main.obj
 0002:0000d840       _vsnprintf_l               000000014001e840 f i Framework:main.obj
 0002:0000d930       _vsprintf_l                000000014001e930 f i Framework:main.obj
 0002:0000dac0       printf                     000000014001eac0 f i Framework:main.obj
 0002:0000dbb0       sprintf                    000000014001ebb0 f i Framework:main.obj
 0002:0000dca0       wWinMain                   000000014001eca0 f   Framework:main.obj
 0002:0000de60       ?CreateSprite@App@@YAPEAVCSimpleSprite@@PEBD@Z 000000014001ee60 f   Framework:app.obj
 0002:0000df20       ?DrawLine@App@@YAXMMMMMMM@Z 000000014001ef20 f   Framework:app.obj
 0002:0000e0c0       ?GetController@App@@YAAEBVCController@@H@Z 000000014001f0c0 f   Framework:app.obj
 0002:0000e130       ?GetController@CSimpleControllers@@QEAAAEBVCController@@H@Z 000000014001f130 f i Framework:app.obj
 0002:0000e1c0       ?GetMousePos@App@@YAXAEAM0@Z 000000014001f1c0 f   Framework:app.obj
 0002:0000e3b0       ?IsKeyPressed@App@@YA_NH@Z 000000014001f3b0 f   Framework:app.obj
 0002:0000e440       ?IsSoundPlaying@App@@YA_NPEBD@Z 000000014001f440 f   Framework:app.obj
 0002:0000e4b0       ?Print@App@@YAXMMPEBDMMMPEAX@Z 000000014001f4b0 f   Framework:app.obj
 0002:0000e610       ?StartSound@App@@YAXPEBD_N@Z 000000014001f610 f   Framework:app.obj
 0002:0000e6c0       ?StopSound@App@@YAXPEBD@Z  000000014001f6c0 f   Framework:app.obj
 0002:0000e730       ??$?0$$V@?$_Compressed_pair@V?$allocator@U?$_Tree_node@U?$pair@QEBDUsTextureDef@CSimpleSprite@@@std@@PEAX@std@@@std@@V?$_Tree_val@U?$_Tree_simple_types@U?$pair@QEBDUsTextureDef@CSimpleSprite@@@std@@@std@@@2@$00@std@@QEAA@U_Zero_then_variadic_args_t@1@@Z 000000014001f730 f i Framework:SimpleSprite.obj
 0002:0000e7b0       ??$?0AEBQEAU?$_Tree_node@U?$pair@QEBDUsTextureDef@CSimpleSprite@@@std@@PEAX@std@@_N$0A@@?$pair@PEAU?$_Tree_node@U?$pair@QEBDUsTextureDef@CSimpleSprite@@@std@@PEAX@std@@_N@std@@QEAA@AEBQEAU?$_Tree_node@U?$pair@QEBDUsTextureDef@CSimpleSprite@@@std@@PEAX@1@$$QEA_N@Z 000000014001f7b0 f i Framework:SimpleSprite.obj
 0002:0000e860       ??$?0AEBQEBD$$Z$$V@?$pair@QEBDUsTextureDef@CSimpleSprite@@@std@@QEAA@Upiecewise_construct_t@1@V?$tuple@AEBQEBD@1@V?$tuple@$$V@1@@Z 000000014001f860 f i Framework:SimpleSprite.obj
 0002:0000e910       ??$?0AEBQEBD$0A@@?$tuple@AEBQEBD@std@@QEAA@AEBQEBD@Z 000000014001f910 f i Framework:SimpleSprite.obj
 0002:0000e9b0       ??$?0AEBQEBD@?$_Tuple_val@AEBQEBD@std@@QEAA@AEBQEBD@Z 000000014001f9b0 f i Framework:SimpleSprite.obj
 0002:0000ea30       ??$?0AEBU?$less@PEBD@std@@U_Zero_then_variadic_args_t@1@@?$_Compressed_pair@U?$less@PEBD@std@@V?$_Compressed_pair@V?$allocator@U?$_Tree_node@U?$pair@QEBDUsTextureDef@CSimpleSprite@@@std@@PEAX@std@@@std@@V?$_Tree_val@U?$_Tree_simple_types@U?$pair@QEBDUsTextureDef@CSimpleSprite@@@std@@@std@@@2@$00@2@$00@std@@QEAA@U_One_then_variadic_args_t@1@AEBU?$less@PEBD@1@$$QEAU_Zero_then_variadic_args_t@1@@Z 000000014001fa30 f i Framework:SimpleSprite.obj
 0002:0000ead0       ??$?0AEBUpiecewise_construct_t@std@@V?$tuple@AEBQEBD@1@V?$tuple@$$V@1@@?$_Tree_temp_node@V?$allocator@U?$_Tree_node@U?$pair@QEBDUsTextureDef@CSimpleSprite@@@std@@PEAX@std@@@std@@@std@@QEAA@AEAV?$allocator@U?$_Tree_node@U?$pair@QEBDUsTextureDef@CSimpleSprite@@@std@@PEAX@std@@@1@PEAU?$_Tree_node@U?$pair@QEBDUsTextureDef@CSimpleSprite@@@std@@PEAX@1@AEBUpiecewise_construct_t@1@$$QEAV?$tuple@AEBQEBD@1@$$QEAV?$tuple@$$V@1@@Z 000000014001fad0 f i Framework:SimpleSprite.obj
 0002:0000ec90       ??$?0PEAU?$_Tree_node@U?$pair@QEBDUsTextureDef@CSimpleSprite@@@std@@PEAX@std@@_N$0A@@?$pair@PEAU?$_Tree_node@U?$pair@QEBDUsTextureDef@CSimpleSprite@@@std@@PEAX@std@@_N@std@@QEAA@$$QEAPEAU?$_Tree_node@U?$pair@QEBDUsTextureDef@CSimpleSprite@@@std@@PEAX@1@$$QEA_N@Z 000000014001fc90 f i Framework:SimpleSprite.obj
 0002:0000ed40       ??$?0U?$_Tree_node@U?$pair@QEBDUsTextureDef@CSimpleSprite@@@std@@PEAX@std@@@?$allocator@U_Container_proxy@std@@@std@@QEAA@AEBV?$allocator@U?$_Tree_node@U?$pair@QEBDUsTextureDef@CSimpleSprite@@@std@@PEAX@std@@@1@@Z 000000014001fd40 f i Framework:SimpleSprite.obj
 0002:0000eda0       ??$?0U_Exact_args_t@std@@$0A@@?$tuple@$$V@std@@QEAA@U_Exact_args_t@1@@Z 000000014001fda0 f i Framework:SimpleSprite.obj
 0002:0000ee00       ??$?0U_Exact_args_t@std@@AEBQEBD$$V$0A@@?$tuple@AEBQEBD@std@@QEAA@U_Exact_args_t@1@AEBQEBD@Z 000000014001fe00 f i Framework:SimpleSprite.obj
 0002:0000eec0       ??$?0V?$tuple@AEBQEBD@std@@V?$tuple@$$V@1@$0A@$$Z$S@?$pair@QEBDUsTextureDef@CSimpleSprite@@@std@@QEAA@AEAV?$tuple@AEBQEBD@1@AEAV?$tuple@$$V@1@U?$integer_sequence@_K$0A@@1@U?$integer_sequence@_K$S@1@@Z 000000014001fec0 f i Framework:SimpleSprite.obj
 0002:0000ef80       ??$_Buyheadnode@V?$allocator@U?$_Tree_node@U?$pair@QEBDUsTextureDef@CSimpleSprite@@@std@@PEAX@std@@@std@@@?$_Tree_node@U?$pair@QEBDUsTextureDef@CSimpleSprite@@@std@@PEAX@std@@SAPEAU01@AEAV?$allocator@U?$_Tree_node@U?$pair@QEBDUsTextureDef@CSimpleSprite@@@std@@PEAX@std@@@1@@Z 000000014001ff80 f i Framework:SimpleSprite.obj
 0002:0000f090       ??$_Construct_in_place@PEAU?$_Tree_node@U?$pair@QEBDUsTextureDef@CSimpleSprite@@@std@@PEAX@std@@AEAPEAU12@@std@@YAXAEAPEAU?$_Tree_node@U?$pair@QEBDUsTextureDef@CSimpleSprite@@@std@@PEAX@0@0@Z 0000000140020090 f i Framework:SimpleSprite.obj
 0002:0000f140       ??$_Construct_in_place@PEAU?$_Tree_node@U?$pair@QEBDUsTextureDef@CSimpleSprite@@@std@@PEAX@std@@AEBQEAU12@@std@@YAXAEAPEAU?$_Tree_node@U?$pair@QEBDUsTextureDef@CSimpleSprite@@@std@@PEAX@0@AEBQEAU10@@Z 0000000140020140 f i Framework:SimpleSprite.obj
 0002:0000f1f0       ??$_Debug_lt_pred@AEBU?$less@PEBD@std@@AEBQEBDAEBQEBD$0A@@std@@YA_NAEBU?$less@PEBD@0@AEBQEBD1@Z 00000001400201f0 f i Framework:SimpleSprite.obj
 0002:0000f350       ??$_Destroy_in_place@PEAU?$_Tree_node@U?$pair@QEBDUsTextureDef@CSimpleSprite@@@std@@PEAX@std@@@std@@YAXAEAPEAU?$_Tree_node@U?$pair@QEBDUsTextureDef@CSimpleSprite@@@std@@PEAX@0@@Z 0000000140020350 f i Framework:SimpleSprite.obj
 0002:0000f3b0       ??$_Erase_head@V?$allocator@U?$_Tree_node@U?$pair@QEBDUsTextureDef@CSimpleSprite@@@std@@PEAX@std@@@std@@@?$_Tree_val@U?$_Tree_simple_types@U?$pair@QEBDUsTextureDef@CSimpleSprite@@@std@@@std@@@std@@QEAAXAEAV?$allocator@U?$_Tree_node@U?$pair@QEBDUsTextureDef@CSimpleSprite@@@std@@PEAX@std@@@1@@Z 00000001400203b0 f i Framework:SimpleSprite.obj
 0002:0000f470       ??$_Erase_tree@V?$allocator@U?$_Tree_node@U?$pair@QEBDUsTextureDef@CSimpleSprite@@@std@@PEAX@std@@@std@@@?$_Tree_val@U?$_Tree_simple_types@U?$pair@QEBDUsTextureDef@CSimpleSprite@@@std@@@std@@@std@@QEAAXAEAV?$allocator@U?$_Tree_node@U?$pair@QEBDUsTextureDef@CSimpleSprite@@@std@@PEAX@std@@@1@PEAU?$_Tree_node@U?$pair@QEBDUsTextureDef@CSimpleSprite@@@std@@PEAX@1@@Z 0000000140020470 f i Framework:SimpleSprite.obj
 0002:0000f540       ??$_Find@PEBD@?$_Tree@V?$_Tmap_traits@PEBDUsTextureDef@CSimpleSprite@@U?$less@PEBD@std@@V?$allocator@U?$pair@QEBDUsTextureDef@CSimpleSprite@@@std@@@4@$0A@@std@@@std@@AEBAPEAU?$_Tree_node@U?$pair@QEBDUsTextureDef@CSimpleSprite@@@std@@PEAX@1@AEBQEBD@Z 0000000140020540 f i Framework:SimpleSprite.obj
 0002:0000f640       ??$_Find_lower_bound@PEBD@?$_Tree@V?$_Tmap_traits@PEBDUsTextureDef@CSimpleSprite@@U?$less@PEBD@std@@V?$allocator@U?$pair@QEBDUsTextureDef@CSimpleSprite@@@std@@@4@$0A@@std@@@std@@IEBA?AU?$_Tree_find_result@PEAU?$_Tree_node@U?$pair@QEBDUsTextureDef@CSimpleSprite@@@std@@PEAX@std@@@1@AEBQEBD@Z 0000000140020640 f i Framework:SimpleSprite.obj
 0002:0000f800       ??$_Freenode0@V?$allocator@U?$_Tree_node@U?$pair@QEBDUsTextureDef@CSimpleSprite@@@std@@PEAX@std@@@std@@@?$_Tree_node@U?$pair@QEBDUsTextureDef@CSimpleSprite@@@std@@PEAX@std@@SAXAEAV?$allocator@U?$_Tree_node@U?$pair@QEBDUsTextureDef@CSimpleSprite@@@std@@PEAX@std@@@1@PEAU01@@Z 0000000140020800 f i Framework:SimpleSprite.obj
 0002:0000f8c0       ??$_Freenode@V?$allocator@U?$_Tree_node@U?$pair@QEBDUsTextureDef@CSimpleSprite@@@std@@PEAX@std@@@std@@@?$_Tree_node@U?$pair@QEBDUsTextureDef@CSimpleSprite@@@std@@PEAX@std@@SAXAEAV?$allocator@U?$_Tree_node@U?$pair@QEBDUsTextureDef@CSimpleSprite@@@std@@PEAX@std@@@1@PEAU01@@Z 00000001400208c0 f i Framework:SimpleSprite.obj
 0002:0000f960       ??$_Get_size_of_n@$0DI@@std@@YA_K_K@Z 0000000140020960 f i Framework:SimpleSprite.obj
 0002:0000f9f0       ??$_Kfn@QEBDUsTextureDef@CSimpleSprite@@@?$_Tmap_traits@PEBDUsTextureDef@CSimpleSprite@@U?$less@PEBD@std@@V?$allocator@U?$pair@QEBDUsTextureDef@CSimpleSprite@@@std@@@4@$0A@@std@@SAAEBQEBDAEBU?$pair@QEBDUsTextureDef@CSimpleSprite@@@1@@Z 00000001400209f0 f i Framework:SimpleSprite.obj
 0002:0000fa50       ??$_Lower_bound_duplicate@PEBD@?$_Tree@V?$_Tmap_traits@PEBDUsTextureDef@CSimpleSprite@@U?$less@PEBD@std@@V?$allocator@U?$pair@QEBDUsTextureDef@CSimpleSprite@@@std@@@4@$0A@@std@@@std@@IEBA_NQEAU?$_Tree_node@U?$pair@QEBDUsTextureDef@CSimpleSprite@@@std@@PEAX@1@AEBQEBD@Z 0000000140020a50 f i Framework:SimpleSprite.obj
 0002:0000fb40       ??$_Try_emplace@AEBQEBD$$V@?$map@PEBDUsTextureDef@CSimpleSprite@@U?$less@PEBD@std@@V?$allocator@U?$pair@QEBDUsTextureDef@CSimpleSprite@@@std@@@4@@std@@AEAA?AU?$pair@PEAU?$_Tree_node@U?$pair@QEBDUsTextureDef@CSimpleSprite@@@std@@PEAX@std@@_N@1@AEBQEBD@Z 0000000140020b40 f i Framework:SimpleSprite.obj
 0002:0000fdb0       ??$addressof@$$CBV?$_Tree_val@U?$_Tree_simple_types@U?$pair@QEBDUsTextureDef@CSimpleSprite@@@std@@@std@@@std@@@std@@YAPEBV?$_Tree_val@U?$_Tree_simple_types@U?$pair@QEBDUsTextureDef@CSimpleSprite@@@std@@@std@@@0@AEBV10@@Z 0000000140020db0 f i Framework:SimpleSprite.obj
 0002:0000fe10       ??$addressof@PEAU?$_Tree_node@U?$pair@QEBDUsTextureDef@CSimpleSprite@@@std@@PEAX@std@@@std@@YAPEAPEAU?$_Tree_node@U?$pair@QEBDUsTextureDef@CSimpleSprite@@@std@@PEAX@0@AEAPEAU10@@Z 0000000140020e10 f i Framework:SimpleSprite.obj
 0002:0000fe70       ??$addressof@U?$pair@QEBDUsTextureDef@CSimpleSprite@@@std@@@std@@YAPEAU?$pair@QEBDUsTextureDef@CSimpleSprite@@@0@AEAU10@@Z 0000000140020e70 f i Framework:SimpleSprite.obj
 0002:0000fed0       ??$addressof@V?$_Tree_val@U?$_Tree_simple_types@U?$pair@QEBDUsTextureDef@CSimpleSprite@@@std@@@std@@@std@@@std@@YAPEAV?$_Tree_val@U?$_Tree_simple_types@U?$pair@QEBDUsTextureDef@CSimpleSprite@@@std@@@std@@@0@AEAV10@@Z 0000000140020ed0 f i Framework:SimpleSprite.obj
 0002:0000ff30       ??$construct@U?$pair@QEBDUsTextureDef@CSimpleSprite@@@std@@AEBUpiecewise_construct_t@2@V?$tuple@AEBQEBD@2@V?$tuple@$$V@2@@?$_Default_allocator_traits@V?$allocator@U?$_Tree_node@U?$pair@QEBDUsTextureDef@CSimpleSprite@@@std@@PEAX@std@@@std@@@std@@SAXAEAV?$allocator@U?$_Tree_node@U?$pair@QEBDUsTextureDef@CSimpleSprite@@@std@@PEAX@std@@@1@QEAU?$pair@QEBDUsTextureDef@CSimpleSprite@@@1@AEBUpiecewise_construct_t@1@$$QEAV?$tuple@AEBQEBD@1@$$QEAV?$tuple@$$V@1@@Z 0000000140020f30 f i Framework:SimpleSprite.obj
 0002:00010070       ??$destroy@U?$pair@QEBDUsTextureDef@CSimpleSprite@@@std@@@?$_Default_allocator_traits@V?$allocator@U?$_Tree_node@U?$pair@QEBDUsTextureDef@CSimpleSprite@@@std@@PEAX@std@@@std@@@std@@SAXAEAV?$allocator@U?$_Tree_node@U?$pair@QEBDUsTextureDef@CSimpleSprite@@@std@@PEAX@std@@@1@QEAU?$pair@QEBDUsTextureDef@CSimpleSprite@@@1@@Z 0000000140021070 f i Framework:SimpleSprite.obj
 0002:000100d0       ??$exchange@PEAU?$_Tree_node@U?$pair@QEBDUsTextureDef@CSimpleSprite@@@std@@PEAX@std@@$$T@std@@YAPEAU?$_Tree_node@U?$pair@QEBDUsTextureDef@CSimpleSprite@@@std@@PEAX@0@AEAPEAU10@$$QEA$$T@Z 00000001400210d0 f i Framework:SimpleSprite.obj
 0002:00010160       ??$exchange@PEAU?$_Tree_node@U?$pair@QEBDUsTextureDef@CSimpleSprite@@@std@@PEAX@std@@AEAPEAU12@@std@@YAPEAU?$_Tree_node@U?$pair@QEBDUsTextureDef@CSimpleSprite@@@std@@PEAX@0@AEAPEAU10@0@Z 0000000140021160 f i Framework:SimpleSprite.obj
 0002:000101f0       ??$forward@AEAPEAU?$_Tree_node@U?$pair@QEBDUsTextureDef@CSimpleSprite@@@std@@PEAX@std@@@std@@YAAEAPEAU?$_Tree_node@U?$pair@QEBDUsTextureDef@CSimpleSprite@@@std@@PEAX@0@AEAPEAU10@@Z 00000001400211f0 f i Framework:SimpleSprite.obj
 0002:00010250       ??$forward@AEBQEAU?$_Tree_node@U?$pair@QEBDUsTextureDef@CSimpleSprite@@@std@@PEAX@std@@@std@@YAAEBQEAU?$_Tree_node@U?$pair@QEBDUsTextureDef@CSimpleSprite@@@std@@PEAX@0@AEBQEAU10@@Z 0000000140021250 f i Framework:SimpleSprite.obj
 0002:000102b0       ??$forward@AEBQEBD@std@@YAAEBQEBDAEBQEBD@Z 00000001400212b0 f i Framework:SimpleSprite.obj
 0002:00010310       ??$forward@AEBU?$less@PEBD@std@@@std@@YAAEBU?$less@PEBD@0@AEBU10@@Z 0000000140021310 f i Framework:SimpleSprite.obj
 0002:00010370       ??$forward@AEBUpiecewise_construct_t@std@@@std@@YAAEBUpiecewise_construct_t@0@AEBU10@@Z 0000000140021370 f i Framework:SimpleSprite.obj
 0002:000103d0       ??$forward@PEAU?$_Tree_node@U?$pair@QEBDUsTextureDef@CSimpleSprite@@@std@@PEAX@std@@@std@@YA$$QEAPEAU?$_Tree_node@U?$pair@QEBDUsTextureDef@CSimpleSprite@@@std@@PEAX@0@AEAPEAU10@@Z 00000001400213d0 f i Framework:SimpleSprite.obj
 0002:00010430       ??$forward@U_Zero_then_variadic_args_t@std@@@std@@YA$$QEAU_Zero_then_variadic_args_t@0@AEAU10@@Z 0000000140021430 f i Framework:SimpleSprite.obj
 0002:00010490       ??$forward@V?$tuple@$$V@std@@@std@@YA$$QEAV?$tuple@$$V@0@AEAV10@@Z 0000000140021490 f i Framework:SimpleSprite.obj
 0002:000104f0       ??$forward@V?$tuple@AEBQEBD@std@@@std@@YA$$QEAV?$tuple@AEBQEBD@0@AEAV10@@Z 00000001400214f0 f i Framework:SimpleSprite.obj
 0002:00010550       ??$forward@_N@std@@YA$$QEA_NAEA_N@Z 0000000140021550 f i Framework:SimpleSprite.obj
 0002:000105b0       ??$forward_as_tuple@$$V@std@@YA?AV?$tuple@$$V@0@XZ 00000001400215b0 f i Framework:SimpleSprite.obj
 0002:00010620       ??$forward_as_tuple@AEBQEBD@std@@YA?AV?$tuple@AEBQEBD@0@AEBQEBD@Z 0000000140021620 f i Framework:SimpleSprite.obj
 0002:000106b0       ??$get@$0A@AEBQEBD@std@@YAAEBQEBD$$QEAV?$tuple@AEBQEBD@0@@Z 00000001400216b0 f i Framework:SimpleSprite.obj
 0002:00010710       ??$move@AEAV?$tuple@AEBQEBD@std@@@std@@YA$$QEAV?$tuple@AEBQEBD@0@AEAV10@@Z 0000000140021710 f i Framework:SimpleSprite.obj
 0002:00010770       ??0?$_Alloc_construct_ptr@V?$allocator@U?$_Tree_node@U?$pair@QEBDUsTextureDef@CSimpleSprite@@@std@@PEAX@std@@@std@@@std@@QEAA@AEAV?$allocator@U?$_Tree_node@U?$pair@QEBDUsTextureDef@CSimpleSprite@@@std@@PEAX@std@@@1@@Z 0000000140021770 f i Framework:SimpleSprite.obj
 0002:00010800       ??0?$_Tree@V?$_Tmap_traits@PEBDUsTextureDef@CSimpleSprite@@U?$less@PEBD@std@@V?$allocator@U?$pair@QEBDUsTextureDef@CSimpleSprite@@@std@@@4@$0A@@std@@@std@@QEAA@AEBU?$less@PEBD@1@@Z 0000000140021800 f i Framework:SimpleSprite.obj
 0002:000108a0       ??0?$_Tree_const_iterator@V?$_Tree_val@U?$_Tree_simple_types@U?$pair@QEBDUsTextureDef@CSimpleSprite@@@std@@@std@@@std@@@std@@QEAA@PEAU?$_Tree_node@U?$pair@QEBDUsTextureDef@CSimpleSprite@@@std@@PEAX@1@PEBV?$_Tree_val@U?$_Tree_simple_types@U?$pair@QEBDUsTextureDef@CSimpleSprite@@@std@@@std@@@1@@Z 00000001400218a0 f i Framework:SimpleSprite.obj
 0002:00010930       ??0?$_Tree_iterator@V?$_Tree_val@U?$_Tree_simple_types@U?$pair@QEBDUsTextureDef@CSimpleSprite@@@std@@@std@@@std@@@std@@QEAA@PEAU?$_Tree_node@U?$pair@QEBDUsTextureDef@CSimpleSprite@@@std@@PEAX@1@PEBV?$_Tree_val@U?$_Tree_simple_types@U?$pair@QEBDUsTextureDef@CSimpleSprite@@@std@@@std@@@1@@Z 0000000140021930 f i Framework:SimpleSprite.obj
 0002:000109c0       ??0?$_Tree_temp_node_alloc@V?$allocator@U?$_Tree_node@U?$pair@QEBDUsTextureDef@CSimpleSprite@@@std@@PEAX@std@@@std@@@std@@QEAA@AEAV?$allocator@U?$_Tree_node@U?$pair@QEBDUsTextureDef@CSimpleSprite@@@std@@PEAX@std@@@1@@Z 00000001400219c0 f i Framework:SimpleSprite.obj
 0002:00010a50       ??0?$_Tree_unchecked_const_iterator@V?$_Tree_val@U?$_Tree_simple_types@U?$pair@QEBDUsTextureDef@CSimpleSprite@@@std@@@std@@@std@@U_Iterator_base12@2@@std@@QEAA@PEAU?$_Tree_node@U?$pair@QEBDUsTextureDef@CSimpleSprite@@@std@@PEAX@1@PEBV?$_Tree_val@U?$_Tree_simple_types@U?$pair@QEBDUsTextureDef@CSimpleSprite@@@std@@@std@@@1@@Z 0000000140021a50 f i Framework:SimpleSprite.obj
 0002:00010b00       ??0?$_Tree_val@U?$_Tree_simple_types@U?$pair@QEBDUsTextureDef@CSimpleSprite@@@std@@@std@@@std@@QEAA@XZ 0000000140021b00 f i Framework:SimpleSprite.obj
 0002:00010b90       ??0?$allocator@U?$_Tree_node@U?$pair@QEBDUsTextureDef@CSimpleSprite@@@std@@PEAX@std@@@std@@QEAA@XZ 0000000140021b90 f i Framework:SimpleSprite.obj
 0002:00010bf0       ??0?$map@PEBDUsTextureDef@CSimpleSprite@@U?$less@PEBD@std@@V?$allocator@U?$pair@QEBDUsTextureDef@CSimpleSprite@@@std@@@4@@std@@QEAA@XZ 0000000140021bf0 f i Framework:SimpleSprite.obj
 0002:00010c60       ??0?$tuple@$$V@std@@QEAA@AEBV01@@Z 0000000140021c60 f i Framework:SimpleSprite.obj
 0002:00010cc0       ??0?$tuple@$$V@std@@QEAA@XZ 0000000140021cc0 f i Framework:SimpleSprite.obj
 0002:00010d20       ??0?$tuple@AEBQEBD@std@@QEAA@$$QEAV01@@Z 0000000140021d20 f i Framework:SimpleSprite.obj
 0002:00010dc0       ??0CSimpleSprite@@QEAA@PEBD@Z 0000000140021dc0 f   Framework:SimpleSprite.obj
 0002:00011120       ??0_Iterator_base12@std@@QEAA@XZ 0000000140022120 f i Framework:SimpleSprite.obj
 0002:000111a0       ??1?$_Alloc_construct_ptr@V?$allocator@U?$_Tree_node@U?$pair@QEBDUsTextureDef@CSimpleSprite@@@std@@PEAX@std@@@std@@@std@@QEAA@XZ 00000001400221a0 f i Framework:SimpleSprite.obj
 0002:00011230       ??1?$_Tree@V?$_Tmap_traits@PEBDUsTextureDef@CSimpleSprite@@U?$less@PEBD@std@@V?$allocator@U?$pair@QEBDUsTextureDef@CSimpleSprite@@@std@@@4@$0A@@std@@@std@@QEAA@XZ 0000000140022230 f i Framework:SimpleSprite.obj
 0002:00011340       ??1?$_Tree_const_iterator@V?$_Tree_val@U?$_Tree_simple_types@U?$pair@QEBDUsTextureDef@CSimpleSprite@@@std@@@std@@@std@@@std@@QEAA@XZ 0000000140022340 f i Framework:SimpleSprite.obj
 0002:00011390       ??1?$_Tree_iterator@V?$_Tree_val@U?$_Tree_simple_types@U?$pair@QEBDUsTextureDef@CSimpleSprite@@@std@@@std@@@std@@@std@@QEAA@XZ 0000000140022390 f i Framework:SimpleSprite.obj
 0002:000113e0       ??1?$_Tree_temp_node@V?$allocator@U?$_Tree_node@U?$pair@QEBDUsTextureDef@CSimpleSprite@@@std@@PEAX@std@@@std@@@std@@QEAA@XZ 00000001400223e0 f i Framework:SimpleSprite.obj
 0002:000114e0       ??1?$_Tree_temp_node_alloc@V?$allocator@U?$_Tree_node@U?$pair@QEBDUsTextureDef@CSimpleSprite@@@std@@PEAX@std@@@std@@@std@@QEAA@XZ 00000001400224e0 f i Framework:SimpleSprite.obj
 0002:00011530       ??1?$_Tree_unchecked_const_iterator@V?$_Tree_val@U?$_Tree_simple_types@U?$pair@QEBDUsTextureDef@CSimpleSprite@@@std@@@std@@@std@@U_Iterator_base12@2@@std@@QEAA@XZ 0000000140022530 f i Framework:SimpleSprite.obj
 0002:00011580       ??1?$map@PEBDUsTextureDef@CSimpleSprite@@U?$less@PEBD@std@@V?$allocator@U?$pair@QEBDUsTextureDef@CSimpleSprite@@@std@@@4@@std@@QEAA@XZ 0000000140022580 f i Framework:SimpleSprite.obj
 0002:000115d0       ??1_Iterator_base12@std@@QEAA@XZ 00000001400225d0 f i Framework:SimpleSprite.obj
 0002:000116a0       ??8?$_Tree_const_iterator@V?$_Tree_val@U?$_Tree_simple_types@U?$pair@QEBDUsTextureDef@CSimpleSprite@@@std@@@std@@@std@@@std@@QEBA_NAEBV01@@Z 00000001400226a0 f i Framework:SimpleSprite.obj
 0002:00011810       ??9?$_Tree_const_iterator@V?$_Tree_val@U?$_Tree_simple_types@U?$pair@QEBDUsTextureDef@CSimpleSprite@@@std@@@std@@@std@@@std@@QEBA_NAEBV01@@Z 0000000140022810 f i Framework:SimpleSprite.obj
 0002:000118b0       ??A?$map@PEBDUsTextureDef@CSimpleSprite@@U?$less@PEBD@std@@V?$allocator@U?$pair@QEBDUsTextureDef@CSimpleSprite@@@std@@@4@@std@@QEAAAEAUsTextureDef@CSimpleSprite@@AEBQEBD@Z 00000001400228b0 f i Framework:SimpleSprite.obj
 0002:00011930       ??R?$less@PEBD@std@@QEBA_NAEBQEBD0@Z 0000000140022930 f i Framework:SimpleSprite.obj
 0002:000119d0       ?CalculateUVs@CSimpleSprite@@AEAAXXZ 00000001400229d0 f   Framework:SimpleSprite.obj
 0002:00011c40       ?Draw@CSimpleSprite@@QEAAXXZ 0000000140022c40 f   Framework:SimpleSprite.obj
 0002:00011f50       ?LoadTexture@CSimpleSprite@@AEAA_NPEBD@Z 0000000140022f50 f   Framework:SimpleSprite.obj
 0002:000122e0       ?_Adopt@_Iterator_base12@std@@QEAAXPEBU_Container_base12@2@@Z 00000001400232e0 f i Framework:SimpleSprite.obj
 0002:00012450       ?_Alloc_sentinel_and_proxy@?$_Tree@V?$_Tmap_traits@PEBDUsTextureDef@CSimpleSprite@@U?$less@PEBD@std@@V?$allocator@U?$pair@QEBDUsTextureDef@CSimpleSprite@@@std@@@4@$0A@@std@@@std@@IEAAXXZ 0000000140023450 f i Framework:SimpleSprite.obj
 0002:00012570       ?_Allocate@?$_Alloc_construct_ptr@V?$allocator@U?$_Tree_node@U?$pair@QEBDUsTextureDef@CSimpleSprite@@@std@@PEAX@std@@@std@@@std@@QEAAXXZ 0000000140023570 f i Framework:SimpleSprite.obj
 0002:00012600       ?_Check_grow_by_1@?$_Tree@V?$_Tmap_traits@PEBDUsTextureDef@CSimpleSprite@@U?$less@PEBD@std@@V?$allocator@U?$pair@QEBDUsTextureDef@CSimpleSprite@@@std@@@4@$0A@@std@@@std@@IEAAXXZ 0000000140023600 f i Framework:SimpleSprite.obj
 0002:00012690       ?_Get_first@?$_Compressed_pair@U?$less@PEBD@std@@V?$_Compressed_pair@V?$allocator@U?$_Tree_node@U?$pair@QEBDUsTextureDef@CSimpleSprite@@@std@@PEAX@std@@@std@@V?$_Tree_val@U?$_Tree_simple_types@U?$pair@QEBDUsTextureDef@CSimpleSprite@@@std@@@std@@@2@$00@2@$00@std@@QEBAAEBU?$less@PEBD@2@XZ 0000000140023690 f i Framework:SimpleSprite.obj
 0002:000126f0       ?_Get_first@?$_Compressed_pair@V?$allocator@U?$_Tree_node@U?$pair@QEBDUsTextureDef@CSimpleSprite@@@std@@PEAX@std@@@std@@V?$_Tree_val@U?$_Tree_simple_types@U?$pair@QEBDUsTextureDef@CSimpleSprite@@@std@@@std@@@2@$00@std@@QEAAAEAV?$allocator@U?$_Tree_node@U?$pair@QEBDUsTextureDef@CSimpleSprite@@@std@@PEAX@std@@@2@XZ 00000001400236f0 f i Framework:SimpleSprite.obj
 0002:00012750       ?_Get_first@?$_Compressed_pair@V?$allocator@U?$_Tree_node@U?$pair@QEBDUsTextureDef@CSimpleSprite@@@std@@PEAX@std@@@std@@V?$_Tree_val@U?$_Tree_simple_types@U?$pair@QEBDUsTextureDef@CSimpleSprite@@@std@@@std@@@2@$00@std@@QEBAAEBV?$allocator@U?$_Tree_node@U?$pair@QEBDUsTextureDef@CSimpleSprite@@@std@@PEAX@std@@@2@XZ 0000000140023750 f i Framework:SimpleSprite.obj
 0002:000127b0       ?_Get_scary@?$_Tree@V?$_Tmap_traits@PEBDUsTextureDef@CSimpleSprite@@U?$less@PEBD@std@@V?$allocator@U?$pair@QEBDUsTextureDef@CSimpleSprite@@@std@@@4@$0A@@std@@@std@@IEAAPEAV?$_Tree_val@U?$_Tree_simple_types@U?$pair@QEBDUsTextureDef@CSimpleSprite@@@std@@@std@@@2@XZ 00000001400237b0 f i Framework:SimpleSprite.obj
 0002:00012820       ?_Get_scary@?$_Tree@V?$_Tmap_traits@PEBDUsTextureDef@CSimpleSprite@@U?$less@PEBD@std@@V?$allocator@U?$pair@QEBDUsTextureDef@CSimpleSprite@@@std@@@4@$0A@@std@@@std@@IEBAPEBV?$_Tree_val@U?$_Tree_simple_types@U?$pair@QEBDUsTextureDef@CSimpleSprite@@@std@@@std@@@2@XZ 0000000140023820 f i Framework:SimpleSprite.obj
 0002:00012890       ?_Getal@?$_Tree@V?$_Tmap_traits@PEBDUsTextureDef@CSimpleSprite@@U?$less@PEBD@std@@V?$allocator@U?$pair@QEBDUsTextureDef@CSimpleSprite@@@std@@@4@$0A@@std@@@std@@IEAAAEAV?$allocator@U?$_Tree_node@U?$pair@QEBDUsTextureDef@CSimpleSprite@@@std@@PEAX@std@@@2@XZ 0000000140023890 f i Framework:SimpleSprite.obj
 0002:00012900       ?_Getal@?$_Tree@V?$_Tmap_traits@PEBDUsTextureDef@CSimpleSprite@@U?$less@PEBD@std@@V?$allocator@U?$pair@QEBDUsTextureDef@CSimpleSprite@@@std@@@4@$0A@@std@@@std@@IEBAAEBV?$allocator@U?$_Tree_node@U?$pair@QEBDUsTextureDef@CSimpleSprite@@@std@@PEAX@std@@@2@XZ 0000000140023900 f i Framework:SimpleSprite.obj
 0002:00012970       ?_Getcomp@?$_Tree@V?$_Tmap_traits@PEBDUsTextureDef@CSimpleSprite@@U?$less@PEBD@std@@V?$allocator@U?$pair@QEBDUsTextureDef@CSimpleSprite@@@std@@@4@$0A@@std@@@std@@IEBAAEBU?$less@PEBD@2@XZ 0000000140023970 f i Framework:SimpleSprite.obj
 0002:000129e0       ?_Getcont@_Iterator_base12@std@@QEBAPEBU_Container_base12@2@XZ 00000001400239e0 f i Framework:SimpleSprite.obj
 0002:00012a80       ?_Insert_node@?$_Tree_val@U?$_Tree_simple_types@U?$pair@QEBDUsTextureDef@CSimpleSprite@@@std@@@std@@@std@@QEAAPEAU?$_Tree_node@U?$pair@QEBDUsTextureDef@CSimpleSprite@@@std@@PEAX@2@U?$_Tree_id@PEAU?$_Tree_node@U?$pair@QEBDUsTextureDef@CSimpleSprite@@@std@@PEAX@std@@@2@QEAU32@@Z 0000000140023a80 f i Framework:SimpleSprite.obj
 0002:00012e70       ?_Lrotate@?$_Tree_val@U?$_Tree_simple_types@U?$pair@QEBDUsTextureDef@CSimpleSprite@@@std@@@std@@@std@@QEAAXPEAU?$_Tree_node@U?$pair@QEBDUsTextureDef@CSimpleSprite@@@std@@PEAX@2@@Z 0000000140023e70 f i Framework:SimpleSprite.obj
 0002:00012fe0       ?_Orphan_me@_Iterator_base12@std@@QEAAXXZ 0000000140023fe0 f i Framework:SimpleSprite.obj
 0002:00013160       ?_Release@?$_Alloc_construct_ptr@V?$allocator@U?$_Tree_node@U?$pair@QEBDUsTextureDef@CSimpleSprite@@@std@@PEAX@std@@@std@@@std@@QEAAPEAU?$_Tree_node@U?$pair@QEBDUsTextureDef@CSimpleSprite@@@std@@PEAX@2@XZ 0000000140024160 f i Framework:SimpleSprite.obj
 0002:000131e0       ?_Rrotate@?$_Tree_val@U?$_Tree_simple_types@U?$pair@QEBDUsTextureDef@CSimpleSprite@@@std@@@std@@@std@@QEAAXPEAU?$_Tree_node@U?$pair@QEBDUsTextureDef@CSimpleSprite@@@std@@PEAX@2@@Z 00000001400241e0 f i Framework:SimpleSprite.obj
 0002:00013350       ?_Throw_tree_length_error@std@@YAXXZ 0000000140024350 f i Framework:SimpleSprite.obj
 0002:000133a0       ?__autoclassinit2@?$map@PEBDUsTextureDef@CSimpleSprite@@U?$less@PEBD@std@@V?$allocator@U?$pair@QEBDUsTextureDef@CSimpleSprite@@@std@@@4@@std@@QEAAX_K@Z 00000001400243a0 f i Framework:SimpleSprite.obj
 0002:00013400       ?allocate@?$allocator@U?$_Tree_node@U?$pair@QEBDUsTextureDef@CSimpleSprite@@@std@@PEAX@std@@@std@@QEAAPEAU?$_Tree_node@U?$pair@QEBDUsTextureDef@CSimpleSprite@@@std@@PEAX@2@_K@Z 0000000140024400 f i Framework:SimpleSprite.obj
 0002:00013470       ?deallocate@?$_Default_allocator_traits@V?$allocator@U?$_Tree_node@U?$pair@QEBDUsTextureDef@CSimpleSprite@@@std@@PEAX@std@@@std@@@std@@SAXAEAV?$allocator@U?$_Tree_node@U?$pair@QEBDUsTextureDef@CSimpleSprite@@@std@@PEAX@std@@@2@QEAU?$_Tree_node@U?$pair@QEBDUsTextureDef@CSimpleSprite@@@std@@PEAX@2@_K@Z 0000000140024470 f i Framework:SimpleSprite.obj
 0002:000134f0       ?deallocate@?$allocator@U?$_Tree_node@U?$pair@QEBDUsTextureDef@CSimpleSprite@@@std@@PEAX@std@@@std@@QEAAXQEAU?$_Tree_node@U?$pair@QEBDUsTextureDef@CSimpleSprite@@@std@@PEAX@2@_K@Z 00000001400244f0 f i Framework:SimpleSprite.obj
 0002:00013570       ?end@?$_Tree@V?$_Tmap_traits@PEBDUsTextureDef@CSimpleSprite@@U?$less@PEBD@std@@V?$allocator@U?$pair@QEBDUsTextureDef@CSimpleSprite@@@std@@@4@$0A@@std@@@std@@QEAA?AV?$_Tree_iterator@V?$_Tree_val@U?$_Tree_simple_types@U?$pair@QEBDUsTextureDef@CSimpleSprite@@@std@@@std@@@std@@@2@XZ 0000000140024570 f i Framework:SimpleSprite.obj
 0002:00013610       ?find@?$_Tree@V?$_Tmap_traits@PEBDUsTextureDef@CSimpleSprite@@U?$less@PEBD@std@@V?$allocator@U?$pair@QEBDUsTextureDef@CSimpleSprite@@@std@@@4@$0A@@std@@@std@@QEAA?AV?$_Tree_iterator@V?$_Tree_val@U?$_Tree_simple_types@U?$pair@QEBDUsTextureDef@CSimpleSprite@@@std@@@std@@@std@@@2@AEBQEBD@Z 0000000140024610 f i Framework:SimpleSprite.obj
 0002:000136f0       ?max_size@?$_Default_allocator_traits@V?$allocator@U?$_Tree_node@U?$pair@QEBDUsTextureDef@CSimpleSprite@@@std@@PEAX@std@@@std@@@std@@SA_KAEBV?$allocator@U?$_Tree_node@U?$pair@QEBDUsTextureDef@CSimpleSprite@@@std@@PEAX@std@@@2@@Z 00000001400246f0 f i Framework:SimpleSprite.obj
 0002:00013750       ?max_size@?$_Tree@V?$_Tmap_traits@PEBDUsTextureDef@CSimpleSprite@@U?$less@PEBD@std@@V?$allocator@U?$pair@QEBDUsTextureDef@CSimpleSprite@@@std@@@4@$0A@@std@@@std@@QEBA_KXZ 0000000140024750 f i Framework:SimpleSprite.obj
 0002:00013800       ??0CController@@QEAA@XZ    0000000140024800 f i Framework:SimpleController.obj
 0002:000138b0       ??0CSimpleControllers@@QEAA@XZ 00000001400248b0 f i Framework:SimpleController.obj
 0002:00013920       ??_H@YAXPEAX_K1P6APEAX0@Z@Z 0000000140024920 f i Framework:SimpleController.obj
 0002:00013a10       ?GetInstance@CSimpleControllers@@SAAEAV1@XZ 0000000140024a10 f   Framework:SimpleController.obj
 0002:00013ad0       ?Update@CSimpleControllers@@QEAAXXZ 0000000140024ad0 f   Framework:SimpleController.obj
 0002:000143b0       ??$?0$$V@?$_Compressed_pair@V?$allocator@U?$_Tree_node@U?$pair@QEBDPEAUIDirectSoundBuffer8@@@std@@PEAX@std@@@std@@V?$_Tree_val@U?$_Tree_simple_types@U?$pair@QEBDPEAUIDirectSoundBuffer8@@@std@@@std@@@2@$00@std@@QEAA@U_Zero_then_variadic_args_t@1@@Z 00000001400253b0 f i Framework:SimpleSound.obj
 0002:00014430       ??$?0AEBQEAU?$_Tree_node@U?$pair@QEBDPEAUIDirectSoundBuffer8@@@std@@PEAX@std@@_N$0A@@?$pair@PEAU?$_Tree_node@U?$pair@QEBDPEAUIDirectSoundBuffer8@@@std@@PEAX@std@@_N@std@@QEAA@AEBQEAU?$_Tree_node@U?$pair@QEBDPEAUIDirectSoundBuffer8@@@std@@PEAX@1@$$QEA_N@Z 0000000140025430 f i Framework:SimpleSound.obj
 0002:000144e0       ??$?0AEBQEBD$$Z$$V@?$pair@QEBDPEAUIDirectSoundBuffer8@@@std@@QEAA@Upiecewise_construct_t@1@V?$tuple@AEBQEBD@1@V?$tuple@$$V@1@@Z 00000001400254e0 f i Framework:SimpleSound.obj
 0002:00014590       ??$?0AEBU?$less@PEBD@std@@U_Zero_then_variadic_args_t@1@@?$_Compressed_pair@U?$less@PEBD@std@@V?$_Compressed_pair@V?$allocator@U?$_Tree_node@U?$pair@QEBDPEAUIDirectSoundBuffer8@@@std@@PEAX@std@@@std@@V?$_Tree_val@U?$_Tree_simple_types@U?$pair@QEBDPEAUIDirectSoundBuffer8@@@std@@@std@@@2@$00@2@$00@std@@QEAA@U_One_then_variadic_args_t@1@AEBU?$less@PEBD@1@$$QEAU_Zero_then_variadic_args_t@1@@Z 0000000140025590 f i Framework:SimpleSound.obj
 0002:00014630       ??$?0AEBUpiecewise_construct_t@std@@V?$tuple@AEBQEBD@1@V?$tuple@$$V@1@@?$_Tree_temp_node@V?$allocator@U?$_Tree_node@U?$pair@QEBDPEAUIDirectSoundBuffer8@@@std@@PEAX@std@@@std@@@std@@QEAA@AEAV?$allocator@U?$_Tree_node@U?$pair@QEBDPEAUIDirectSoundBuffer8@@@std@@PEAX@std@@@1@PEAU?$_Tree_node@U?$pair@QEBDPEAUIDirectSoundBuffer8@@@std@@PEAX@1@AEBUpiecewise_construct_t@1@$$QEAV?$tuple@AEBQEBD@1@$$QEAV?$tuple@$$V@1@@Z 0000000140025630 f i Framework:SimpleSound.obj
 0002:000147f0       ??$?0PEAU?$_Tree_node@U?$pair@QEBDPEAUIDirectSoundBuffer8@@@std@@PEAX@std@@_N$0A@@?$pair@PEAU?$_Tree_node@U?$pair@QEBDPEAUIDirectSoundBuffer8@@@std@@PEAX@std@@_N@std@@QEAA@$$QEAPEAU?$_Tree_node@U?$pair@QEBDPEAUIDirectSoundBuffer8@@@std@@PEAX@1@$$QEA_N@Z 00000001400257f0 f i Framework:SimpleSound.obj
 0002:000148a0       ??$?0U?$_Tree_node@U?$pair@QEBDPEAUIDirectSoundBuffer8@@@std@@PEAX@std@@@?$allocator@U_Container_proxy@std@@@std@@QEAA@AEBV?$allocator@U?$_Tree_node@U?$pair@QEBDPEAUIDirectSoundBuffer8@@@std@@PEAX@std@@@1@@Z 00000001400258a0 f i Framework:SimpleSound.obj
 0002:00014900       ??$?0V?$tuple@AEBQEBD@std@@V?$tuple@$$V@1@$0A@$$Z$S@?$pair@QEBDPEAUIDirectSoundBuffer8@@@std@@QEAA@AEAV?$tuple@AEBQEBD@1@AEAV?$tuple@$$V@1@U?$integer_sequence@_K$0A@@1@U?$integer_sequence@_K$S@1@@Z 0000000140025900 f i Framework:SimpleSound.obj
 0002:000149b0       ??$_Buyheadnode@V?$allocator@U?$_Tree_node@U?$pair@QEBDPEAUIDirectSoundBuffer8@@@std@@PEAX@std@@@std@@@?$_Tree_node@U?$pair@QEBDPEAUIDirectSoundBuffer8@@@std@@PEAX@std@@SAPEAU01@AEAV?$allocator@U?$_Tree_node@U?$pair@QEBDPEAUIDirectSoundBuffer8@@@std@@PEAX@std@@@1@@Z 00000001400259b0 f i Framework:SimpleSound.obj
 0002:00014ac0       ??$_Construct_in_place@PEAU?$_Tree_node@U?$pair@QEBDPEAUIDirectSoundBuffer8@@@std@@PEAX@std@@AEAPEAU12@@std@@YAXAEAPEAU?$_Tree_node@U?$pair@QEBDPEAUIDirectSoundBuffer8@@@std@@PEAX@0@0@Z 0000000140025ac0 f i Framework:SimpleSound.obj
 0002:00014b70       ??$_Construct_in_place@PEAU?$_Tree_node@U?$pair@QEBDPEAUIDirectSoundBuffer8@@@std@@PEAX@std@@AEBQEAU12@@std@@YAXAEAPEAU?$_Tree_node@U?$pair@QEBDPEAUIDirectSoundBuffer8@@@std@@PEAX@0@AEBQEAU10@@Z 0000000140025b70 f i Framework:SimpleSound.obj
 0002:00014c20       ??$_Destroy_in_place@PEAU?$_Tree_node@U?$pair@QEBDPEAUIDirectSoundBuffer8@@@std@@PEAX@std@@@std@@YAXAEAPEAU?$_Tree_node@U?$pair@QEBDPEAUIDirectSoundBuffer8@@@std@@PEAX@0@@Z 0000000140025c20 f i Framework:SimpleSound.obj
 0002:00014c80       ??$_Erase_head@V?$allocator@U?$_Tree_node@U?$pair@QEBDPEAUIDirectSoundBuffer8@@@std@@PEAX@std@@@std@@@?$_Tree_val@U?$_Tree_simple_types@U?$pair@QEBDPEAUIDirectSoundBuffer8@@@std@@@std@@@std@@QEAAXAEAV?$allocator@U?$_Tree_node@U?$pair@QEBDPEAUIDirectSoundBuffer8@@@std@@PEAX@std@@@1@@Z 0000000140025c80 f i Framework:SimpleSound.obj
 0002:00014d40       ??$_Erase_tree@V?$allocator@U?$_Tree_node@U?$pair@QEBDPEAUIDirectSoundBuffer8@@@std@@PEAX@std@@@std@@@?$_Tree_val@U?$_Tree_simple_types@U?$pair@QEBDPEAUIDirectSoundBuffer8@@@std@@@std@@@std@@QEAAXAEAV?$allocator@U?$_Tree_node@U?$pair@QEBDPEAUIDirectSoundBuffer8@@@std@@PEAX@std@@@1@PEAU?$_Tree_node@U?$pair@QEBDPEAUIDirectSoundBuffer8@@@std@@PEAX@1@@Z 0000000140025d40 f i Framework:SimpleSound.obj
 0002:00014e10       ??$_Find_lower_bound@PEBD@?$_Tree@V?$_Tmap_traits@PEBDPEAUIDirectSoundBuffer8@@U?$less@PEBD@std@@V?$allocator@U?$pair@QEBDPEAUIDirectSoundBuffer8@@@std@@@3@$0A@@std@@@std@@IEBA?AU?$_Tree_find_result@PEAU?$_Tree_node@U?$pair@QEBDPEAUIDirectSoundBuffer8@@@std@@PEAX@std@@@1@AEBQEBD@Z 0000000140025e10 f i Framework:SimpleSound.obj
 0002:00014fd0       ??$_Freenode0@V?$allocator@U?$_Tree_node@U?$pair@QEBDPEAUIDirectSoundBuffer8@@@std@@PEAX@std@@@std@@@?$_Tree_node@U?$pair@QEBDPEAUIDirectSoundBuffer8@@@std@@PEAX@std@@SAXAEAV?$allocator@U?$_Tree_node@U?$pair@QEBDPEAUIDirectSoundBuffer8@@@std@@PEAX@std@@@1@PEAU01@@Z 0000000140025fd0 f i Framework:SimpleSound.obj
 0002:00015090       ??$_Freenode@V?$allocator@U?$_Tree_node@U?$pair@QEBDPEAUIDirectSoundBuffer8@@@std@@PEAX@std@@@std@@@?$_Tree_node@U?$pair@QEBDPEAUIDirectSoundBuffer8@@@std@@PEAX@std@@SAXAEAV?$allocator@U?$_Tree_node@U?$pair@QEBDPEAUIDirectSoundBuffer8@@@std@@PEAX@std@@@1@PEAU01@@Z 0000000140026090 f i Framework:SimpleSound.obj
 0002:00015130       ??$_Get_size_of_n@$0DA@@std@@YA_K_K@Z 0000000140026130 f i Framework:SimpleSound.obj
 0002:000151c0       ??$_Kfn@QEBDPEAUIDirectSoundBuffer8@@@?$_Tmap_traits@PEBDPEAUIDirectSoundBuffer8@@U?$less@PEBD@std@@V?$allocator@U?$pair@QEBDPEAUIDirectSoundBuffer8@@@std@@@3@$0A@@std@@SAAEBQEBDAEBU?$pair@QEBDPEAUIDirectSoundBuffer8@@@1@@Z 00000001400261c0 f i Framework:SimpleSound.obj
 0002:00015220       ??$_Lower_bound_duplicate@PEBD@?$_Tree@V?$_Tmap_traits@PEBDPEAUIDirectSoundBuffer8@@U?$less@PEBD@std@@V?$allocator@U?$pair@QEBDPEAUIDirectSoundBuffer8@@@std@@@3@$0A@@std@@@std@@IEBA_NQEAU?$_Tree_node@U?$pair@QEBDPEAUIDirectSoundBuffer8@@@std@@PEAX@1@AEBQEBD@Z 0000000140026220 f i Framework:SimpleSound.obj
 0002:00015310       ??$_Try_emplace@AEBQEBD$$V@?$map@PEBDPEAUIDirectSoundBuffer8@@U?$less@PEBD@std@@V?$allocator@U?$pair@QEBDPEAUIDirectSoundBuffer8@@@std@@@3@@std@@AEAA?AU?$pair@PEAU?$_Tree_node@U?$pair@QEBDPEAUIDirectSoundBuffer8@@@std@@PEAX@std@@_N@1@AEBQEBD@Z 0000000140026310 f i Framework:SimpleSound.obj
 0002:00015580       ??$addressof@$$CBV?$_Tree_val@U?$_Tree_simple_types@U?$pair@QEBDPEAUIDirectSoundBuffer8@@@std@@@std@@@std@@@std@@YAPEBV?$_Tree_val@U?$_Tree_simple_types@U?$pair@QEBDPEAUIDirectSoundBuffer8@@@std@@@std@@@0@AEBV10@@Z 0000000140026580 f i Framework:SimpleSound.obj
 0002:000155e0       ??$addressof@PEAU?$_Tree_node@U?$pair@QEBDPEAUIDirectSoundBuffer8@@@std@@PEAX@std@@@std@@YAPEAPEAU?$_Tree_node@U?$pair@QEBDPEAUIDirectSoundBuffer8@@@std@@PEAX@0@AEAPEAU10@@Z 00000001400265e0 f i Framework:SimpleSound.obj
 0002:00015640       ??$addressof@U?$pair@QEBDPEAUIDirectSoundBuffer8@@@std@@@std@@YAPEAU?$pair@QEBDPEAUIDirectSoundBuffer8@@@0@AEAU10@@Z 0000000140026640 f i Framework:SimpleSound.obj
 0002:000156a0       ??$addressof@V?$_Tree_val@U?$_Tree_simple_types@U?$pair@QEBDPEAUIDirectSoundBuffer8@@@std@@@std@@@std@@@std@@YAPEAV?$_Tree_val@U?$_Tree_simple_types@U?$pair@QEBDPEAUIDirectSoundBuffer8@@@std@@@std@@@0@AEAV10@@Z 00000001400266a0 f i Framework:SimpleSound.obj
 0002:00015700       ??$construct@U?$pair@QEBDPEAUIDirectSoundBuffer8@@@std@@AEBUpiecewise_construct_t@2@V?$tuple@AEBQEBD@2@V?$tuple@$$V@2@@?$_Default_allocator_traits@V?$allocator@U?$_Tree_node@U?$pair@QEBDPEAUIDirectSoundBuffer8@@@std@@PEAX@std@@@std@@@std@@SAXAEAV?$allocator@U?$_Tree_node@U?$pair@QEBDPEAUIDirectSoundBuffer8@@@std@@PEAX@std@@@1@QEAU?$pair@QEBDPEAUIDirectSoundBuffer8@@@1@AEBUpiecewise_construct_t@1@$$QEAV?$tuple@AEBQEBD@1@$$QEAV?$tuple@$$V@1@@Z 0000000140026700 f i Framework:SimpleSound.obj
 0002:00015840       ??$destroy@U?$pair@QEBDPEAUIDirectSoundBuffer8@@@std@@@?$_Default_allocator_traits@V?$allocator@U?$_Tree_node@U?$pair@QEBDPEAUIDirectSoundBuffer8@@@std@@PEAX@std@@@std@@@std@@SAXAEAV?$allocator@U?$_Tree_node@U?$pair@QEBDPEAUIDirectSoundBuffer8@@@std@@PEAX@std@@@1@QEAU?$pair@QEBDPEAUIDirectSoundBuffer8@@@1@@Z 0000000140026840 f i Framework:SimpleSound.obj
 0002:000158a0       ??$exchange@PEAU?$_Tree_node@U?$pair@QEBDPEAUIDirectSoundBuffer8@@@std@@PEAX@std@@$$T@std@@YAPEAU?$_Tree_node@U?$pair@QEBDPEAUIDirectSoundBuffer8@@@std@@PEAX@0@AEAPEAU10@$$QEA$$T@Z 00000001400268a0 f i Framework:SimpleSound.obj
 0002:00015930       ??$exchange@PEAU?$_Tree_node@U?$pair@QEBDPEAUIDirectSoundBuffer8@@@std@@PEAX@std@@AEAPEAU12@@std@@YAPEAU?$_Tree_node@U?$pair@QEBDPEAUIDirectSoundBuffer8@@@std@@PEAX@0@AEAPEAU10@0@Z 0000000140026930 f i Framework:SimpleSound.obj
 0002:000159c0       ??$forward@AEAPEAU?$_Tree_node@U?$pair@QEBDPEAUIDirectSoundBuffer8@@@std@@PEAX@std@@@std@@YAAEAPEAU?$_Tree_node@U?$pair@QEBDPEAUIDirectSoundBuffer8@@@std@@PEAX@0@AEAPEAU10@@Z 00000001400269c0 f i Framework:SimpleSound.obj
 0002:00015a20       ??$forward@AEBQEAU?$_Tree_node@U?$pair@QEBDPEAUIDirectSoundBuffer8@@@std@@PEAX@std@@@std@@YAAEBQEAU?$_Tree_node@U?$pair@QEBDPEAUIDirectSoundBuffer8@@@std@@PEAX@0@AEBQEAU10@@Z 0000000140026a20 f i Framework:SimpleSound.obj
 0002:00015a80       ??$forward@PEAU?$_Tree_node@U?$pair@QEBDPEAUIDirectSoundBuffer8@@@std@@PEAX@std@@@std@@YA$$QEAPEAU?$_Tree_node@U?$pair@QEBDPEAUIDirectSoundBuffer8@@@std@@PEAX@0@AEAPEAU10@@Z 0000000140026a80 f i Framework:SimpleSound.obj
 0002:00015ae0       ??0?$_Alloc_construct_ptr@V?$allocator@U?$_Tree_node@U?$pair@QEBDPEAUIDirectSoundBuffer8@@@std@@PEAX@std@@@std@@@std@@QEAA@AEAV?$allocator@U?$_Tree_node@U?$pair@QEBDPEAUIDirectSoundBuffer8@@@std@@PEAX@std@@@1@@Z 0000000140026ae0 f i Framework:SimpleSound.obj
 0002:00015b70       ??0?$_Tree@V?$_Tmap_traits@PEBDPEAUIDirectSoundBuffer8@@U?$less@PEBD@std@@V?$allocator@U?$pair@QEBDPEAUIDirectSoundBuffer8@@@std@@@3@$0A@@std@@@std@@QEAA@AEBU?$less@PEBD@1@@Z 0000000140026b70 f i Framework:SimpleSound.obj
 0002:00015c10       ??0?$_Tree_temp_node_alloc@V?$allocator@U?$_Tree_node@U?$pair@QEBDPEAUIDirectSoundBuffer8@@@std@@PEAX@std@@@std@@@std@@QEAA@AEAV?$allocator@U?$_Tree_node@U?$pair@QEBDPEAUIDirectSoundBuffer8@@@std@@PEAX@std@@@1@@Z 0000000140026c10 f i Framework:SimpleSound.obj
 0002:00015ca0       ??0?$_Tree_unchecked_const_iterator@V?$_Tree_val@U?$_Tree_simple_types@U?$pair@QEBDPEAUIDirectSoundBuffer8@@@std@@@std@@@std@@U_Iterator_base0@2@@std@@QEAA@PEAU?$_Tree_node@U?$pair@QEBDPEAUIDirectSoundBuffer8@@@std@@PEAX@1@PEBV?$_Tree_val@U?$_Tree_simple_types@U?$pair@QEBDPEAUIDirectSoundBuffer8@@@std@@@std@@@1@@Z 0000000140026ca0 f i Framework:SimpleSound.obj
 0002:00015d40       ??0?$_Tree_unchecked_iterator@V?$_Tree_val@U?$_Tree_simple_types@U?$pair@QEBDPEAUIDirectSoundBuffer8@@@std@@@std@@@std@@@std@@QEAA@PEAU?$_Tree_node@U?$pair@QEBDPEAUIDirectSoundBuffer8@@@std@@PEAX@1@PEBV?$_Tree_val@U?$_Tree_simple_types@U?$pair@QEBDPEAUIDirectSoundBuffer8@@@std@@@std@@@1@@Z 0000000140026d40 f i Framework:SimpleSound.obj
 0002:00015dd0       ??0?$_Tree_val@U?$_Tree_simple_types@U?$pair@QEBDPEAUIDirectSoundBuffer8@@@std@@@std@@@std@@QEAA@XZ 0000000140026dd0 f i Framework:SimpleSound.obj
 0002:00015e60       ??0?$allocator@U?$_Tree_node@U?$pair@QEBDPEAUIDirectSoundBuffer8@@@std@@PEAX@std@@@std@@QEAA@XZ 0000000140026e60 f i Framework:SimpleSound.obj
 0002:00015ec0       ??0?$map@PEBDPEAUIDirectSoundBuffer8@@U?$less@PEBD@std@@V?$allocator@U?$pair@QEBDPEAUIDirectSoundBuffer8@@@std@@@3@@std@@QEAA@XZ 0000000140026ec0 f i Framework:SimpleSound.obj
 0002:00015f30       ??0CSimpleSound@@QEAA@XZ   0000000140026f30 f   Framework:SimpleSound.obj
 0002:00015fd0       ??1?$_Alloc_construct_ptr@V?$allocator@U?$_Tree_node@U?$pair@QEBDPEAUIDirectSoundBuffer8@@@std@@PEAX@std@@@std@@@std@@QEAA@XZ 0000000140026fd0 f i Framework:SimpleSound.obj
 0002:00016060       ??1?$_Tree@V?$_Tmap_traits@PEBDPEAUIDirectSoundBuffer8@@U?$less@PEBD@std@@V?$allocator@U?$pair@QEBDPEAUIDirectSoundBuffer8@@@std@@@3@$0A@@std@@@std@@QEAA@XZ 0000000140027060 f i Framework:SimpleSound.obj
 0002:00016170       ??1?$_Tree_temp_node@V?$allocator@U?$_Tree_node@U?$pair@QEBDPEAUIDirectSoundBuffer8@@@std@@PEAX@std@@@std@@@std@@QEAA@XZ 0000000140027170 f i Framework:SimpleSound.obj
 0002:00016270       ??1?$_Tree_temp_node_alloc@V?$allocator@U?$_Tree_node@U?$pair@QEBDPEAUIDirectSoundBuffer8@@@std@@PEAX@std@@@std@@@std@@QEAA@XZ 0000000140027270 f i Framework:SimpleSound.obj
 0002:000162c0       ??1?$map@PEBDPEAUIDirectSoundBuffer8@@U?$less@PEBD@std@@V?$allocator@U?$pair@QEBDPEAUIDirectSoundBuffer8@@@std@@@3@@std@@QEAA@XZ 00000001400272c0 f i Framework:SimpleSound.obj
 0002:00016310       ??1CSimpleSound@@QEAA@XZ   0000000140027310 f   Framework:SimpleSound.obj
 0002:00016390       ??9?$_Tree_unchecked_const_iterator@V?$_Tree_val@U?$_Tree_simple_types@U?$pair@QEBDPEAUIDirectSoundBuffer8@@@std@@@std@@@std@@U_Iterator_base0@2@@std@@QEBA_NU_Default_sentinel@1@@Z 0000000140027390 f i Framework:SimpleSound.obj
 0002:00016430       ??A?$map@PEBDPEAUIDirectSoundBuffer8@@U?$less@PEBD@std@@V?$allocator@U?$pair@QEBDPEAUIDirectSoundBuffer8@@@std@@@3@@std@@QEAAAEAPEAUIDirectSoundBuffer8@@AEBQEBD@Z 0000000140027430 f i Framework:SimpleSound.obj
 0002:000164b0       ??D?$_Tree_unchecked_const_iterator@V?$_Tree_val@U?$_Tree_simple_types@U?$pair@QEBDPEAUIDirectSoundBuffer8@@@std@@@std@@@std@@U_Iterator_base0@2@@std@@QEBAAEBU?$pair@QEBDPEAUIDirectSoundBuffer8@@@1@XZ 00000001400274b0 f i Framework:SimpleSound.obj
 0002:00016520       ??D?$_Tree_unchecked_iterator@V?$_Tree_val@U?$_Tree_simple_types@U?$pair@QEBDPEAUIDirectSoundBuffer8@@@std@@@std@@@std@@@std@@QEBAAEAU?$pair@QEBDPEAUIDirectSoundBuffer8@@@1@XZ 0000000140027520 f i Framework:SimpleSound.obj
 0002:00016580       ??E?$_Tree_unchecked_const_iterator@V?$_Tree_val@U?$_Tree_simple_types@U?$pair@QEBDPEAUIDirectSoundBuffer8@@@std@@@std@@@std@@U_Iterator_base0@2@@std@@QEAAAEAV01@XZ 0000000140027580 f i Framework:SimpleSound.obj
 0002:00016680       ??E?$_Tree_unchecked_iterator@V?$_Tree_val@U?$_Tree_simple_types@U?$pair@QEBDPEAUIDirectSoundBuffer8@@@std@@@std@@@std@@@std@@QEAAAEAV01@XZ 0000000140027680 f i Framework:SimpleSound.obj
 0002:000166f0       ?GetInstance@CSimpleSound@@SAAEAV1@XZ 00000001400276f0 f   Framework:SimpleSound.obj
 0002:000167d0       ?Initialize@CSimpleSound@@QEAA_NPEAUHWND__@@@Z 00000001400277d0 f   Framework:SimpleSound.obj
 0002:00016840       ?InitializeDirectSound@CSimpleSound@@AEAA_NPEAUHWND__@@@Z 0000000140027840 f   Framework:SimpleSound.obj
 0002:00016ab0       ?IsPlaying@CSimpleSound@@QEAA_NPEBD@Z 0000000140027ab0 f   Framework:SimpleSound.obj
 0002:00016c00       ?LoadWaveFile@CSimpleSound@@AEAA_NPEBD@Z 0000000140027c00 f   Framework:SimpleSound.obj
 0002:000172c0       ?Shutdown@CSimpleSound@@QEAAXXZ 00000001400282c0 f   Framework:SimpleSound.obj
 0002:00017420       ?ShutdownDirectSound@CSimpleSound@@AEAAXXZ 0000000140028420 f   Framework:SimpleSound.obj
 0002:00017500       ?StartSound@CSimpleSound@@QEAA_NPEBDK@Z 0000000140028500 f   Framework:SimpleSound.obj
 0002:00017710       ?StopSound@CSimpleSound@@QEAA_NPEBD@Z 0000000140028710 f   Framework:SimpleSound.obj
[...]
 0007:000001a4       __D17CECDD_ios             000000014004c1a4     Framework:main.obj
 0007:000001a5       __4C468533_string          000000014004c1a5     Framework:main.obj
 0007:000001a6       __B29016BD_freeglut_std@h  000000014004c1a6     Framework:main.obj
 0007:000001a7       __FFE5D6BC_SimpleController@h 000000014004c1a7     Framework:main.obj
 0007:000001a8       __CC282F90_tuple           000000014004c1a8     Framework:main.obj
 0007:000001a9       __6322CAD3_xtree           000000014004c1a9     Framework:main.obj
 0007:000001aa       __AECE6B31_SimpleSprite@h  000000014004c1aa     Framework:main.obj
 0007:000001ab       __C641C6F0_main@cpp        000000014004c1ab     Framework:main.obj
 0007:000001ac       __0063A417_istream         000000014004c1ac     Framework:main.obj
 0007:000001ad       __63B3912D_ostream         000000014004c1ad     Framework:main.obj
 0007:000001ae       __D8833270_streambuf       000000014004c1ae     Framework:main.obj
 0007:000001af       __48D2DAA7_iosfwd          000000014004c1af     Framework:main.obj
 0007:000001b0       __B1DBDA87_utility         000000014004c1b0     Framework:main.obj
 0007:000001b1       __59613C47_xatomic@h       000000014004c1b1     Framework:main.obj
 0007:000001b2       __46C44D95_xstddef         000000014004c1b2     Framework:main.obj
 0007:000001c0       __23AD7809_corecrt_stdio_config@h 000000014004c1c0     Framework:app.obj
 0007:000001c1       __DD74D44A_corecrt_wstdio@h 000000014004c1c1     Framework:app.obj
 0007:000001c2       __4B3541EE_stdio@h         000000014004c1c2     Framework:app.obj
 0007:000001c3       __82CA083D_corecrt_memcpy_s@h 000000014004c1c3     Framework:app.obj
 0007:000001c4       __F8BB3D43_corecrt_memory@h 000000014004c1c4     Framework:app.obj
 0007:000001c5       __61E6ED1F_corecrt_wstring@h 000000014004c1c5     Framework:app.obj
 0007:000001c6       __B0CBCB7B_string@h        000000014004c1c6     Framework:app.obj
 0007:000001c7       __FF61FF39_mbstring@h      000000014004c1c7     Framework:app.obj
 0007:000001c8       __84FBB88E_tchar@h         000000014004c1c8     Framework:app.obj
 0007:000001c9       __0A074437_vcruntime_new@h 000000014004c1c9     Framework:app.obj
 0007:000001ca       __990BA27D_corecrt_wconio@h 000000014004c1ca     Framework:app.obj
 0007:000001cb       __D837D19F_corecrt_wio@h   000000014004c1cb     Framework:app.obj
 0007:000001cc       __FE12CC83_corecrt_wtime@h 000000014004c1cc     Framework:app.obj
 0007:000001cd       __01EE68DC_stat@h          000000014004c1cd     Framework:app.obj
 0007:000001ce       __B513A213_wchar@h         000000014004c1ce     Framework:app.obj
 0007:000001cf       __E410F33D_corecrt_math@h  000000014004c1cf     Framework:app.obj
 0007:000001d0       __36B85FDF_stdlib@h        000000014004c1d0     Framework:app.obj
 0007:000001d1       __86D65F0C_cstdlib         000000014004c1d1     Framework:app.obj
 0007:000001d2       __843B0F21_limits          000000014004c1d2     Framework:app.obj
 0007:000001d3       __FFC6471F_type_traits     000000014004c1d3     Framework:app.obj
 0007:000001d4       __A2957829_malloc@h        000000014004c1d4     Framework:app.obj
 0007:000001d5       __69245D52_vcruntime_exception@h 000000014004c1d5     Framework:app.obj
 0007:000001d6       __536DB091_exception       000000014004c1d6     Framework:app.obj
 0007:000001d7       __86E03ACD_xutility        000000014004c1d7     Framework:app.obj
 0007:000001d8       __DB4EB944_xmemory         000000014004c1d8     Framework:app.obj
 0007:000001d9       __AF9D3FD8_xstring         000000014004c1d9     Framework:app.obj
 0007:000001da       __941D13D0_ctype@h         000000014004c1da     Framework:app.obj
 0007:000001db       __4C468533_string          000000014004c1db     Framework:app.obj
 0007:000001dc       __DF6784BA_basetsd@h       000000014004c1dc     Framework:app.obj
 0007:000001dd       __73E5A5AE_guiddef@h       000000014004c1dd     Framework:app.obj
 0007:000001de       __20E88E2C_winnt@h         000000014004c1de     Framework:app.obj
 0007:000001df       __B0708975_processthreadsapi@h 000000014004c1df     Framework:app.obj
 0007:000001e0       __14D8E0CB_memoryapi@h     000000014004c1e0     Framework:app.obj
 0007:000001e1       __0A5E6AC9_winerror@h      000000014004c1e1     Framework:app.obj
 0007:000001e2       __95229982_winbase@h       000000014004c1e2     Framework:app.obj
 0007:000001e3       __FDCAD2F5_winuser@h       000000014004c1e3     Framework:app.obj
 0007:000001e4       __253F0A20_winioctl@h      000000014004c1e4     Framework:app.obj
 0007:000001e5       __CA946E7A_propidl@h       000000014004c1e5     Framework:app.obj
 0007:000001e6       __4B69DDF6_oleauto@h       000000014004c1e6     Framework:app.obj
 0007:000001e7       __7F05D861_stralign@h      000000014004c1e7     Framework:app.obj
 0007:000001e8       __B29016BD_freeglut_std@h  000000014004c1e8     Framework:app.obj
 0007:000001e9       __FFE5D6BC_SimpleController@h 000000014004c1e9     Framework:app.obj
 0007:000001ea       __CC282F90_tuple           000000014004c1ea     Framework:app.obj
 0007:000001eb       __6322CAD3_xtree           000000014004c1eb     Framework:app.obj
 0007:000001ec       __AECE6B31_SimpleSprite@h  000000014004c1ec     Framework:app.obj
 0007:000001ed       __AD7C0BCF_app@cpp         000000014004c1ed     Framework:app.obj
 0007:000001ee       __B1DBDA87_utility         000000014004c1ee     Framework:app.obj
 0007:000001ef       __46C44D95_xstddef         000000014004c1ef     Framework:app.obj
 0007:000001f9       __23AD7809_corecrt_stdio_config@h 000000014004c1f9     Framework:SimpleSprite.obj
 0007:000001fa       __DD74D44A_corecrt_wstdio@h 000000014004c1fa     Framework:SimpleSprite.obj
 0007:000001fb       __4B3541EE_stdio@h         000000014004c1fb     Framework:SimpleSprite.obj
 0007:000001fc       __82CA083D_corecrt_memcpy_s@h 000000014004c1fc     Framework:SimpleSprite.obj
 0007:000001fd       __F8BB3D43_corecrt_memory@h 000000014004c1fd     Framework:SimpleSprite.obj
 0007:000001fe       __61E6ED1F_corecrt_wstring@h 000000014004c1fe     Framework:SimpleSprite.obj
 0007:000001ff       __B0CBCB7B_string@h        000000014004c1ff     Framework:SimpleSprite.obj
 0007:00000200       __FF61FF39_mbstring@h      000000014004c200     Framework:SimpleSprite.obj
 0007:00000201       __84FBB88E_tchar@h         000000014004c201     Framework:SimpleSprite.obj
 0007:00000202       __941D13D0_ctype@h         000000014004c202     Framework:SimpleSprite.obj
 0007:00000203       __DF6784BA_basetsd@h       000000014004c203     Framework:SimpleSprite.obj
 0007:00000204       __73E5A5AE_guiddef@h       000000014004c204     Framework:SimpleSprite.obj
 0007:00000205       __20E88E2C_winnt@h         000000014004c205     Framework:SimpleSprite.obj
 0007:00000206       __B0708975_processthreadsapi@h 000000014004c206     Framework:SimpleSprite.obj
 0007:00000207       __14D8E0CB_memoryapi@h     000000014004c207     Framework:SimpleSprite.obj
 0007:00000208       __0A5E6AC9_winerror@h      000000014004c208     Framework:SimpleSprite.obj
 0007:00000209       __95229982_winbase@h       000000014004c209     Framework:SimpleSprite.obj
 0007:0000020a       __FDCAD2F5_winuser@h       000000014004c20a     Framework:SimpleSprite.obj
 0007:0000020b       __253F0A20_winioctl@h      000000014004c20b     Framework:SimpleSprite.obj
 0007:0000020c       __36B85FDF_stdlib@h        000000014004c20c     Framework:SimpleSprite.obj
 0007:0000020d       __CA946E7A_propidl@h       000000014004c20d     Framework:SimpleSprite.obj
 0007:0000020e       __4B69DDF6_oleauto@h       000000014004c20e     Framework:SimpleSprite.obj
 0007:0000020f       __7F05D861_stralign@h      000000014004c20f     Framework:SimpleSprite.obj
 0007:00000210       __B29016BD_freeglut_std@h  000000014004c210     Framework:SimpleSprite.obj
 0007:00000211       __FFE5D6BC_SimpleController@h 000000014004c211     Framework:SimpleSprite.obj
 0007:00000212       __0A074437_vcruntime_new@h 000000014004c212     Framework:SimpleSprite.obj
 0007:00000213       __E410F33D_corecrt_math@h  000000014004c213     Framework:SimpleSprite.obj
 0007:00000214       __86D65F0C_cstdlib         000000014004c214     Framework:SimpleSprite.obj
 0007:00000215       __FFC6471F_type_traits     000000014004c215     Framework:SimpleSprite.obj
 0007:00000216       __A2957829_malloc@h        000000014004c216     Framework:SimpleSprite.obj
 0007:00000217       __69245D52_vcruntime_exception@h 000000014004c217     Framework:SimpleSprite.obj
 0007:00000218       __536DB091_exception       000000014004c218     Framework:SimpleSprite.obj
 0007:00000219       __86E03ACD_xutility        000000014004c219     Framework:SimpleSprite.obj
 0007:0000021a       __CC282F90_tuple           000000014004c21a     Framework:SimpleSprite.obj
 0007:0000021b       __990BA27D_corecrt_wconio@h 000000014004c21b     Framework:SimpleSprite.obj
 0007:0000021c       __D837D19F_corecrt_wio@h   000000014004c21c     Framework:SimpleSprite.obj
 0007:0000021d       __FE12CC83_corecrt_wtime@h 000000014004c21d     Framework:SimpleSprite.obj
 0007:0000021e       __01EE68DC_stat@h          000000014004c21e     Framework:SimpleSprite.obj
 0007:0000021f       __B513A213_wchar@h         000000014004c21f     Framework:SimpleSprite.obj
 0007:00000220       __843B0F21_limits          000000014004c220     Framework:SimpleSprite.obj
 0007:00000221       __DB4EB944_xmemory         000000014004c221     Framework:SimpleSprite.obj
 0007:00000222       __6322CAD3_xtree           000000014004c222     Framework:SimpleSprite.obj
 0007:00000223       __AECE6B31_SimpleSprite@h  000000014004c223     Framework:SimpleSprite.obj
 0007:00000224       __6F52F687_SimpleSprite@cpp 000000014004c224     Framework:SimpleSprite.obj
 0007:00000225       __D1FF3835_map             000000014004c225     Framework:SimpleSprite.obj
 0007:00000226       __B1DBDA87_utility         000000014004c226     Framework:SimpleSprite.obj
 0007:00000227       __46C44D95_xstddef         000000014004c227     Framework:SimpleSprite.obj
 0007:00000231       __23AD7809_corecrt_stdio_config@h 000000014004c231     Framework:SimpleController.obj
 0007:00000232       __DD74D44A_corecrt_wstdio@h 000000014004c232     Framework:SimpleController.obj
 0007:00000233       __4B3541EE_stdio@h         000000014004c233     Framework:SimpleController.obj
 0007:00000234       __82CA083D_corecrt_memcpy_s@h 000000014004c234     Framework:SimpleController.obj
 0007:00000235       __F8BB3D43_corecrt_memory@h 000000014004c235     Framework:SimpleController.obj
 0007:00000236       __61E6ED1F_corecrt_wstring@h 000000014004c236     Framework:SimpleController.obj
 0007:00000237       __B0CBCB7B_string@h        000000014004c237     Framework:SimpleController.obj
 0007:00000238       __FF61FF39_mbstring@h      000000014004c238     Framework:SimpleController.obj
 0007:00000239       __84FBB88E_tchar@h         000000014004c239     Framework:SimpleController.obj
 0007:0000023a       __941D13D0_ctype@h         000000014004c23a     Framework:SimpleController.obj
 0007:0000023b       __DF6784BA_basetsd@h       000000014004c23b     Framework:SimpleController.obj
 0007:0000023c       __73E5A5AE_guiddef@h       000000014004c23c     Framework:SimpleController.obj
 0007:0000023d       __20E88E2C_winnt@h         000000014004c23d     Framework:SimpleController.obj
 0007:0000023e       __B0708975_processthreadsapi@h 000000014004c23e     Framework:SimpleController.obj
 0007:0000023f       __14D8E0CB_memoryapi@h     000000014004c23f     Framework:SimpleController.obj
 0007:00000240       __0A5E6AC9_winerror@h      000000014004c240     Framework:SimpleController.obj
 0007:00000241       __95229982_winbase@h       000000014004c241     Framework:SimpleController.obj
 0007:00000242       __FDCAD2F5_winuser@h       000000014004c242     Framework:SimpleController.obj
 0007:00000243       __253F0A20_winioctl@h      000000014004c243     Framework:SimpleController.obj
 0007:00000244       __36B85FDF_stdlib@h        000000014004c244     Framework:SimpleController.obj
 0007:00000245       __CA946E7A_propidl@h       000000014004c245     Framework:SimpleController.obj
 0007:00000246       __4B69DDF6_oleauto@h       000000014004c246     Framework:SimpleController.obj
 0007:00000247       __7F05D861_stralign@h      000000014004c247     Framework:SimpleController.obj
 0007:00000248       __FFE5D6BC_SimpleController@h 000000014004c248     Framework:SimpleController.obj
 0007:00000249       __B29016BD_freeglut_std@h  000000014004c249     Framework:SimpleController.obj
 0007:0000024a       __0A074437_vcruntime_new@h 000000014004c24a     Framework:SimpleController.obj
 0007:0000024b       __E410F33D_corecrt_math@h  000000014004c24b     Framework:SimpleController.obj
 0007:0000024c       __86D65F0C_cstdlib         000000014004c24c     Framework:SimpleController.obj
 0007:0000024d       __FFC6471F_type_traits     000000014004c24d     Framework:SimpleController.obj
 0007:0000024e       __A2957829_malloc@h        000000014004c24e     Framework:SimpleController.obj
 0007:0000024f       __69245D52_vcruntime_exception@h 000000014004c24f     Framework:SimpleController.obj
 0007:00000250       __536DB091_exception       000000014004c250     Framework:SimpleController.obj
 0007:00000251       __86E03ACD_xutility        000000014004c251     Framework:SimpleController.obj
 0007:00000252       __CC282F90_tuple           000000014004c252     Framework:SimpleController.obj
 0007:00000253       __990BA27D_corecrt_wconio@h 000000014004c253     Framework:SimpleController.obj
 0007:00000254       __D837D19F_corecrt_wio@h   000000014004c254     Framework:SimpleController.obj
 0007:00000255       __FE12CC83_corecrt_wtime@h 000000014004c255     Framework:SimpleController.obj
 0007:00000256       __01EE68DC_stat@h          000000014004c256     Framework:SimpleController.obj
 0007:00000257       __B513A213_wchar@h         000000014004c257     Framework:SimpleController.obj
 0007:00000258       __843B0F21_limits          000000014004c258     Framework:SimpleController.obj
 0007:00000259       __DB4EB944_xmemory         000000014004c259     Framework:SimpleController.obj
 0007:0000025a       __6322CAD3_xtree           000000014004c25a     Framework:SimpleController.obj
 0007:0000025b       __AECE6B31_SimpleSprite@h  000000014004c25b     Framework:SimpleController.obj
 0007:0000025c       __54AF8E9B_SimpleController@cpp 000000014004c25c     Framework:SimpleController.obj
 0007:00000265       __23AD7809_corecrt_stdio_config@h 000000014004c265     Framework:SimpleSound.obj
 0007:00000266       __DD74D44A_corecrt_wstdio@h 000000014004c266     Framework:SimpleSound.obj
 0007:00000267       __4B3541EE_stdio@h         000000014004c267     Framework:SimpleSound.obj
 0007:00000268       __82CA083D_corecrt_memcpy_s@h 000000014004c268     Framework:SimpleSound.obj
 0007:00000269       __F8BB3D43_corecrt_memory@h 000000014004c269     Framework:SimpleSound.obj
 0007:0000026a       __61E6ED1F_corecrt_wstring@h 000000014004c26a     Framework:SimpleSound.obj
 0007:0000026b       __B0CBCB7B_string@h        000000014004c26b     Framework:SimpleSound.obj
 0007:0000026c       __FF61FF39_mbstring@h      000000014004c26c     Framework:SimpleSound.obj
 0007:0000026d       __84FBB88E_tchar@h         000000014004c26d     Framework:SimpleSound.obj
 0007:0000026e       __941D13D0_ctype@h         000000014004c26e     Framework:SimpleSound.obj
 0007:0000026f       __DF6784BA_basetsd@h       000000014004c26f     Framework:SimpleSound.obj
 0007:00000270       __73E5A5AE_guiddef@h       000000014004c270     Framework:SimpleSound.obj
 0007:00000271       __20E88E2C_winnt@h         000000014004c271     Framework:SimpleSound.obj
 0007:00000272       __B0708975_processthreadsapi@h 000000014004c272     Framework:SimpleSound.obj
 0007:00000273       __14D8E0CB_memoryapi@h     000000014004c273     Framework:SimpleSound.obj
 0007:00000274       __0A5E6AC9_winerror@h      000000014004c274     Framework:SimpleSound.obj
 0007:00000275       __95229982_winbase@h       000000014004c275     Framework:SimpleSound.obj
 0007:00000276       __FDCAD2F5_winuser@h       000000014004c276     Framework:SimpleSound.obj
 0007:00000277       __253F0A20_winioctl@h      000000014004c277     Framework:SimpleSound.obj
 0007:00000278       __36B85FDF_stdlib@h        000000014004c278     Framework:SimpleSound.obj
 0007:00000279       __CA946E7A_propidl@h       000000014004c279     Framework:SimpleSound.obj
 0007:0000027a       __4B69DDF6_oleauto@h       000000014004c27a     Framework:SimpleSound.obj
 0007:0000027b       __7F05D861_stralign@h      000000014004c27b     Framework:SimpleSound.obj
 0007:0000027c       __0A074437_vcruntime_new@h 000000014004c27c     Framework:SimpleSound.obj
 0007:0000027d       __E410F33D_corecrt_math@h  000000014004c27d     Framework:SimpleSound.obj
 0007:0000027e       __86D65F0C_cstdlib         000000014004c27e     Framework:SimpleSound.obj
 0007:0000027f       __FFC6471F_type_traits     000000014004c27f     Framework:SimpleSound.obj
 0007:00000280       __A2957829_malloc@h        000000014004c280     Framework:SimpleSound.obj
 0007:00000281       __69245D52_vcruntime_exception@h 000000014004c281     Framework:SimpleSound.obj
 0007:00000282       __536DB091_exception       000000014004c282     Framework:SimpleSound.obj
 0007:00000283       __86E03ACD_xutility        000000014004c283     Framework:SimpleSound.obj
 0007:00000284       __CC282F90_tuple           000000014004c284     Framework:SimpleSound.obj
 0007:00000285       __990BA27D_corecrt_wconio@h 000000014004c285     Framework:SimpleSound.obj
 0007:00000286       __D837D19F_corecrt_wio@h   000000014004c286     Framework:SimpleSound.obj
 0007:00000287       __FE12CC83_corecrt_wtime@h 000000014004c287     Framework:SimpleSound.obj
 0007:00000288       __01EE68DC_stat@h          000000014004c288     Framework:SimpleSound.obj
 0007:00000289       __B513A213_wchar@h         000000014004c289     Framework:SimpleSound.obj
 0007:0000028a       __843B0F21_limits          000000014004c28a     Framework:SimpleSound.obj
 0007:0000028b       __DB4EB944_xmemory         000000014004c28b     Framework:SimpleSound.obj
 0007:0000028c       __6322CAD3_xtree           000000014004c28c     Framework:SimpleSound.obj
 0007:0000028d       __5262FE7C_SimpleSound@h   000000014004c28d     Framework:SimpleSound.obj
 0007:0000028e       __AAE05CA8_SimpleSound@cpp 000000014004c28e     Framework:SimpleSound.obj
 0007:0000028f       __D1FF3835_map             000000014004c28f     Framework:SimpleSound.obj
 0007:00000290       __B1DBDA87_utility         000000014004c290     Framework:SimpleSound.obj
 0007:00000291       __46C44D95_xstddef         000000014004c291     Framework:SimpleSound.obj
 0007:0000029b       __23AD7809_corecrt_stdio_config@h 000000014004c29b     Framework:TextureLoader.obj
 0007:0000029c       __DD74D44A_corecrt_wstdio@h 000000014004c29c     Framework:TextureLoader.obj
 0007:0000029d       __4B3541EE_stdio@h         000000014004c29d     Framework:TextureLoader.obj
 0007:0000029e       __82CA083D_corecrt_memcpy_s@h 000000014004c29e     Framework:TextureLoader.obj
 0007:0000029f       __F8BB3D43_corecrt_memory@h 000000014004c29f     Framework:TextureLoader.obj
 0007:000002a0       __61E6ED1F_corecrt_wstring@h 000000014004c2a0     Framework:TextureLoader.obj
 0007:000002a1       __B0CBCB7B_string@h        000000014004c2a1     Framework:TextureLoader.obj
 0007:000002a2       __FF61FF39_mbstring@h      000000014004c2a2     Framework:TextureLoader.obj
 0007:000002a3       __84FBB88E_tchar@h         000000014004c2a3     Framework:TextureLoader.obj
 0007:000002a4       __36B85FDF_stdlib@h        000000014004c2a4     Framework:TextureLoader.obj
 0007:000002a5       __5004E2E3_TextureLoader@cpp 000000014004c2a5     Framework:TextureLoader.obj
 000a:00000170       $R000000                   000000014004f170     * linker generated manifest res *
